=== STAGE 1: enumerate (skipped) ===
=== STAGE 2: scrape ===
[queue] due venues per zone: Colonia Juárez/Cuauhtémoc=17, San Miguel Chapultepec=12, Roma/Condesa=11, Polanco=5, San Rafael/Santa María la Ribera=10
[colonia-ju-rez-cuauht-moc] session 1: 8 TODO venues -> deep-mexico-city-colonia-ju-rez-cuauht-moc-1788557333.log
[colonia-ju-rez-cuauht-moc]   ['ago-projects', 'ethra', 'fundacion-alumnos47', 'galeria-arvil', 'galeria-hydra', 'galeria-karen-huber', 'galeria-mascota', 'galeria-metropolitana-uam']
[san-miguel-chapultepec] session 1: 8 TODO venues -> deep-mexico-city-san-miguel-chapultepec-1788557353.log
[san-miguel-chapultepec]   ['casa-del-lago-unam', 'galeria-de-arte-mexicano-gam', 'galeria-enrique-guerrero', 'galeria-rgr', 'kurimanzutto', 'labor', 'lagoalgo', 'le-laboratoire']
[roma-condesa] session 1: 8 TODO venues -> deep-mexico-city-roma-condesa-1788557375.log
[roma-condesa]   ['aguafuerte-galeria', 'atea', 'campeche', 'casa-lamm', 'general-expenses', 'house-of-gaga', 'liga-espacio-para-arquitectura', 'masa-galeria']
[colonia-ju-rez-cuauht-moc] session 1 done: +6 saved, +3 skipped (exit 0)
[san-rafael-santa-mar-a-la-ribera] session 1: 8 TODO venues -> deep-mexico-city-san-rafael-santa-mar-a-la-ribera-1788557711.log
[san-rafael-santa-mar-a-la-ribera]   ['aeromoto', 'casa-de-el-hijo-del-ahuizote', 'casa-gallina', 'fundacion-casa-wabi-sabino', 'galeria-del-ifal', 'galeria-jose-maria-velasco', 'guadalajara-90210', 'josegarcia-mx']
[roma-condesa] session 1 done: +5 saved, +3 skipped (exit 0)
[polanco] session 1: 5 TODO venues -> deep-mexico-city-polanco-1788557751.log
[polanco]   ['biquini-wax-eps', 'galeria-lopez-quiroga', 'galeria-oscar-roman', 'ls-galeria', 'proyectos-monclova']
[san-miguel-chapultepec] session 1 done: +11 saved, +2 skipped (exit 0)
[colonia-ju-rez-cuauht-moc] session 2: 8 TODO venues -> deep-mexico-city-colonia-ju-rez-cuauht-moc-1788557828.log
[colonia-ju-rez-cuauht-moc]   ['galeria-nordenhake', 'jo-hs', 'la-cometa-mexico', 'llano', 'lodos', 'mariane-ibrahim', 'pequod-co', 'praxis-mexico']
[san-rafael-santa-mar-a-la-ribera] session 1 done: +2 saved, +7 skipped (exit 0)
[san-miguel-chapultepec] session 2: 4 TODO venues -> deep-mexico-city-san-miguel-chapultepec-1788557958.log
[san-miguel-chapultepec]   ['masa', 'patricia-conde-galeria', 'saenger-galeria', 'soma']
[polanco] session 1 done: +3 saved, +3 skipped (exit 0)
[roma-condesa] session 2: 3 TODO venues -> deep-mexico-city-roma-condesa-1788558011.log
[roma-condesa]   ['peana', 'salon-silicon', 'terreno-baldio-arte']
[colonia-ju-rez-cuauht-moc] session 2 done: +4 saved, +4 skipped (exit 0)
[san-rafael-santa-mar-a-la-ribera] session 2: 2 TODO venues -> deep-mexico-city-san-rafael-santa-mar-a-la-ribera-1788558153.log
[san-rafael-santa-mar-a-la-ribera]   ['proyector', 'relaciones-publicas']
[roma-condesa] session 2 done: +4 saved, +0 skipped (exit 0)
[polanco] TODO empty after 1 session(s)
[polanco] zone done: todo_empty after 1 session(s)
[colonia-ju-rez-cuauht-moc] session 3: 1 TODO venues -> deep-mexico-city-colonia-ju-rez-cuauht-moc-1788558220.log
[colonia-ju-rez-cuauht-moc]   ['travesia-cuatro']
[san-miguel-chapultepec] session 2 done: +4 saved, +1 skipped (exit 0)
[san-miguel-chapultepec] TODO empty after 2 session(s)
[san-miguel-chapultepec] zone done: todo_empty after 2 session(s)
[roma-condesa] TODO empty after 2 session(s)
[roma-condesa] zone done: todo_empty after 2 session(s)
[san-rafael-santa-mar-a-la-ribera] session 2 done: +0 saved, +2 skipped (exit 0)
[san-rafael-santa-mar-a-la-ribera] TODO empty after 2 session(s)
[san-rafael-santa-mar-a-la-ribera] zone done: todo_empty after 2 session(s)
[colonia-ju-rez-cuauht-moc] session 3 done: +1 saved, +0 skipped (exit 0)
[colonia-ju-rez-cuauht-moc] TODO empty after 3 session(s)
[colonia-ju-rez-cuauht-moc] zone done: todo_empty after 3 session(s)
=== STAGE 3: verify (pending pool) ===
=== cross-check pass ===
  mexico-city/ago-junta-de-verano: ok
  mexico-city/ethra-el-tropico-de-jersey: ok
  mexico-city/karen-huber-aguacero: ok
  mexico-city/karen-huber-ve-a-pintar: ok
  mexico-city/mascota-el-motion: ok
  mexico-city/hydra-territorios-inasibles: ok
  mexico-city/aguafuerte-la-calle-tambien-se-enmarca: ok
  mexico-city/campeche-salvador-xharicata: ok
  mexico-city/general-expenses-ni-mudo-ni-vacio: ok
  mexico-city/gaga-gurrola-mcdonald: COORDS_OFF_OSM_617m
  mexico-city/masa-ex-soup: ok
  mexico-city/germino-gemimos-germinamos: COORDS_UNRESOLVED
  mexico-city/toledo-hendrix: ok
  mexico-city/bruma-lactea: ok
  mexico-city/yo-solia-ser-uno-de-ellos: ok
  mexico-city/abstract-stone: ok
  mexico-city/john-giorno-life-is-a-killer: ok
  mexico-city/apnea: ok
  mexico-city/gestos-domesticos: ok
  mexico-city/nexus: ok
  mexico-city/hacer-lugar: COORDS_UNRESOLVED
  mexico-city/una-obsesion-por-las-flores: COORDS_UNRESOLVED
  mexico-city/tepito-en-la-cancha: ok
  mexico-city/dinastia-duende-50-anos: ok
  mexico-city/oscar-roman-von-gunten: ok
  mexico-city/monclova-felguerez-evocaciones: COORDS_OFF_OSM_642m
  mexico-city/monclova-garcia-cruz-interrupted: COORDS_OFF_OSM_642m
  mexico-city/nordenhake-no-es-un-poema: ok
  mexico-city/lodos-isaac-de-reza-leaner-mind: ok
  mexico-city/mariane-ibrahim-jose-gamarra: ok
  mexico-city/pequod-fatima-rodrigo: ok
  mexico-city/pcg-hipervinculos-cartagena: ok
  mexico-city/saenger-quiet-emergence: ok
  mexico-city/saenger-soplar-camacho: ok
  mexico-city/peana-no-tenemos-caballos: ok
  mexico-city/peana-musica-genetica: ok
  mexico-city/salon-silicon-flora-intestinal: ok
  mexico-city/salon-silicon-pablo-bondi: ok
  mexico-city/tb-encontrar-se: ok
  mexico-city/travesia-cuatro-molinos-gordo: ok

wrote /mnt/c/Projects/260903_GalleryBrowser/GalleryBrowser/content/spend/crosscheck.json (40 shows, 31 venue lookups); flags: {'COORDS_OFF_OSM_617m': 1, 'COORDS_UNRESOLVED': 3, 'COORDS_OFF_OSM_642m': 2}
=== agent verification pass ===
[verify mexico-city/Colonia Juárez/Cuauhtémoc] 11 shows
[verify mexico-city/San Miguel Chapultepec] 15 shows
[verify mexico-city/Roma/Condesa] 9 shows
[verify mexico-city/Polanco] 3 shows
  [mexico-city #0] server:web_fetch {"url": "https://ago-projects.com/exhibition/junta-de-verano/"}
  [mexico-city #0] server:web_fetch {"url": "https://galeriaethra.com/exposicion/el-tropico-de-jersey/"}
  [mexico-city #0] server:web_fetch {"url": "https://www.karen-huber.com/exhibitions/andrew-holmquist-aguacero"}
  [mexico-city #0] server:web_fetch {"url": "https://www.karen-huber.com/exhibitions/cecilia-granara-ve-a-pintar"}
  [mexico-city #0] server:web_fetch {"url": "https://galeriamascota.com/exhibitions/el-motion"}
  [mexico-city #0] server:web_fetch {"url": "https://hydra.lat/pages/territorios-inasibles"}
  [mexico-city #0] server:web_fetch {"url": "https://nordenhake.com/exhibitions/2026/lagartijas-tiradas-al-sol"}
  [mexico-city #0] server:web_fetch {"url": "https://lodosgallery.info/exhibition/isaac-de-reza-leaner-mind/"}
  [mexico-city #0] server:web_fetch {"url": "https://marianeibrahim.com/exhibitions/124-jose-gamarra-selva-color-del-tiempo/overview/"}
  [mexico-city #0] server:web_fetch {"url": "https://www.pequodco.com/exposiciones-ingles/cuantas-versiones-mas-de-mi-tienen-que-morir"}
  [mexico-city #0] server:web_fetch {"url": "https://travesiacuatro.com/eng/exhibitions/current/"}
  [mexico-city #0] server:web_fetch {"url": "https://ago-projects.com/exhibition/junta-de-verano/"}
  [mexico-city #0] server:web_search {"query": "AGO Projects Junta de Verano Pedro Juana"}
  [mexico-city #0] server:web_search {"query": "Galer\u00eda Ethra El Tr\u00f3pico de Jersey Emi Winter"}
  [mexico-city #0] server:web_fetch {"url": "https://ago-projects.com/exhibitions/"}
  [mexico-city #0] server:web_fetch {"url": "https://galeriaethra.com/exposiciones/"}
  [mexico-city #0] server:web_fetch {"url": "https://galeriaethra.com/"}
  [mexico-city #0] server:web_fetch {"url": "https://galeriaethra.com/exposiciones/"}
  [mexico-city #0] server:web_fetch {"url": "https://galeriaethra.com/exposicion/el-tropico-de-jersey/"}
  [mexico-city #0] El Trópico de Jersey is listed first on the Exposiciones page, confirming it's the current show. Let me fetch the exhibition detail page now that it appeared as a link in the fetched page.
  [mexico-city #0] server:web_fetch {"url": "https://galeriaethra.com/exposicion/el-tropico-de-jersey/"}
  [mexico-city #0] server:web_search {"query": "\"El Tr\u00f3pico de Jersey\" Emi Winter Ethra artsy"}
  [mexico-city #0] server:web_fetch {"url": "https://ago-projects.com/exhibitions/"}
  [mexico-city #0] server:web_search {"query": "AGO Projects \"Junta de Verano\" Pedro Juana 2026"}
  [mexico-city #0] tool:render_fetch {"url": "https://ago-projects.com/exhibitions/"}
  [mexico-city #0] tool:render_fetch {"url": "https://ago-projects.com/exhibition/junta-de-verano/"}
[verify mexico-city/San Rafael/Santa María la Ribera] 2 shows
  [mexico-city #0] server:code_execution {"code": "\nurls = [\n    \"https://mmaassaa.com/exhibitions/ex-soup-summer-show/\",\n    \"https://casadellago.unam.mx/nuevo/evento/germino
  [mexico-city #0] server:web_fetch {"url": "https://mmaassaa.com/exhibitions/ex-soup-summer-show/"}
  [mexico-city #0] server:web_fetch {"url": "https://casadellago.unam.mx/nuevo/evento/germino-gemimos-germinamos"}
  [mexico-city #0] server:web_fetch {"url": "https://www.galeriadeartemexicano.com/"}
  [mexico-city #0] server:web_fetch {"url": "https://www.rgrart.com/exhibitions/abstract-stone"}
  [mexico-city #0] server:web_fetch {"url": "https://www.kurimanzutto.com/exhibitions/john-giorno-life-is-a-killer"}
  [mexico-city #0] server:web_fetch {"url": "https://labor.org.mx/exhibitions/apnea"}
  [mexico-city #0] server:web_fetch {"url": "https://lelaboratoire.mx/wp/exposiciones"}
  [mexico-city #0] server:web_fetch {"url": "https://www.lago-algo.mx/exposiciones/hacer-lugar"}
  [mexico-city #0] server:web_fetch {"url": "https://www.lago-algo.mx/exposiciones/una-obsesion-por-las-flores"}
  [mexico-city #0] server:web_fetch {"url": "https://pcg.photo/es/home"}
  [mexico-city #0] server:web_fetch {"url": "https://saengergaleria.com/exhibitions/100-quiet-emergence-by-mio-yamato-at-main-room/"}
  [mexico-city #0] server:web_fetch {"url": "https://saengergaleria.com/exhibitions/101-soplar-una-nube-de-polvo-en-la-cara/"}
  [mexico-city #0] server:web_fetch {"url": "https://www.galeriaenriqueguerrero.com/"}
  [mexico-city #0] server:code_execution {"code": "\nimport json\nurls = [\n    \"https://mmaassaa.com/exhibitions/ex-soup-summer-show/\",\n    \"https://casadellago.unam.mx/nuevo/e
  [mexico-city #0] server:web_fetch {"url": "https://mmaassaa.com/exhibitions/ex-soup-summer-show/"}
  [mexico-city #0] server:web_fetch {"url": "https://casadellago.unam.mx/nuevo/evento/germino-gemimos-germinamos"}
  [mexico-city #0] server:web_fetch {"url": "https://www.galeriadeartemexicano.com/"}
  [mexico-city #0] server:web_fetch {"url": "https://www.rgrart.com/exhibitions/abstract-stone"}
  [mexico-city #0] server:web_fetch {"url": "https://www.kurimanzutto.com/exhibitions/john-giorno-life-is-a-killer"}
  [mexico-city #0] server:web_fetch {"url": "https://labor.org.mx/exhibitions/apnea"}
  [mexico-city #0] server:web_fetch {"url": "https://lelaboratoire.mx/wp/exposiciones"}
  [mexico-city #0] server:web_fetch {"url": "https://www.lago-algo.mx/exposiciones/hacer-lugar"}
  [mexico-city #0] server:web_fetch {"url": "https://www.lago-algo.mx/exposiciones/una-obsesion-por-las-flores"}
  [mexico-city #0] server:web_fetch {"url": "https://pcg.photo/es/home"}
  [mexico-city #0] server:web_fetch {"url": "https://saengergaleria.com/exhibitions/100-quiet-emergence-by-mio-yamato-at-main-room/"}
  [mexico-city #0] server:web_fetch {"url": "https://saengergaleria.com/exhibitions/101-soplar-una-nube-de-polvo-en-la-cara/"}
  [mexico-city #0] server:web_fetch {"url": "https://www.galeriaenriqueguerrero.com/"}
  [mexico-city #0] tool:render_fetch {"url": "https://mmaassaa.com/exhibitions/ex-soup-summer-show/"}
  [mexico-city #0] tool:render_fetch {"url": "https://casadellago.unam.mx/nuevo/evento/germino-gemimos-germinamos"}
  [mexico-city #0] tool:render_fetch {"url": "https://www.galeriadeartemexicano.com/"}
  [mexico-city #0] tool:render_fetch {"url": "https://www.rgrart.com/exhibitions/abstract-stone"}
  [mexico-city #0] tool:render_fetch {"url": "https://www.kurimanzutto.com/exhibitions/john-giorno-life-is-a-killer"}
  [mexico-city #0] tool:render_fetch {"url": "https://labor.org.mx/exhibitions/apnea"}
  [mexico-city #0] tool:render_fetch {"url": "https://lelaboratoire.mx/wp/exposiciones"}
  [mexico-city #0] server:web_fetch {"url": "https://www.galeriaoscarroman.mx"}
  [mexico-city #0] server:web_fetch {"url": "https://www.proyectosmonclova.com/exhibitions-gallery/evocaciones-escultoricas---manuel-felguerez"}
  [mexico-city #0] server:web_fetch {"url": "https://www.proyectosmonclova.com/exhibitions-gallery/imagenes-interrumpidas"}
  [mexico-city #0] server:web_search {"query": "Roger von Gunten Estados de Inocencia Galer\u00eda Oscar Rom\u00e1n"}
  [mexico-city #0] server:web_search {"query": "Proyectos Monclova Felgu\u00e9rez Evocaciones Escult\u00f3ricas"}
  [mexico-city #0] server:web_search {"query": "Proyectos Monclova Garc\u00eda Cruz Im\u00e1genes Interrumpidas"}
  [mexico-city #0] server:web_fetch {"url": "https://www.galeriaoscarroman.mx/"}
  [mexico-city #0] server:web_search {"query": "\"Roger von Gunten\" \"Estados de Inocencia\" Oscar Roman artsy OR fecha"}
  [mexico-city #0] server:web_search {"query": "\"Estados de Inocencia\" \"Oscar Roman\" artsy.net exhibition"}
  [mexico-city #0] tool:render_fetch {"url": "https://www.galeriaoscarroman.mx/about-1"}
  [mexico-city #1] server:web_fetch {"url": "https://ago-projects.com/exhibitions/"}
  [mexico-city #1] server:web_fetch {"url": "https://ago-projects.com/"}
  [mexico-city #1] server:web_search {"query": "ago-projects.com exhibitions"}
  [mexico-city #0] server:web_fetch {"url": "https://inba.gob.mx/actividad/17809/tepito-en-la-cancha"}
  [mexico-city #0] server:web_fetch {"url": "https://inba.gob.mx/actividad/17808/encontrando-el-oro-al-final-del-arcoiris-dinastia-duende-50-anos"}
  [mexico-city #0] server:web_fetch {"url": "https://inba.gob.mx/actividad/17809/tepito-en-la-cancha"}
  [mexico-city #0] server:web_fetch {"url": "https://inba.gob.mx/actividad/17808/encontrando-el-oro-al-final-del-arcoiris-dinastia-duende-50-anos"}
  [mexico-city #0] tool:render_fetch {"url": "https://inba.gob.mx/actividad/17809/tepito-en-la-cancha"}
  [mexico-city #0] tool:render_fetch {"url": "https://inba.gob.mx/actividad/17808/encontrando-el-oro-al-final-del-arcoiris-dinastia-duende-50-anos"}
  [mexico-city #1] server:web_fetch {"url": "https://ago-projects.com/exhibitions/"}
  [mexico-city #1] server:web_search {"query": "\"Junta de Verano\" \"Pedro\" AGO Projects Reforma 2026"}
  [mexico-city #1] tool:confirm_show {"city": "mexico-city", "slug": "ago-junta-de-verano", "status": "verified", "reason": "Venue's own exhibitions page confirms \"Junta de Ver
  [mexico-city #1] tool:confirm_show {"city": "mexico-city", "slug": "ethra-el-tropico-de-jersey", "status": "verified", "reason": "Venue's exhibitions page lists it first (curr
  [mexico-city #0] server:web_fetch {"url": "https://www.aguafuertegaleria.com/exposiciones"}
  [mexico-city #0] server:web_fetch {"url": "https://galeriacampeche.com/viewing-room/34-salvador-xharicata-mi-bosque-es-el-tianguis-estos/"}
  [mexico-city #0] server:web_fetch {"url": "https://generalexpensesart.com/exhibitions"}
  [mexico-city #0] server:web_fetch {"url": "https://houseofgaga.com/juan-jose-gurrola-danny-mcdonald-dibujos-en-papel-%E2%94%82-esculturas/"}
  [mexico-city #0] server:web_fetch {"url": "https://peana.co/exhibitions/72-no-tenemos-caballos-para-cruzar-este-caudal-mariana-paniagua-cortes/overview/"}
  [mexico-city #0] server:web_fetch {"url": "https://peana.co/exhibitions/76-musica-genetica-alan-sierra/overview/"}
  [mexico-city #0] server:web_fetch {"url": "https://salonsilicon.com/marina-daiez/"}
  [mexico-city #0] server:web_fetch {"url": "https://salonsilicon.com/que-te-ruegue-quien-te-quiera-pablo-bondi/"}
  [mexico-city #0] server:web_fetch {"url": "https://terrenobaldio.com/noticia/encontrar-se/"}
  [mexico-city #0] server:web_fetch {"url": "https://www.aguafuertegaleria.com/exposiciones"}
  [mexico-city #0] server:web_search {"query": "Aguafuerte Galer\u00eda exposiciones"}
  [mexico-city #0] server:web_fetch {"url": "https://www.aguafuertegaleria.com/exposiciones?lang=en"}
  [mexico-city #0] server:web_fetch {"url": "https://www.aguafuertegaleria.com/_files/ugd/de53d9_ccd39073e7714d299e3547f34a070652.pdf"}
  [mexico-city #0] server:web_search {"query": "\"La calle tambi\u00e9n se enmarca\" Aguafuerte Galer\u00eda"}
  [mexico-city #0] server:web_fetch {"url": "https://galeriacampeche.com/viewing-room/34-salvador-xharicata-mi-bosque-es-el-tianguis-estos/"}
  [mexico-city #0] server:web_fetch {"url": "https://generalexpensesart.com/exhibitions"}
  [mexico-city #0] server:web_fetch {"url": "https://houseofgaga.com/juan-jose-gurrola-danny-mcdonald-dibujos-en-papel-%E2%94%82-esculturas/"}
  [mexico-city #0] server:web_fetch {"url": "https://peana.co/exhibitions/72-no-tenemos-caballos-para-cruzar-este-caudal-mariana-paniagua-cortes/overview/"}
  [mexico-city #0] server:web_fetch {"url": "https://peana.co/exhibitions/76-musica-genetica-alan-sierra/overview/"}
  [mexico-city #0] server:web_fetch {"url": "https://salonsilicon.com/marina-daiez/"}
  [mexico-city #0] server:web_fetch {"url": "https://salonsilicon.com/que-te-ruegue-quien-te-quiera-pablo-bondi/"}
  [mexico-city #0] server:web_fetch {"url": "https://terrenobaldio.com/noticia/encontrar-se/"}
  [mexico-city #0] tool:render_fetch {"url": "https://galeriacampeche.com/viewing-room/34-salvador-xharicata-mi-bosque-es-el-tianguis-estos/"}
  [mexico-city #0] tool:render_fetch {"url": "https://generalexpensesart.com/exhibitions"}
  [mexico-city #0] tool:render_fetch {"url": "https://houseofgaga.com/juan-jose-gurrola-danny-mcdonald-dibujos-en-papel-%E2%94%82-esculturas/"}
  [mexico-city #0] tool:render_fetch {"url": "https://peana.co/exhibitions/72-no-tenemos-caballos-para-cruzar-este-caudal-mariana-paniagua-cortes/overview/"}
  [mexico-city #0] tool:render_fetch {"url": "https://peana.co/exhibitions/76-musica-genetica-alan-sierra/overview/"}
  [mexico-city #0] tool:render_fetch {"url": "https://salonsilicon.com/marina-daiez/"}
  [mexico-city #0] tool:render_fetch {"url": "https://salonsilicon.com/que-te-ruegue-quien-te-quiera-pablo-bondi/"}
  [mexico-city #0] tool:render_fetch {"url": "https://terrenobaldio.com/noticia/encontrar-se/"}
  [mexico-city #1] tool:confirm_show {"city": "mexico-city", "slug": "oscar-roman-von-gunten", "status": "verified", "reason": "Venue's own homepage still features \"Roger von G
  [mexico-city #1] tool:confirm_show {"city": "mexico-city", "slug": "monclova-felguerez-evocaciones", "status": "verified", "reason": "Confirmed on Proyectos Monclova's own hom
  [mexico-city #1] tool:confirm_show {"city": "mexico-city", "slug": "monclova-garcia-cruz-interrupted", "status": "verified", "reason": "Confirmed on Proyectos Monclova's own h
  [mexico-city #2] All 3 Mexico City shows audited: **3 verified / 0 corrected / 0 unverified**.

- **oscar-roman-von-gunten**: verified — venue homepage still shows it as the current exhibition, but no dates are publis
[verify mexico-city/Polanco] done $0.24
  [mexico-city #1] server:web_search {"query": "Tepito en la cancha inba.gob.mx Galer\u00eda Jos\u00e9 Mar\u00eda Velasco"}
  [mexico-city #1] server:web_search {"query": "Dinast\u00eda Duende 50 a\u00f1os inba.gob.mx Galer\u00eda Jos\u00e9 Mar\u00eda Velasco"}
  [mexico-city #1] server:web_search {"query": "\"17808\" inba.gob.mx encontrando el oro al final del arcoiris dinastia duende"}
  [mexico-city #1] tool:confirm_show {"city": "mexico-city", "slug": "tepito-en-la-cancha", "status": "verified", "reason": null, "corrections": null}
  [mexico-city #1] tool:confirm_show {"city": "mexico-city", "slug": "dinastia-duende-50-anos", "status": "verified", "reason": null, "corrections": null}
  [mexico-city #2] Audit complete for Mexico City (2 shows):

- **verified: 2** — Tepito en la cancha (dates 2026-06-04→2026-09-20 confirmed on inba.gob.mx venue page, plus gob.mx and El Universal press coverage) and En
[verify mexico-city/San Rafael/Santa María la Ribera] done $0.18
  [mexico-city #2] server:web_search {"query": "karen-huber.com exhibitions Andrew Holmquist Aguacero"}
  [mexico-city #2] server:web_search {"query": "karen-huber.com exhibitions Cecilia Granara Ve a pintar"}
  [mexico-city #2] server:web_fetch {"url": "https://www.karen-huber.com/exhibitions"}
  [mexico-city #2] server:web_search {"query": "\"karen-huber.com/exhibitions/andrew-holmquist-aguacero\""}
  [mexico-city #2] server:web_search {"query": "\"karen-huber.com/exhibitions/cecilia-granara-ve-a-pintar\""}
  [mexico-city #2] server:web_fetch {"url": "https://www.karen-huber.com/exhibitions/andrew-holmquist-aguacero"}
  [mexico-city #2] server:web_fetch {"url": "https://www.karen-huber.com/exhibitions/cecilia-granara-ve-a-pintar"}
  [mexico-city #2] server:web_fetch {"url": "https://www.karen-huber.com/index"}
  [mexico-city #2] Confirmed on the homepage: both shows are listed under "On view" with SEPTEMBER 3 - OCTOBER 24, 2026 dates, exactly matching saved records. Now let's fetch the individual exhibition pages that appeare
  [mexico-city #2] server:web_fetch {"url": "https://www.karen-huber.com/exhibitions/andrew-holmquist-aguacero"}
  [mexico-city #2] server:web_fetch {"url": "https://www.karen-huber.com/exhibitions/cecilia-granara-ve-a-pintar"}
  [mexico-city #2] Both Karen Huber shows confirmed with exact dates (Sept 3 – Oct 24, 2026). Both have GAMA Week 2026 second-source corroboration (mesh.art guide), and Granara's own CV confirms it. Let's mark them veri
  [mexico-city #2] tool:confirm_show {"city": "mexico-city", "slug": "karen-huber-aguacero", "status": "verified", "reason": "Venue's own site (homepage \"On view\" and dedicate
  [mexico-city #2] tool:confirm_show {"city": "mexico-city", "slug": "karen-huber-ve-a-pintar", "status": "verified", "reason": "Venue's own site (homepage \"On view\" and dedic
  [mexico-city #3] Now let's check Mascota, Hydra, Nordenhake.
  [mexico-city #3] server:web_fetch {"url": "https://galeriamascota.com/exhibitions/el-motion"}
  [mexico-city #3] server:web_fetch {"url": "https://hydra.lat/pages/territorios-inasibles"}
  [mexico-city #3] server:web_fetch {"url": "https://nordenhake.com/exhibitions/2026/lagartijas-tiradas-al-sol"}
  [mexico-city #3] server:web_search {"query": "galeriamascota.com \"el motion\" exhibitions"}
  [mexico-city #3] server:web_search {"query": "hydra.lat territorios inasibles exposicion"}
  [mexico-city #3] server:web_search {"query": "nordenhake.com lagartijas tiradas al sol exhibitions 2026"}
  [mexico-city #3] server:web_fetch {"url": "https://nordenhake.com/"}
  [mexico-city #3] server:web_fetch {"url": "https://hydra.lat/pages/exposiciones"}
  [mexico-city #3] server:web_fetch {"url": "https://www.galeriamascota.com/exhibitions"}
  [mexico-city #3] server:web_fetch {"url": "https://hydra.lat/pages/territorios-inasibles"}
  [mexico-city #3] server:web_search {"query": "\"Territorios Inasibles\" Hydra Fotografia artsy"}
  [mexico-city #3] tool:confirm_show {"city": "mexico-city", "slug": "mascota-el-motion", "status": "verified", "reason": "Venue's own exhibitions page lists \"el motion\" Augus
  [mexico-city #3] tool:confirm_show {"city": "mexico-city", "slug": "nordenhake-no-es-un-poema", "status": "verified", "reason": "Venue's own site (homepage and exhibitions arc
  [mexico-city #3] tool:confirm_show {"city": "mexico-city", "slug": "hydra-territorios-inasibles", "status": "verified", "reason": "Venue's site menu still labels \"Territorios
  [mexico-city #4] Now let's check the remaining four shows: Lodos, Mariane Ibrahim, Pequod Co., and Travesía Cuatro.
  [mexico-city #4] server:web_search {"query": "lodosgallery.info Isaac De Reza \"Leaner Mind\""}
  [mexico-city #4] server:web_search {"query": "marianeibrahim.com Jose Gamarra \"Selva color del tiempo\""}
  [mexico-city #4] server:web_search {"query": "pequodco.com Fatima Rodrigo \"cuantas versiones mas de mi\""}
  [mexico-city #4] server:web_search {"query": "travesiacuatro.com Asuncion Molinos Gordo CDMX 2026"}
  [mexico-city #4] server:web_fetch {"url": "https://lodosgallery.info/exhibition/isaac-de-reza-leaner-mind/"}
  [mexico-city #4] server:web_fetch {"url": "https://www.pequodco.com/exposiciones-ingles/cuantas-versiones-mas-de-mi-tienen-que-morir"}
  [mexico-city #4] server:web_fetch {"url": "https://travesiacuatro.com/eng/"}
  [mexico-city #4] server:web_search {"query": "\"travesiacuatro.com/eng/exhibitions/current\""}
  [mexico-city #4] server:web_search {"query": "lodosgallery.info \"Leaner Mind\" Isaac De Reza September 2026"}
  [mexico-city #4] server:web_fetch {"url": "https://lodosgallery.info/exhibition/"}
  [mexico-city #4] Confirmed: Lodos "Currently on view" lists "Isaac De Reza *Leaner Mind* Opening September 3, 2026. Colonia Juárez, Mexico City" — matching saved data exactly, still no closing date. This aligns with t
  [mexico-city #4] tool:confirm_show {"city": "mexico-city", "slug": "lodos-isaac-de-reza-leaner-mind", "status": "verified", "reason": "Venue's exhibitions page lists it under 
  [mexico-city #4] tool:confirm_show {"city": "mexico-city", "slug": "mariane-ibrahim-jose-gamarra", "status": "verified", "reason": "Venue's own homepage confirms \"Jos\u00e9 G
  [mexico-city #5] Now let's check Pequod Co. and Travesía Cuatro directly.
  [mexico-city #5] server:web_fetch {"url": "https://www.pequodco.com/exhibitions"}
  [mexico-city #5] server:web_fetch {"url": "https://travesiacuatro.com/eng/exhibitions/current/"}
  [mexico-city #5] server:web_search {"query": "Traves\u00eda Cuatro CDMX \"Asunci\u00f3n Molinos Gordo\" September 2026 exhibition opening"}
  [mexico-city #5] tool:confirm_show {"city": "mexico-city", "slug": "pequod-fatima-rodrigo", "status": "verified", "reason": "Venue's own exhibitions page lists F\u00e1tima Rod
  [mexico-city #5] tool:confirm_show {"city": "mexico-city", "slug": "travesia-cuatro-molinos-gordo", "status": "verified", "reason": "Independently confirmed via GAMA Week 2026
  [mexico-city #6] All 11 saved Mexico City shows have been audited.

**Summary: 11 verified / 0 corrected / 0 unverified**
[verify mexico-city/Colonia Juárez/Cuauhtémoc] done $2.09
  [mexico-city #1] server:web_search {"query": "galeriacampeche.com Salvador Xharicata \"Mi bosque es el tianguis\""}
  [mexico-city #1] server:web_search {"query": "generalexpensesart.com exhibitions Ulrik L\u00f3pez Medel"}
  [mexico-city #1] server:web_search {"query": "houseofgaga.com Gurrola McDonald Dibujos en papel Esculturas"}
  [mexico-city #1] server:web_search {"query": "peana.co no tenemos caballos para cruzar este caudal Mariana Paniagua"}
  [mexico-city #1] server:web_search {"query": "peana.co Musica genetica Alan Sierra"}
  [mexico-city #1] server:web_search {"query": "salonsilicon.com Marina Daiez Flora Intestinal"}
  [mexico-city #1] server:web_search {"query": "salonsilicon.com Pablo Bondi \"Que te ruegue quien te quiera\""}
  [mexico-city #1] server:web_search {"query": "terrenobaldio.com Encontrar se ORLAN"}
  [mexico-city #1] server:web_search {"query": "galeriacampeche.com viewing-room 34 salvador xharicata"}
  [mexico-city #1] server:web_search {"query": "\"generalexpensesart.com/Ni-mudo-ni-vacio\""}
  [mexico-city #1] server:web_fetch {"url": "https://galeriacampeche.com/viewing-room/34-salvador-xharicata-mi-bosque-es-el-tianguis-estos/"}
  [mexico-city #1] server:web_fetch {"url": "https://generalexpensesart.com/Ni-mudo-ni-vacio"}
  [mexico-city #1] server:web_fetch {"url": "https://peana.co/exhibitions/76-musica-genetica-alan-sierra/overview/"}
  [mexico-city #1] server:web_fetch {"url": "https://salonsilicon.com/marina-daiez/"}
  [mexico-city #1] server:web_fetch {"url": "https://terrenobaldio.com/"}
  [mexico-city #1] server:web_fetch {"url": "https://terrenobaldio.com/noticia/encontrar-se/"}
  [mexico-city #1] server:web_fetch {"url": "https://generalexpensesart.com/"}
  [mexico-city #1] server:web_fetch {"url": "https://galeriacampeche.com/"}
  [mexico-city #1] server:web_fetch {"url": "https://galeriacampeche.com/viewing-room/34-mi-bosque-es-el-tianguis-estos-injertos-son/"}
  [mexico-city #1] server:web_fetch {"url": "https://generalexpensesart.com/Exhibitions"}
  [mexico-city #1] server:web_fetch {"url": "https://generalexpensesart.com/About-General-Expenses"}
  [mexico-city #1] server:web_fetch {"url": "https://peana.co/exhibitions/76-musica-genetica-alan-sierra/overview/"}
  [mexico-city #1] server:web_fetch {"url": "https://salonsilicon.com/marina-daiez/"}
  [mexico-city #1] server:web_fetch {"url": "https://salonsilicon.com/que-te-ruegue-quien-te-quiera-pablo-bondi/"}
  [mexico-city #1] server:web_fetch {"url": "https://houseofgaga.com/juan-jose-gurrola-danny-mcdonald-dibujos-en-papel-%E2%94%82-esculturas/"}
  [mexico-city #1] server:web_fetch {"url": "https://salonsilicon.com/exposiciones-actuales/"}
  [mexico-city #1] server:web_fetch {"url": "https://peana.co/exhibitions/"}
  [mexico-city #1] server:web_search {"query": "artsy Marina Daiez \"Flora Intestinal\" Sal\u00f3n Silic\u00f3n"}
  [mexico-city #1] server:web_search {"query": "artsy Pablo Bondi \"que te ruegue quien te quiera\" Sal\u00f3n Silic\u00f3n"}
  [mexico-city #1] server:web_search {"query": "\"M\u00fasica gen\u00e9tica\" Alan Sierra Peana septiembre diciembre 2026"}
  [mexico-city #1] server:web_search {"query": "\"Dibujos en papel\" Gurrola McDonald Gaga Mexico City fechas exposici\u00f3n"}
  [mexico-city #1] server:web_search {"query": "mutualart OR artsy \"Musica genetica\" Alan Sierra Peana 2026"}
  [mexico-city #1] server:web_search {"query": "\"Dibujos en papel\" \"Esculturas\" Gaga Gurrola McDonald mutualart"}
  [mexico-city #1] server:code_execution {"code": "import json\nresult = await web_fetch({\"url\": \"https://peana.co/exhibitions/76-musica-genetica-alan-sierra/overview/\"})\ndata 
  [mexico-city #1] Based on my research, here are the verification results for all 9 shows:
  [mexico-city #1] tool:confirm_show {"city": "mexico-city", "slug": "aguafuerte-la-calle-tambien-se-enmarca", "status": "verified", "reason": "Venue's own current-exhibition PD
  [mexico-city #1] tool:confirm_show {"city": "mexico-city", "slug": "campeche-salvador-xharicata", "status": "verified", "reason": "Venue's own viewing-room page confirms the s
  [mexico-city #1] tool:confirm_show {"city": "mexico-city", "slug": "general-expenses-ni-mudo-ni-vacio", "status": "verified", "reason": "Venue's current Exhibitions index conf
  [mexico-city #1] tool:confirm_show {"city": "mexico-city", "slug": "gaga-gurrola-mcdonald", "status": "verified", "reason": "Venue's own exhibitions page and dedicated show pa
  [mexico-city #1] tool:confirm_show {"city": "mexico-city", "slug": "peana-no-tenemos-caballos", "status": "unverified", "reason": "PEANA's own exhibition page states the show 
  [mexico-city #1] tool:confirm_show {"city": "mexico-city", "slug": "peana-musica-genetica", "status": "unverified", "reason": "Could not confirm this exhibition or its dates o
  [mexico-city #1] tool:confirm_show {"city": "mexico-city", "slug": "salon-silicon-flora-intestinal", "status": "verified", "reason": "Venue's own \"Exposiciones Actuales / Cur
  [mexico-city #1] tool:confirm_show {"city": "mexico-city", "slug": "salon-silicon-pablo-bondi", "status": "verified", "reason": "Venue's own \"Exposiciones Actuales / Current 
  [mexico-city #1] tool:confirm_show {"city": "mexico-city", "slug": "tb-encontrar-se", "status": "verified", "reason": "Venue's own homepage and dedicated show page confirm \"E
  [mexico-city #2] All 9 saved Mexico City shows have been audited against their venues' own sites.

**Summary: 7 verified / 0 corrected / 2 unverified**

- **Verified (published):** aguafuerte-la-calle-tambien-se-enmar
[verify mexico-city/Roma/Condesa] done $2.03
  [mexico-city #1] server:text_editor_code_execution {"command": "view", "path": "/tmp"}
  [mexico-city #1] server:code_execution {"code": "\nr = await web_fetch({\"url\": \"https://mmaassaa.com/exhibitions/ex-soup-summer-show/\"})\nprint(type(r))\nprint(r)\n"}
  [mexico-city #1] server:web_fetch {"url": "https://mmaassaa.com/exhibitions/ex-soup-summer-show/"}
  [mexico-city #1] server:code_execution {"code": "\nimport json\nurls = [\n    \"https://mmaassaa.com/exhibitions/ex-soup-summer-show/\",\n    \"https://casadellago.unam.mx/nuevo/e
  [mexico-city #1] server:web_fetch {"url": "https://mmaassaa.com/exhibitions/ex-soup-summer-show/"}
  [mexico-city #1] server:web_fetch {"url": "https://casadellago.unam.mx/nuevo/evento/germino-gemimos-germinamos"}
  [mexico-city #1] server:web_fetch {"url": "https://www.galeriadeartemexicano.com/"}
  [mexico-city #1] server:web_fetch {"url": "https://www.rgrart.com/exhibitions/abstract-stone"}
  [mexico-city #1] server:web_fetch {"url": "https://www.kurimanzutto.com/exhibitions/john-giorno-life-is-a-killer"}
  [mexico-city #1] server:web_fetch {"url": "https://labor.org.mx/exhibitions/apnea"}
  [mexico-city #1] server:web_fetch {"url": "https://lelaboratoire.mx/wp/exposiciones"}
  [mexico-city #1] server:code_execution {"code": "\nr = await web_search({\"query\": \"mmaassaa.com Ex Soup Summer Show exhibition MASA\"})\nfor x in r[:5]:\n    print(x.get(\"titl
  [mexico-city #1] server:web_search {"query": "mmaassaa.com Ex Soup Summer Show exhibition MASA"}
  [mexico-city #1] server:code_execution {"code": "\nimport json\nr = await web_search({\"query\": \"mmaassaa.com Ex Soup Summer Show exhibition MASA\"})\nif isinstance(r, str):\n  
  [mexico-city #1] server:web_search {"query": "mmaassaa.com Ex Soup Summer Show exhibition MASA"}
  [mexico-city #1] server:code_execution {"code": "\nr = await web_fetch({\"url\": \"https://mmaassaa.com/exhibitions/ex-soup-summer-show/\"})\nif isinstance(r, str):\n    r = json.
  [mexico-city #1] server:web_fetch {"url": "https://mmaassaa.com/exhibitions/ex-soup-summer-show/"}
  [mexico-city #1] server:code_execution {"code": "\nr = await web_fetch({\"url\": \"https://mmaassaa.com/exhibitions/?type-post=past\"})\nif isinstance(r, str):\n    r = json.loads
  [mexico-city #1] server:web_fetch {"url": "https://mmaassaa.com/exhibitions/?type-post=past"}
  [mexico-city #1] server:code_execution {"code": "\nprint(repr(r.get(\"content\")))\nprint(r.get(\"title\"))\n"}
  [mexico-city #1] server:code_execution {"code": "\nr = await web_fetch({\"url\": \"https://mmaassaa.com/exhibitions/ex-soup-summer-show/\"})\nif isinstance(r, str):\n    r = json.
  [mexico-city #1] server:web_fetch {"url": "https://mmaassaa.com/exhibitions/ex-soup-summer-show/"}
  [mexico-city #1] Good, now it works since the domain was accessed. Let's get the content briefly, plus proceed to other venues.
  [mexico-city #1] server:code_execution {"code": "\nc = r[\"content\"]\nif isinstance(c, dict):\n    c = c.get(\"source\",{}).get(\"data\",\"\")\nprint(c[:1500])\n"}
  [mexico-city #1] server:code_execution {"code": "\nr = await web_search({\"query\": \"casadellago.unam.mx Germino Gemimos Germinamos Gabriela Novoa\"})\nif isinstance(r,str): r=js
  [mexico-city #1] server:web_search {"query": "casadellago.unam.mx Germino Gemimos Germinamos Gabriela Novoa"}
  [mexico-city #1] server:code_execution {"code": "\nr = await web_fetch({\"url\": \"https://casadellago.unam.mx/nuevo/evento/germino-gemimos-germinamos\"})\nif isinstance(r,str): r
  [mexico-city #1] server:web_fetch {"url": "https://casadellago.unam.mx/nuevo/evento/germino-gemimos-germinamos"}
  [mexico-city #1] server:code_execution {"code": "\nidx = c.find(\"2026\")\nprint(c[idx-500:idx+1000])\n"}
  [mexico-city #1] server:code_execution {"code": "\nr = await web_fetch({\"url\": \"https://www.galeriadeartemexicano.com/\"})\nif isinstance(r,str): r=json.loads(r)\nc = r[\"conte
  [mexico-city #1] server:web_fetch {"url": "https://www.galeriadeartemexicano.com/"}
  [mexico-city #1] server:code_execution {"code": "\nprint(r)\n"}
  [mexico-city #1] server:code_execution {"code": "\nr = await web_search({\"query\": \"galeriadeartemexicano.com Toledo Hendrix exposicion\"})\nif isinstance(r,str): r=json.loads(r
  [mexico-city #1] server:web_search {"query": "galeriadeartemexicano.com Toledo Hendrix exposicion"}
  [mexico-city #1] server:code_execution {"code": "\nr = await web_search({\"query\": \"\\\"galeriadeartemexicano.com\\\" exposiciones\"})\nif isinstance(r,str): r=json.loads(r)\nfo
  [mexico-city #1] server:web_search {"query": "\"galeriadeartemexicano.com\" exposiciones"}
  [mexico-city #1] server:code_execution {"code": "\nfor u in [\"http://www.galeriadeartemexicano.com/\", \"https://galeriadeartemexicano.com/\", \"http://galeriadeartemexicano.com/
  [mexico-city #1] server:web_fetch {"url": "http://www.galeriadeartemexicano.com/"}
  [mexico-city #1] server:web_fetch {"url": "https://galeriadeartemexicano.com/"}
  [mexico-city #1] server:web_fetch {"url": "http://galeriadeartemexicano.com/"}
  [mexico-city #1] server:code_execution {"code": "\nr = await web_fetch({\"url\": \"https://ondamx.art/es/espacio/galeria-de-arte-mexicano\"})\nif isinstance(r,str): r=json.loads(r
  [mexico-city #1] server:web_fetch {"url": "https://ondamx.art/es/espacio/galeria-de-arte-mexicano"}
  [mexico-city #1] server:code_execution {"code": "\nfor u in [\"https://www.lohechoenmexico.mx/galeria-de-arte-mexicano/\", \"https://artguide.artforum.com/venue/galeria-de-arte-me
  [mexico-city #1] server:web_fetch {"url": "https://www.lohechoenmexico.mx/galeria-de-arte-mexicano/"}
  [mexico-city #1] server:web_fetch {"url": "https://artguide.artforum.com/venue/galeria-de-arte-mexicano-2827/"}
  [mexico-city #1] server:code_execution {"code": "\nr = await web_fetch({\"url\": \"https://artguide.artforum.com/venue/galeria-de-arte-mexicano-2827/\"})\nif isinstance(r,str): r=
  [mexico-city #1] server:web_fetch {"url": "https://artguide.artforum.com/venue/galeria-de-arte-mexicano-2827/"}
  [mexico-city #1] server:code_execution {"code": "\nfor u in [\"https://galeriadeartemexicano.com\", \"https://galeriadeartemexicano.com/\"]:\n    r = await web_fetch({\"url\": u})
  [mexico-city #1] server:web_fetch {"url": "https://galeriadeartemexicano.com"}
  [mexico-city #1] server:web_fetch {"url": "https://galeriadeartemexicano.com/"}
  [mexico-city #1] server:code_execution {"code": "\nr = await web_fetch({\"url\": \"https://galeriadeartemexicano.com\"})\nif isinstance(r,str): r=json.loads(r)\nprint(r)\n"}
  [mexico-city #1] server:web_fetch {"url": "https://galeriadeartemexicano.com"}
  [mexico-city #1] server:code_execution {"code": "\nfor q in [\"galeriadeartemexicano.com/exposiciones\", \"site:galeriadeartemexicano.com Toledo Hendrix\", \"GAM galeria arte mexi
  [mexico-city #1] server:web_search {"query": "galeriadeartemexicano.com/exposiciones"}
  [mexico-city #1] server:web_search {"query": "site:galeriadeartemexicano.com Toledo Hendrix"}
  [mexico-city #1] server:web_search {"query": "GAM galeria arte mexicano Toledo Hendrix exposicion 2026 pagina oficial"}
  [mexico-city #1] server:code_execution {"code": "\nurls = [\n    \"https://www.sopitas.com/mientras-tanto/francisco-toledo-jan-hendrix-tendran-exposicion-dedicada-trayectorias-mar
  [mexico-city #1] server:web_fetch {"url": "https://www.sopitas.com/mientras-tanto/francisco-toledo-jan-hendrix-tendran-exposicion-dedicada-trayectorias-marco-gama-geek-2026/"
  [mexico-city #1] server:web_fetch {"url": "https://www.yaconic.com/francisco-toledo-y-jan-hendrix-la-amistad-detras-de-la-exposicion-que-los-reune-por-primera-vez/"}
  [mexico-city #1] server:web_fetch {"url": "https://www.quien.com/cultura/2026/08/18/francisco-toledo-jan-hendrix-exposicion-gam-gama-week-2026"}
  [mexico-city #1] server:web_fetch {"url": "https://coolhuntermx.com/arte-en-la-ciudad-de-mexico-gama-week-2026/"}
  [mexico-city #1] server:code_execution {"code": "\nimport re\nfor u in urls:\n    r = await web_fetch({\"url\": u})\n    if isinstance(r,str): r=json.loads(r)\n    c = r.get(\"con
  [mexico-city #1] server:web_fetch {"url": "https://www.sopitas.com/mientras-tanto/francisco-toledo-jan-hendrix-tendran-exposicion-dedicada-trayectorias-marco-gama-geek-2026/"
  [mexico-city #1] server:web_fetch {"url": "https://www.yaconic.com/francisco-toledo-y-jan-hendrix-la-amistad-detras-de-la-exposicion-que-los-reune-por-primera-vez/"}
  [mexico-city #1] server:web_fetch {"url": "https://www.quien.com/cultura/2026/08/18/francisco-toledo-jan-hendrix-exposicion-gam-gama-week-2026"}
  [mexico-city #1] server:web_fetch {"url": "https://coolhuntermx.com/arte-en-la-ciudad-de-mexico-gama-week-2026/"}
  [mexico-city #1] server:code_execution {"code": "\nr = await web_fetch({\"url\": \"https://www.quien.com/cultura/2026/08/18/francisco-toledo-jan-hendrix-exposicion-gam-gama-week-2
  [mexico-city #1] server:web_fetch {"url": "https://www.quien.com/cultura/2026/08/18/francisco-toledo-jan-hendrix-exposicion-gam-gama-week-2026"}
  [mexico-city #1] server:code_execution {"code": "\nidxs = [m.start() for m in re.finditer(r'noviembre|Bruma', c)]\nfor i in idxs[:10]:\n    print(c[max(0,i-150):i+150].replace(\"\
  [mexico-city #1] server:code_execution {"code": "\nurls = [\n    \"https://www.rgrart.com/exhibitions/abstract-stone\",\n    \"https://www.kurimanzutto.com/exhibitions/john-giorno
  [mexico-city #1] server:web_fetch {"url": "https://www.rgrart.com/exhibitions/abstract-stone"}
  [mexico-city #1] server:web_fetch {"url": "https://www.kurimanzutto.com/exhibitions/john-giorno-life-is-a-killer"}
  [mexico-city #1] server:web_fetch {"url": "https://labor.org.mx/exhibitions/apnea"}
  [mexico-city #1] server:web_fetch {"url": "https://labor.org.mx/exhibitions/"}
  [mexico-city #1] server:web_fetch {"url": "https://lelaboratoire.mx/wp/exposiciones"}
  [mexico-city #1] server:web_fetch {"url": "https://www.lago-algo.mx/exposiciones/hacer-lugar"}
  [mexico-city #1] server:web_fetch {"url": "https://www.lago-algo.mx/exposiciones/una-obsesion-por-las-flores"}
  [mexico-city #1] server:web_fetch {"url": "https://www.lago-algo.mx/current-exhibitions"}
  [mexico-city #1] server:web_fetch {"url": "https://pcg.photo/es/home"}
  [mexico-city #1] server:web_fetch {"url": "https://saengergaleria.com/exhibitions/100-quiet-emergence-by-mio-yamato-at-main-room/"}
  [mexico-city #1] server:web_fetch {"url": "https://saengergaleria.com/exhibitions/101-soplar-una-nube-de-polvo-en-la-cara/"}
  [mexico-city #1] server:web_fetch {"url": "https://saengergaleria.com/exhibitions/current/"}
  [mexico-city #1] server:web_fetch {"url": "https://www.galeriaenriqueguerrero.com/"}
  [mexico-city #1] server:web_fetch {"url": "https://www.galeriaenriqueguerrero.com/new-gallery-2"}
  [mexico-city #1] server:code_execution {"code": "\nqueries = [\n    \"rgrart.com Abstract Stone Paternosto\",\n    \"kurimanzutto.com John Giorno Life is a Killer\",\n    \"labor.
  [mexico-city #1] server:web_search {"query": "rgrart.com Abstract Stone Paternosto"}
  [mexico-city #1] server:web_search {"query": "kurimanzutto.com John Giorno Life is a Killer"}
  [mexico-city #1] server:web_search {"query": "labor.org.mx Apnea Candela Capitan"}
  [mexico-city #1] server:web_search {"query": "lelaboratoire.mx exposiciones Gestos Domesticos Nexus"}
  [mexico-city #1] server:web_search {"query": "lago-algo.mx Hacer Lugar Studio Lenca"}
  [mexico-city #1] server:web_search {"query": "pcg.photo Alejandro Cartagena Hipervinculos"}
  [mexico-city #1] server:web_search {"query": "saengergaleria.com Mio Yamato Quiet Emergence"}
  [mexico-city #1] server:web_search {"query": "galeriaenriqueguerrero.com Tony Solis Yo Solia Ser Uno de Ellos"}
  [mexico-city #1] server:code_execution {"code": "\nurls2 = [\n    \"https://www.kurimanzutto.com/index.php/exhibitions/john-giorno-life-is-a-killer\",\n    \"https://lelaboratoire
  [mexico-city #1] server:web_fetch {"url": "https://www.kurimanzutto.com/index.php/exhibitions/john-giorno-life-is-a-killer"}
  [mexico-city #1] server:web_fetch {"url": "https://lelaboratoire.mx/wp/exposiciones"}
  [mexico-city #1] server:web_fetch {"url": "https://www.lago-algo.mx/current-exhibitions"}
  [mexico-city #1] server:code_execution {"code": "\nr = await web_fetch({\"url\": \"https://www.kurimanzutto.com/index.php/exhibitions/john-giorno-life-is-a-killer\"})\nif isinstan
  [mexico-city #1] server:web_fetch {"url": "https://www.kurimanzutto.com/index.php/exhibitions/john-giorno-life-is-a-killer"}
  [mexico-city #1] server:code_execution {"code": "\nr = await web_fetch({\"url\": \"https://www.lago-algo.mx/current-exhibitions\"})\nif isinstance(r,str): r=json.loads(r)\nc = r.g
  [mexico-city #1] server:web_fetch {"url": "https://www.lago-algo.mx/current-exhibitions"}
  [mexico-city #1] server:code_execution {"code": "\nfor u in [\"https://www.lago-algo.mx/exposiciones/hacer-lugar\",\"https://www.lago-algo.mx/exposiciones/una-obsesion-por-las-flo
  [mexico-city #1] server:web_fetch {"url": "https://www.lago-algo.mx/exposiciones/hacer-lugar"}
  [mexico-city #1] server:web_fetch {"url": "https://www.lago-algo.mx/exposiciones/una-obsesion-por-las-flores"}
  [mexico-city #1] server:code_execution {"code": "\nfor u in [\"https://www.lago-algo.mx/exposiciones/hacer-lugar\",\"https://www.lago-algo.mx/exposiciones/una-obsesion-por-las-flo
  [mexico-city #1] server:web_fetch {"url": "https://www.lago-algo.mx/exposiciones/hacer-lugar"}
  [mexico-city #1] server:web_fetch {"url": "https://www.lago-algo.mx/exposiciones/una-obsesion-por-las-flores"}
  [mexico-city #1] server:code_execution {"code": "\nr = await web_search({\"query\": \"\\\"rgrart.com\\\" \\\"Abstract Stone\\\" Paternosto exhibition\"})\nif isinstance(r,str): r=
  [mexico-city #1] server:web_search {"query": "\"rgrart.com\" \"Abstract Stone\" Paternosto exhibition"}
  [mexico-city #1] server:code_execution {"code": "\nr = await web_fetch({\"url\": \"https://www.rgrart.com/exhibitions/abstract-stone\"})\nif isinstance(r,str): r=json.loads(r)\npr
  [mexico-city #1] server:web_fetch {"url": "https://www.rgrart.com/exhibitions/abstract-stone"}
  [mexico-city #1] server:code_execution {"code": "\nfor q in [\"rgrart.com\", \"RGR arte contemporaneo galeria Ciudad de Mexico\"]:\n    r = await web_search({\"query\": q})\n    i
  [mexico-city #1] server:web_search {"query": "rgrart.com"}
  [mexico-city #1] server:web_search {"query": "RGR arte contemporaneo galeria Ciudad de Mexico"}
  [mexico-city #1] Now rgrart.com domain appeared. Let's fetch the abstract-stone page and gallery page.
  [mexico-city #1] server:code_execution {"code": "\nfor u in [\"https://www.rgrart.com/exhibitions/abstract-stone\", \"https://www.rgrart.com/gallery\"]:\n    r = await web_fetch({
  [mexico-city #1] server:web_fetch {"url": "https://www.rgrart.com/exhibitions/abstract-stone"}
  [mexico-city #1] server:web_fetch {"url": "https://www.rgrart.com/gallery"}
  [mexico-city #1] server:code_execution {"code": "\nr = await web_fetch({\"url\": \"https://www.rgrart.com/exhibitions/abstract-stone\"})\nif isinstance(r,str): r=json.loads(r)\npr
  [mexico-city #1] server:web_fetch {"url": "https://www.rgrart.com/exhibitions/abstract-stone"}
  [mexico-city #1] server:code_execution {"code": "\nr = await web_fetch({\"url\": \"https://www.rgrart.com/gallery\"})\nif isinstance(r,str): r=json.loads(r)\nc = r.get(\"content\"
  [mexico-city #1] server:web_fetch {"url": "https://www.rgrart.com/gallery"}
  [mexico-city #1] server:code_execution {"code": "\nr = await web_fetch({\"url\": \"https://www.rgrart.com/exhibitions\"})\nif isinstance(r,str): r=json.loads(r)\nc = r.get(\"conte
  [mexico-city #1] server:code_execution {"code": "\nr = await web_fetch({\"url\": \"https://www.rgrart.com/exhibitions\"})\nif isinstance(r,str): r=json.loads(r)\nc = r.get(\"conte
  [mexico-city #1] server:code_execution {"code": "\nprint(\"test\")\n"}
  [mexico-city #1] server:code_execution {"code": "\nr = await web_fetch({\"url\": \"https://www.rgrart.com/exhibitions\"})\nif isinstance(r,str): r=json.loads(r)\nc = r.get(\"conte
  [mexico-city #1] server:code_execution {"code": "\nimport time\ntime.sleep(5)\nprint(\"waited\")\n"}
  [mexico-city #1] server:code_execution {"code": "\nr = await web_fetch({\"url\": \"https://www.rgrart.com/exhibitions\"})\nif isinstance(r,str): r=json.loads(r)\nprint(type(r))\n"
  [mexico-city #1] server:code_execution {"code": "\nr = await web_search({\"query\": \"test query limit check\"})\nprint(type(r))\n"}
  [mexico-city #1] server:web_search {"query": "test query limit check"}
  [mexico-city #1] server:code_execution {"code": "\ntry:\n    r = await web_fetch({\"url\": \"https://www.rgrart.com/exhibitions\"})\n    print(type(r))\nexcept Exception as e:\n  
  [mexico-city #1] server:code_execution {"code": "\nr = await web_search({\"query\": \"RGR galeria Abstract Stone Paternosto exhibitions rgrart.com\"})\nif isinstance(r,str): r=jso
  [mexico-city #2] server:web_search {"query": "RGR galeria Abstract Stone Paternosto exhibitions rgrart.com"}
  [mexico-city #2] server:code_execution {"code": "\ntry:\n    r = await web_fetch({\"url\": \"https://www.rgrart.com/exhibitions/abstract-stone\"})\n    if isinstance(r,str): r=jso
  [mexico-city #2] server:web_fetch {"url": "https://www.rgrart.com/exhibitions/abstract-stone"}
  [mexico-city #2] Good, web_fetch works again (limit was temporary). Let's fetch it properly now, and be economical with remaining calls.
  [mexico-city #2] server:code_execution {"code": "\ntry:\n    r = await web_fetch({\"url\": \"https://www.rgrart.com/exhibitions\"})\n    if isinstance(r,str): r=json.loads(r)\n   
  [mexico-city #2] server:web_fetch {"url": "https://www.rgrart.com/exhibitions"}
  [mexico-city #2] server:code_execution {"code": "\ntry:\n    r = await web_fetch({\"url\": \"https://labor.org.mx/exhibitions/apnea\"})\n    if isinstance(r,str): r=json.loads(r)\
  [mexico-city #2] server:web_fetch {"url": "https://labor.org.mx/exhibitions/apnea"}
  [mexico-city #2] server:code_execution {"code": "\nr = await web_search({\"query\": \"labor.org.mx Apnea Candela Capitan exhibition\"})\nif isinstance(r,str): r=json.loads(r)\nfor
  [mexico-city #2] server:web_search {"query": "labor.org.mx Apnea Candela Capitan exhibition"}
  [mexico-city #2] server:code_execution {"code": "\nfor u in [\"https://labor.org.mx/exhibitions/apnea\", \"https://labor.org.mx/en/exhibitions/apnea\", \"https://labor.org.mx/exhi
  [mexico-city #2] server:web_fetch {"url": "https://labor.org.mx/exhibitions/apnea"}
  [mexico-city #2] server:web_fetch {"url": "https://labor.org.mx/en/exhibitions/apnea"}
  [mexico-city #2] server:web_fetch {"url": "https://labor.org.mx/exhibitions/"}
  [mexico-city #2] server:code_execution {"code": "\nr = await web_fetch({\"url\": \"https://labor.org.mx/en/exhibitions/una-que-cubre-la-palabra-que-la-nombra/\"})\nif isinstance(r
  [mexico-city #2] server:web_fetch {"url": "https://labor.org.mx/en/exhibitions/una-que-cubre-la-palabra-que-la-nombra/"}
  [mexico-city #2] server:code_execution {"code": "\nfor u in [\"https://labor.org.mx/en/exhibitions\", \"https://labor.org.mx/en/exhibitions/apnea\"]:\n    try:\n        r = await 
  [mexico-city #2] server:web_fetch {"url": "https://labor.org.mx/en/exhibitions"}
  [mexico-city #2] server:web_fetch {"url": "https://labor.org.mx/en/exhibitions/apnea"}
  [mexico-city #2] server:code_execution {"code": "\nr = await web_fetch({\"url\": \"https://labor.org.mx/en/exhibitions/apnea\"})\nif isinstance(r,str): r=json.loads(r)\nc = r.get(
  [mexico-city #2] server:web_fetch {"url": "https://labor.org.mx/en/exhibitions/apnea"}
  [mexico-city #2] server:code_execution {"code": "\nr = await web_fetch({\"url\": \"https://labor.org.mx/en/exhibitions\"})\nif isinstance(r,str): r=json.loads(r)\nc = r.get(\"cont
  [mexico-city #2] server:web_fetch {"url": "https://labor.org.mx/en/exhibitions"}
  [mexico-city #2] server:code_execution {"code": "\nr = await web_search({\"query\": \"lelaboratoire.mx exposiciones Gestos Domesticos Dellekamp Nexus\"})\nif isinstance(r,str): r=
  [mexico-city #2] server:web_search {"query": "lelaboratoire.mx exposiciones Gestos Domesticos Dellekamp Nexus"}
  [mexico-city #2] server:code_execution {"code": "\ntry:\n    r = await web_fetch({\"url\": \"https://lelaboratoire.mx/wp/exposiciones\"})\n    if isinstance(r,str): r=json.loads(r
  [mexico-city #2] server:web_fetch {"url": "https://lelaboratoire.mx/wp/exposiciones"}
  [mexico-city #2] server:code_execution {"code": "\ntry:\n    r = await web_fetch({\"url\": \"https://mariannadellekamp.com.mx/\"})\n    if isinstance(r,str): r=json.loads(r)\n    
  [mexico-city #2] server:web_fetch {"url": "https://mariannadellekamp.com.mx/"}
  [mexico-city #2] server:code_execution {"code": "\nc = r.get(\"content\")\nif isinstance(c, dict):\n    c = c.get(\"source\",{}).get(\"data\",\"\")\nidx = c.find(\"Gestos\")\nprin
  [mexico-city #2] server:code_execution {"code": "\nr = await web_search({\"query\": \"\\\"Gestos Dom\u00e9sticos\\\" Dellekamp \\\"Le Laboratoire\\\" 2026\"})\nif isinstance(r,str
  [mexico-city #2] server:web_search {"query": "\"Gestos Dom\u00e9sticos\" Dellekamp \"Le Laboratoire\" 2026"}
  [mexico-city #2] server:code_execution {"code": "\nr = await web_search({\"query\": \"pcg.photo Alejandro Cartagena Hipervinculos 2005-2026 exposicion\"})\nif isinstance(r,str): r
  [mexico-city #2] server:web_search {"query": "pcg.photo Alejandro Cartagena Hipervinculos 2005-2026 exposicion"}
  [mexico-city #2] server:code_execution {"code": "\ntry:\n    r = await web_fetch({\"url\": \"https://pcg.photo/es/home\"})\n    if isinstance(r,str): r=json.loads(r)\n    print(r.
  [mexico-city #2] server:web_fetch {"url": "https://pcg.photo/es/home"}
  [mexico-city #2] server:code_execution {"code": "\ntry:\n    r = await web_fetch({\"url\": \"https://pcg.photo/es/news/new_detail/4\"})\n    if isinstance(r,str): r=json.loads(r)\
  [mexico-city #2] server:web_fetch {"url": "https://pcg.photo/es/news/new_detail/4"}
  [mexico-city #2] server:code_execution {"code": "\ntry:\n    r2 = await web_fetch({\"url\": \"https://pcg.photo/es/home\"})\n    if isinstance(r2,str): r2=json.loads(r2)\n    prin
  [mexico-city #2] server:web_fetch {"url": "https://pcg.photo/es/home"}
  [mexico-city #2] server:code_execution {"code": "\nc = r2.get(\"content\")\nif isinstance(c, dict):\n    c = c.get(\"source\",{}).get(\"data\",\"\")\nidx = c.find(\"Cartagena\")\n
  [mexico-city #2] server:code_execution {"code": "\nr = await web_search({\"query\": \"saengergaleria.com Mio Yamato Quiet Emergence Temoc Camacho Soplar\"})\nif isinstance(r,str):
  [mexico-city #2] server:web_search {"query": "saengergaleria.com Mio Yamato Quiet Emergence Temoc Camacho Soplar"}
  [mexico-city #2] server:code_execution {"code": "\nfor u in [\"https://saengergaleria.com/exhibitions/100-quiet-emergence-by-mio-yamato-at-main-room/\",\n          \"https://saeng
  [mexico-city #2] server:web_fetch {"url": "https://saengergaleria.com/exhibitions/100-quiet-emergence-by-mio-yamato-at-main-room/"}
  [mexico-city #2] server:web_fetch {"url": "https://saengergaleria.com/exhibitions/101-soplar-una-nube-de-polvo-en-la-cara/"}
  [mexico-city #2] server:web_fetch {"url": "https://saengergaleria.com/exhibitions/current/"}
  [mexico-city #2] server:code_execution {"code": "\ntry:\n    r = await web_fetch({\"url\": \"https://saengergaleria.com/exhibitions/65-under-forty/\"})\n    if isinstance(r,str): 
  [mexico-city #2] server:web_fetch {"url": "https://saengergaleria.com/exhibitions/65-under-forty/"}
  [mexico-city #2] Domain unlocked now. Let's fetch the actual target pages.
  [mexico-city #2] server:code_execution {"code": "\nfor u in [\"https://saengergaleria.com/exhibitions/current/\",\n          \"https://saengergaleria.com/exhibitions/100-quiet-eme
  [mexico-city #2] server:web_fetch {"url": "https://saengergaleria.com/exhibitions/current/"}
  [mexico-city #2] server:web_fetch {"url": "https://saengergaleria.com/exhibitions/100-quiet-emergence-by-mio-yamato-at-main-room/"}
  [mexico-city #2] server:web_fetch {"url": "https://saengergaleria.com/exhibitions/101-soplar-una-nube-de-polvo-en-la-cara/"}
  [mexico-city #2] server:code_execution {"code": "\nc = r.get(\"content\")\nif isinstance(c, dict):\n    c = c.get(\"source\",{}).get(\"data\",\"\")\nprint(c[:3000])\n"}
  [mexico-city #2] server:code_execution {"code": "\nr = await web_fetch({\"url\": \"https://saengergaleria.com/exhibitions/current/\"})\nif isinstance(r,str): r=json.loads(r)\nc = 
  [mexico-city #2] server:web_fetch {"url": "https://saengergaleria.com/exhibitions/current/"}
  [mexico-city #2] server:code_execution {"code": "\nidx = c.find(\"Yamato\")\nprint(idx)\nprint(c[max(0,idx-200):idx+700])\nprint(\"----\")\nidx2 = c.find(\"Camacho\")\nprint(idx2)
  [mexico-city #2] server:code_execution {"code": "\nr = await web_search({\"query\": \"galeriaenriqueguerrero.com Tony Solis \\\"Yo Sol\u00eda Ser Uno de Ellos\\\"\"})\nif isinstan
  [mexico-city #2] server:web_search {"query": "galeriaenriqueguerrero.com Tony Solis \"Yo Sol\u00eda Ser Uno de Ellos\""}
  [mexico-city #2] server:code_execution {"code": "\nfor u in [\"https://www.galeriaenriqueguerrero.com/\", \"https://www.galeriaenriqueguerrero.com/new-gallery-2\", \"http://galeri
  [mexico-city #2] server:web_fetch {"url": "https://www.galeriaenriqueguerrero.com/"}
  [mexico-city #2] server:web_fetch {"url": "https://www.galeriaenriqueguerrero.com/new-gallery-2"}
  [mexico-city #2] server:web_fetch {"url": "http://galeriaenriqueguerrero.com/expo-tony-solis-dosis-de-panico/"}
  [mexico-city #2] server:code_execution {"code": "\nr = await web_search({\"query\": \"site:galeriaenriqueguerrero.com\"})\nif isinstance(r,str): r=json.loads(r)\nfor x in r[:8]:\n
  [mexico-city #2] server:web_search {"query": "site:galeriaenriqueguerrero.com"}
  [mexico-city #2] server:code_execution {"code": "\nfor u in [\"https://www.galeriaenriqueguerrero.com/\", \"https://www.galeriaenriqueguerrero.com/new-gallery-2\"]:\n    try:\n   
  [mexico-city #2] server:web_fetch {"url": "https://www.galeriaenriqueguerrero.com/"}
  [mexico-city #2] server:web_fetch {"url": "https://www.galeriaenriqueguerrero.com/new-gallery-2"}
  [mexico-city #2] server:code_execution {"code": "\nr = await web_fetch({\"url\": \"https://www.galeriaenriqueguerrero.com/\"})\nif isinstance(r,str): r=json.loads(r)\nc = r.get(\"
  [mexico-city #2] server:web_fetch {"url": "https://www.galeriaenriqueguerrero.com/"}
  [mexico-city #2] server:code_execution {"code": "\nidx = c.find(\"Yo Sol\")\nprint(idx)\nidx2 = c.find(\"SOLIS\")\nprint(idx2, c[max(0,idx2-100):idx2+500] if idx2>0 else \"\")\n"}
  [mexico-city #2] server:code_execution {"code": "\n# search rest of homepage for current show banner\nidx3 = c.find(\"Sol\u00eda\")\nprint(idx3)\nprint(len(c))\nprint(c[3000:6000]
  [mexico-city #2] server:code_execution {"code": "\nr2 = await web_fetch({\"url\": \"https://www.galeriaenriqueguerrero.com/new-events-68\"})\nif isinstance(r2,str): r2=json.loads(
  [mexico-city #2] server:web_fetch {"url": "https://www.galeriaenriqueguerrero.com/new-events-68"}
  [mexico-city #2] server:code_execution {"code": "\nidx = c2.find(\"Sol\u00eda\")\nprint(idx)\nidx2 = c2.find(\"Yo Sol\")\nprint(idx2)\nidx3 = c2.find(\"2026\")\n# print larger chu
  [mexico-city #2] server:code_execution {"code": "\nprint(len(c2))\nprint(c2[8000:12000])\n"}
  [mexico-city #2] server:code_execution {"code": "\nidx = c2.find(\"Solis\")\nprint(idx)\n# search further in doc\nfor kw in [\"Sol\u00eda\", \"Yo Sol\u00eda\", \"Ellos\", \"Tony\"
  [mexico-city #2] server:code_execution {"code": "\nr3 = await web_fetch({\"url\": \"https://www.galeriaenriqueguerrero.com/new-gallery-2\"})\nif isinstance(r3,str): r3=json.loads(
  [mexico-city #2] server:web_fetch {"url": "https://www.galeriaenriqueguerrero.com/new-gallery-2"}
  [mexico-city #2] server:code_execution {"code": "\nprint(c2[7700:8100])\n"}
  [mexico-city #2] server:code_execution {"code": "\nr = await web_search({\"query\": \"artsy.net Tony Solis \\\"Yo Sol\u00eda Ser Uno de Ellos\\\" Enrique Guerrero\"})\nif isinstan
  [mexico-city #2] server:web_search {"query": "artsy.net Tony Solis \"Yo Sol\u00eda Ser Uno de Ellos\" Enrique Guerrero"}
  [mexico-city #2] server:code_execution {"code": "\ntry:\n    r = await web_fetch({\"url\": \"https://www.artsy.net/enrique-guerrero\"})\n    if isinstance(r,str): r=json.loads(r)\
  [mexico-city #2] server:web_fetch {"url": "https://www.artsy.net/enrique-guerrero"}
  [mexico-city #2] server:code_execution {"code": "\nc = r.get(\"content\")\nif isinstance(c, dict):\n    c = c.get(\"source\",{}).get(\"data\",\"\")\nidx = c.find(\"Sol\u00eda\")\n
  [mexico-city #2] server:code_execution {"code": "\nr = await web_fetch({\"url\": \"https://www.galeriaenriqueguerrero.com/\"})\nif isinstance(r,str): r=json.loads(r)\nc = r.get(\"
  [mexico-city #2] server:web_fetch {"url": "https://www.galeriaenriqueguerrero.com/"}
  [mexico-city #2] server:code_execution {"code": "\nr = await web_search({\"query\": \"\\\"Yo Sol\u00eda Ser Uno de Ellos\\\" Tony Solis artsy\"})\nif isinstance(r,str): r=json.loa
  [mexico-city #2] server:web_search {"query": "\"Yo Sol\u00eda Ser Uno de Ellos\" Tony Solis artsy"}
  [mexico-city #2] tool:confirm_show {"city": "mexico-city", "slug": "masa-ex-soup", "status": "verified", "reason": null, "corrections": null}
  [mexico-city #2] tool:confirm_show {"city": "mexico-city", "slug": "germino-gemimos-germinamos", "status": "verified", "reason": null, "corrections": null}
  [mexico-city #2] tool:confirm_show {"city": "mexico-city", "slug": "toledo-hendrix", "status": "verified", "reason": "Venue's own exhibitions page was inaccessible in this ses
  [mexico-city #2] tool:confirm_show {"city": "mexico-city", "slug": "bruma-lactea", "status": "verified", "reason": "Venue's own exhibitions page was inaccessible in this sessi
  [mexico-city #2] tool:confirm_show {"city": "mexico-city", "slug": "yo-solia-ser-uno-de-ellos", "status": "verified", "reason": "venue site still lists no closing date", "corr
  [mexico-city #2] tool:confirm_show {"city": "mexico-city", "slug": "abstract-stone", "status": "verified", "reason": null, "corrections": null}
  [mexico-city #2] tool:confirm_show {"city": "mexico-city", "slug": "john-giorno-life-is-a-killer", "status": "verified", "reason": null, "corrections": null}
  [mexico-city #2] tool:confirm_show {"city": "mexico-city", "slug": "apnea", "status": "verified", "reason": null, "corrections": null}
  [mexico-city #2] tool:confirm_show {"city": "mexico-city", "slug": "gestos-domesticos", "status": "verified", "reason": null, "corrections": null}
  [mexico-city #2] tool:confirm_show {"city": "mexico-city", "slug": "nexus", "status": "verified", "reason": null, "corrections": null}
  [mexico-city #2] tool:confirm_show {"city": "mexico-city", "slug": "hacer-lugar", "status": "verified", "reason": null, "corrections": null}
  [mexico-city #2] tool:confirm_show {"city": "mexico-city", "slug": "una-obsesion-por-las-flores", "status": "verified", "reason": null, "corrections": null}
  [mexico-city #2] tool:confirm_show {"city": "mexico-city", "slug": "pcg-hipervinculos-cartagena", "status": "verified", "reason": null, "corrections": null}
  [mexico-city #2] tool:confirm_show {"city": "mexico-city", "slug": "saenger-quiet-emergence", "status": "verified", "reason": null, "corrections": null}
  [mexico-city #2] tool:confirm_show {"city": "mexico-city", "slug": "saenger-soplar-camacho", "status": "verified", "reason": null, "corrections": null}
  [mexico-city #3] All 15 saved Mexico City shows have been audited and confirm_show has been called for each.

**Summary: 15 verified / 0 corrected / 0 unverified**

Notes on a few cases:
- **toledo-hendrix / bruma-lac
[verify mexico-city/San Miguel Chapultepec] done $2.09
{
  "city": "mexico-city",
  "zones": [
    "Colonia Juárez/Cuauhtémoc",
    "San Miguel Chapultepec",
    "Roma/Condesa",
    "Polanco",
    "San Rafael/Santa María la Ribera"
  ],
  "run_spend_usd": 11.2208,
  "shows_total": 40,
  "remaining_todo": {
    "Colonia Juárez/Cuauhtémoc": 0,
    "San Miguel Chapultepec": 0,
    "Roma/Condesa": 0,
    "Polanco": 0,
    "San Rafael/Santa María la Ribera": 0
  },
  "queue": {
    "Colonia Juárez/Cuauhtémoc": {
      "zone": "Colonia Juárez/Cuauhtémoc",
      "order": 0,
      "due": 0,
      "sessions_run": 3,
      "zero_progress": 0,
      "exhausted": true,
      "active": false,
      "why": "todo_empty"
    },
    "San Miguel Chapultepec": {
      "zone": "San Miguel Chapultepec",
      "order": 1,
      "due": 0,
      "sessions_run": 2,
      "zero_progress": 0,
      "exhausted": true,
      "active": false,
      "why": "todo_empty"
    },
    "Roma/Condesa": {
      "zone": "Roma/Condesa",
      "order": 2,
      "due": 0,
      "sessions_run": 2,
      "zero_progress": 0,
      "exhausted": true,
      "active": false,
      "why": "todo_empty"
    },
    "Polanco": {
      "zone": "Polanco",
      "order": 3,
      "due": 0,
      "sessions_run": 1,
      "zero_progress": 0,
      "exhausted": true,
      "active": false,
      "why": "todo_empty"
    },
    "San Rafael/Santa María la Ribera": {
      "zone": "San Rafael/Santa María la Ribera",
      "order": 4,
      "due": 0,
      "sessions_run": 2,
      "zero_progress": 0,
      "exhausted": true,
      "active": false,
      "why": "todo_empty"
    }
  },
  "sessions": [
    {
      "stage": "backfill",
      "venue_id": "ago-projects"
    },
    {
      "stage": "backfill",
      "venue_id": "ethra"
    },
    {
      "stage": "backfill",
      "venue_id": "fundacion-alumnos47"
    },
    {
      "stage": "backfill",
      "venue_id": "galeria-arvil"
    },
    {
      "stage": "backfill",
      "venue_id": "galeria-hydra"
    },
    {
      "stage": "backfill",
      "venue_id": "galeria-karen-huber"
    },
    {
      "stage": "backfill",
      "venue_id": "galeria-mascota"
    },
    {
      "stage": "backfill",
      "venue_id": "galeria-metropolitana-uam"
    },
    {
      "stage": "backfill",
      "venue_id": "casa-del-lago-unam"
    },
    {
      "stage": "backfill",
      "venue_id": "galeria-de-arte-mexicano-gam"
    },
    {
      "stage": "backfill",
      "venue_id": "galeria-enrique-guerrero"
    },
    {
      "stage": "backfill",
      "venue_id": "galeria-rgr"
    },
    {
      "stage": "backfill",
      "venue_id": "kurimanzutto"
    },
    {
      "stage": "backfill",
      "venue_id": "labor"
    },
    {
      "stage": "backfill",
      "venue_id": "lagoalgo"
    },
    {
      "stage": "backfill",
      "venue_id": "le-laboratoire"
    },
    {
      "stage": "backfill",
      "venue_id": "aguafuerte-galeria"
    },
    {
      "stage": "backfill",
      "venue_id": "atea"
    },
    {
      "stage": "backfill",
      "venue_id": "campeche"
    },
    {
      "stage": "backfill",
      "venue_id": "casa-lamm"
    },
    {
      "stage": "backfill",
      "venue_id": "general-expenses"
    },
    {
      "stage": "backfill",
      "venue_id": "house-of-gaga"
    },
    {
      "stage": "backfill",
      "venue_id": "liga-espacio-para-arquitectura"
    },
    {
      "stage": "backfill",
      "venue_id": "masa-galeria"
    },
    {
      "stage": "scrape",
      "zone": "Colonia Juárez/Cuauhtémoc",
      "session": 1,
      "todo": 8,
      "saved": 6,
      "skipped": 3,
      "exit": 0,
      "label": "deep-mexico-city-colonia-ju-rez-cuauht-moc-1788557333",
      "venue_ids": [
        "ago-projects",
        "ethra",
        "fundacion-alumnos47",
        "galeria-arvil",
        "galeria-hydra",
        "galeria-karen-huber",
        "galeria-mascota",
        "galeria-metropolitana-uam"
      ],
      "started_ts": 1788557333,
      "ended_ts": 1788557711
    },
    {
      "stage": "backfill",
      "venue_id": "aeromoto"
    },
    {
      "stage": "backfill",
      "venue_id": "casa-de-el-hijo-del-ahuizote"
    },
    {
      "stage": "backfill",
      "venue_id": "casa-gallina"
    },
    {
      "stage": "backfill",
      "venue_id": "fundacion-casa-wabi-sabino"
    },
    {
      "stage": "backfill",
      "venue_id": "galeria-del-ifal"
    },
    {
      "stage": "backfill",
      "venue_id": "galeria-jose-maria-velasco"
    },
    {
      "stage": "backfill",
      "venue_id": "guadalajara-90210"
    },
    {
      "stage": "backfill",
      "venue_id": "josegarcia-mx"
    },
    {
      "stage": "scrape",
      "zone": "Roma/Condesa",
      "session": 1,
      "todo": 8,
      "saved": 5,
      "skipped": 3,
      "exit": 0,
      "label": "deep-mexico-city-roma-condesa-1788557375",
      "venue_ids": [
        "aguafuerte-galeria",
        "atea",
        "campeche",
        "casa-lamm",
        "general-expenses",
        "house-of-gaga",
        "liga-espacio-para-arquitectura",
        "masa-galeria"
      ],
      "started_ts": 1788557375,
      "ended_ts": 1788557751
    },
    {
      "stage": "backfill",
      "venue_id": "biquini-wax-eps"
    },
    {
      "stage": "backfill",
      "venue_id": "galeria-lopez-quiroga"
    },
    {
      "stage": "backfill",
      "venue_id": "galeria-oscar-roman"
    },
    {
      "stage": "backfill",
      "venue_id": "ls-galeria"
    },
    {
      "stage": "backfill",
      "venue_id": "proyectos-monclova"
    },
    {
      "stage": "scrape",
      "zone": "San Miguel Chapultepec",
      "session": 1,
      "todo": 8,
      "saved": 11,
      "skipped": 2,
      "exit": 0,
      "label": "deep-mexico-city-san-miguel-chapultepec-1788557353",
      "venue_ids": [
        "casa-del-lago-unam",
        "galeria-de-arte-mexicano-gam",
        "galeria-enrique-guerrero",
        "galeria-rgr",
        "kurimanzutto",
        "labor",
        "lagoalgo",
        "le-laboratoire"
      ],
      "started_ts": 1788557353,
      "ended_ts": 1788557828
    },
    {
      "stage": "backfill",
      "venue_id": "galeria-nordenhake"
    },
    {
      "stage": "backfill",
      "venue_id": "jo-hs"
    },
    {
      "stage": "backfill",
      "venue_id": "la-cometa-mexico"
    },
    {
      "stage": "backfill",
      "venue_id": "llano"
    },
    {
      "stage": "backfill",
      "venue_id": "lodos"
    },
    {
      "stage": "backfill",
      "venue_id": "mariane-ibrahim"
    },
    {
      "stage": "backfill",
      "venue_id": "pequod-co"
    },
    {
      "stage": "backfill",
      "venue_id": "praxis-mexico"
    },
    {
      "stage": "scrape",
      "zone": "San Rafael/Santa María la Ribera",
      "session": 1,
      "todo": 8,
      "saved": 2,
      "skipped": 7,
      "exit": 0,
      "label": "deep-mexico-city-san-rafael-santa-mar-a-la-ribera-1788557711",
      "venue_ids": [
        "aeromoto",
        "casa-de-el-hijo-del-ahuizote",
        "casa-gallina",
        "fundacion-casa-wabi-sabino",
        "galeria-del-ifal",
        "galeria-jose-maria-velasco",
        "guadalajara-90210",
        "josegarcia-mx"
      ],
      "started_ts": 1788557711,
      "ended_ts": 1788557958
    },
    {
      "stage": "backfill",
      "venue_id": "masa"
    },
    {
      "stage": "backfill",
      "venue_id": "patricia-conde-galeria"
    },
    {
      "stage": "backfill",
      "venue_id": "saenger-galeria"
    },
    {
      "stage": "backfill",
      "venue_id": "soma"
    },
    {
      "stage": "scrape",
      "zone": "Polanco",
      "session": 1,
      "todo": 5,
      "saved": 3,
      "skipped": 3,
      "exit": 0,
      "label": "deep-mexico-city-polanco-1788557751",
      "venue_ids": [
        "biquini-wax-eps",
        "galeria-lopez-quiroga",
        "galeria-oscar-roman",
        "ls-galeria",
        "proyectos-monclova"
      ],
      "started_ts": 1788557751,
      "ended_ts": 1788558011
    },
    {
      "stage": "backfill",
      "venue_id": "peana"
    },
    {
      "stage": "backfill",
      "venue_id": "salon-silicon"
    },
    {
      "stage": "backfill",
      "venue_id": "terreno-baldio-arte"
    },
    {
      "stage": "scrape",
      "zone": "Colonia Juárez/Cuauhtémoc",
      "session": 2,
      "todo": 8,
      "saved": 4,
      "skipped": 4,
      "exit": 0,
      "label": "deep-mexico-city-colonia-ju-rez-cuauht-moc-1788557828",
      "venue_ids": [
        "galeria-nordenhake",
        "jo-hs",
        "la-cometa-mexico",
        "llano",
        "lodos",
        "mariane-ibrahim",
        "pequod-co",
        "praxis-mexico"
      ],
      "started_ts": 1788557828,
      "ended_ts": 1788558153
    },
    {
      "stage": "backfill",
      "venue_id": "proyector"
    },
    {
      "stage": "backfill",
      "venue_id": "relaciones-publicas"
    },
    {
      "stage": "scrape",
      "zone": "Roma/Condesa",
      "session": 2,
      "todo": 3,
      "saved": 4,
      "skipped": 0,
      "exit": 0,
      "label": "deep-mexico-city-roma-condesa-1788558011",
      "venue_ids": [
        "peana",
        "salon-silicon",
        "terreno-baldio-arte"
      ],
      "started_ts": 1788558011,
      "ended_ts": 1788558220
    },
    {
      "stage": "backfill",
      "venue_id": "travesia-cuatro"
    },
    {
      "stage": "scrape",
      "zone": "San Miguel Chapultepec",
      "session": 2,
      "todo": 4,
      "saved": 4,
      "skipped": 1,
      "exit": 0,
      "label": "deep-mexico-city-san-miguel-chapultepec-1788557958",
      "venue_ids": [
        "masa",
        "patricia-conde-galeria",
        "saenger-galeria",
        "soma"
      ],
      "started_ts": 1788557958,
      "ended_ts": 1788558223
    },
    {
      "stage": "scrape",
      "zone": "San Rafael/Santa María la Ribera",
      "session": 2,
      "todo": 2,
      "saved": 0,
      "skipped": 2,
      "exit": 0,
      "label": "deep-mexico-city-san-rafael-santa-mar-a-la-ribera-1788558153",
      "venue_ids": [
        "proyector",
        "relaciones-publicas"
      ],
      "started_ts": 1788558153,
      "ended_ts": 1788558291
    },
    {
      "stage": "scrape",
      "zone": "Colonia Juárez/Cuauhtémoc",
      "session": 3,
      "todo": 1,
      "saved": 1,
      "skipped": 0,
      "exit": 0,
      "label": "deep-mexico-city-colonia-ju-rez-cuauht-moc-1788558220",
      "venue_ids": [
        "travesia-cuatro"
      ],
      "started_ts": 1788558220,
      "ended_ts": 1788558422
    }
  ],
  "verification": {
    "mexico-city": {
      "verified": 38,
      "corrected": 0,
      "unverified": 2,
      "unchecked": [],
      "published": 24,
      "pending": [
        {
          "slug": "hydra-territorios-inasibles",
          "venue": "Hydra + Fotografía",
          "reason": "Venue's site menu still labels \"Territorios Inasibles\" as EXPOSICIÓN ACTUAL (current exhibition) with no dates published; corroborated by a Hydra social post referencing the same show. Venue site still lists no closing date, so it stays held per date-fill rule."
        },
        {
          "slug": "campeche-salvador-xharicata",
          "venue": "Campeche",
          "reason": "Venue's own viewing-room page confirms the show opened 27 August 2026 and is still listed as \"Current viewing_room\" with no closing date published; venue site still lists no closing date."
        },
        {
          "slug": "gaga-gurrola-mcdonald",
          "venue": "House of Gaga",
          "reason": "Venue's own exhibitions page and dedicated show page confirm \"Dibujos en papel │ Esculturas\" (Gurrola/McDonald, curated by Mauricio Marcín) as a current Gaga Mexico City show; venue site still lists no opening/closing dates."
        },
        {
          "slug": "germino-gemimos-germinamos",
          "venue": "Casa del Lago UNAM",
          "reason": null
        },
        {
          "slug": "yo-solia-ser-uno-de-ellos",
          "venue": "Galería Enrique Guerrero",
          "reason": "venue site still lists no closing date"
        },
        {
          "slug": "apnea",
          "venue": "LABOR",
          "reason": null
        },
        {
          "slug": "hacer-lugar",
          "venue": "LagoAlgo",
          "reason": null
        },
        {
          "slug": "una-obsesion-por-las-flores",
          "venue": "LagoAlgo",
          "reason": null
        },
        {
          "slug": "oscar-roman-von-gunten",
          "venue": "Galería Oscar Román",
          "reason": "Venue's own homepage still features \"Roger von Gunten – Estados de Inocencia\" as its current exhibition (with full catalogue link) as of Sept 4 2026, confirming it remains on view; however the site still publishes no opening/closing dates anywhere, and no Artsy listing for this specific show could be found to fill them in, so dates stay unknown per policy (never estimate)."
        },
        {
          "slug": "lodos-isaac-de-reza-leaner-mind",
          "venue": "Lodos",
          "reason": "Venue's exhibitions page lists it under \"Currently on view\": Isaac De Reza, Leaner Mind, Opening September 3, 2026, Colonia Juárez. No closing date published anywhere, so it stays held per date-fill rule."
        },
        {
          "slug": "pequod-fatima-rodrigo",
          "venue": "Pequod Co.",
          "reason": "Venue's own exhibitions page lists Fátima Rodrigo's show under \"Current\" with opening 08/28/26; no closing date published anywhere, so it stays held per date-fill rule."
        },
        {
          "slug": "peana-no-tenemos-caballos",
          "venue": "PEANA",
          "reason": "PEANA's own exhibition page states the show ran \"25 June - 15 August 2026\" (not through Sept 5 as saved); the show already closed on Aug 15, 2026, before today's date."
        },
        {
          "slug": "peana-musica-genetica",
          "venue": "PEANA",
          "reason": "Could not confirm this exhibition or its dates on PEANA's own site within available research tools; only tangential artist bio/dossier pages were found, which list Alan Sierra's exhibitions only through 2025 and do not mention this 2026 show."
        },
        {
          "slug": "salon-silicon-flora-intestinal",
          "venue": "Salón Silicón",
          "reason": "Venue's own \"Exposiciones Actuales / Current Exhibitions\" page confirms Marina Daiez's \"Flora Intestinal\" as a current show; venue site still lists no opening/closing date."
        },
        {
          "slug": "salon-silicon-pablo-bondi",
          "venue": "Salón Silicón",
          "reason": "Venue's own \"Exposiciones Actuales / Current Exhibitions\" page confirms Pablo Bondi's \"¡Que te ruegue quien te quiera!\" as a current show; venue site still lists no opening/closing date."
        },
        {
          "slug": "travesia-cuatro-molinos-gordo",
          "venue": "Travesía Cuatro",
          "reason": "Independently confirmed via GAMA Week 2026 guide (dates read from each venue's own site on 27 Aug 2026) that Travesía Cuatro opens Asunción Molinos Gordo on September 3, 2026; venue's own site does not yet publish a closing date, so it stays held per date-fill rule."
        }
      ]
    }
  },
  "manifest": "/mnt/c/Projects/260903_GalleryBrowser/GalleryBrowser/content/spend/deep_run-mexico-city-1788557333.json"
}
mexico-city: 40 shows, 0 with a published blurb, 0 venue objects updated, 0 without venue_id
mexico-city: 55 verified venues -> /mnt/c/Projects/260903_GalleryBrowser/GalleryBrowser/scraper/run_deep.py --city mexico-city --venue-ids @/mnt/c/Projects/260903_GalleryBrowser/GalleryBrowser/content/expansion/mexico-city/shows-ids.txt --force-due --total-budget 70.0 --session-budget 4.5 --session-todo 8 --workers 3 --no-report
