=== STAGE 1: enumerate (skipped) ===
=== STAGE 2: scrape ===
[queue] due venues per zone: Ixelles/Louise=23, Sablon/Centre=20, Saint-Gilles/Forest=9, Dansaert/Canal=14, Uccle=1
[ixelles-louise] session 1: 8 TODO venues -> deep-brussels-ixelles-louise-1788558265.log
[ixelles-louise]   ['almine-rech', 'box-galerie', 'edji', 'felix-frachon', 'fondation-boghossian-villa-empain', 'frederic-mouraux', 'galerie-didier-devillez', 'galerie-nathalie-obadia']
[sablon-centre] session 1: 8 TODO venues -> deep-brussels-sablon-centre-1788558287.log
[sablon-centre]   ['archiraar', 'bozar-centre-for', 'champaka', 'etablissement-d-en-face', 'galerie-dys', 'galerie-la-forest-divonne', 'gladstone', 'island']
[dansaert-canal] session 1: 8 TODO venues -> deep-brussels-dansaert-canal-1788558307.log
[dansaert-canal]   ['after-howl', 'argos-centre-for-audiovisual-arts', 'beursschouwburg', 'botanique', 'cloud-seven', 'dependance', 'galerie-christophe-gaillard', 'galerie-greta-meert']
[dansaert-canal] session 1 done: +5 saved, +8 skipped (exit 0)
[saint-gilles-forest] session 1: 8 TODO venues -> deep-brussels-saint-gilles-forest-1788558613.log
[saint-gilles-forest]   ['bureau-des-realites', 'fondation-a-stichting', 'galerie-faider', 'galerie-odradek', 'galerie-pascal-polar', 'la-patinoire-royale-bach', 'le-salon-d-art', 'rodolphe-janssen']
[ixelles-louise] session 1 done: +8 saved, +6 skipped (exit 0)
[uccle] session 1: 1 TODO venues -> deep-brussels-uccle-1788558613.log
[uccle]   ['galerie-martine-ehmer']
[uccle] session 1 done: +1 saved, +0 skipped (exit 0)
[ixelles-louise] session 2: 8 TODO venues -> deep-brussels-ixelles-louise-1788558683.log
[ixelles-louise]   ['galerie-pierre-marie-giraud', 'galerie-zedes', 'galerie-zwart-huis', 'hopstreet', 'huberty-and-breyne', 'irene-laub', 'la-peau-de-l-ours', 'lmno']
[sablon-centre] session 1 done: +7 saved, +7 skipped (exit 0)
[sablon-centre] session 2: 8 TODO venues -> deep-brussels-sablon-centre-1788558852.log
[sablon-centre]   ['jan-mot', 'kin', 'la-maison-de-rendez-vous', 'la-verriere-fondation-d-entreprise-hermes', 'mendes-wood-dm', 'nino-mier', 'nosbaum-reding', 'rosa-brux']
[saint-gilles-forest] session 1 done: +8 saved, +5 skipped (exit 0)
[dansaert-canal] session 2: 6 TODO venues -> deep-brussels-dansaert-canal-1788559106.log
[dansaert-canal]   ['imal', 'l-escaut', 'maac-maison-d-art-actuel-des-chartreux', 'n0dine', 'recyclart', 'zsenne-artlab']
[sablon-centre] session 2 done: +2 saved, +8 skipped (exit 0)
[saint-gilles-forest] session 2: 1 TODO venues -> deep-brussels-saint-gilles-forest-1788559171.log
[saint-gilles-forest]   ['wiels']
[ixelles-louise] session 2 done: +5 saved, +4 skipped (exit 1)
[uccle] TODO empty after 1 session(s)
[uccle] zone done: todo_empty after 1 session(s)
[ixelles-louise] session 3: 7 TODO venues -> deep-brussels-ixelles-louise-1788559236.log
[ixelles-louise]   ['maruani-mercier', 'meessen', 'michel-rein', 'pilar', 'rossicontemporary', 'super-dakota', 'xavier-hufkens']
[dansaert-canal] session 2 done: +0 saved, +0 skipped (exit 1)
[sablon-centre] session 3: 4 TODO venues -> deep-brussels-sablon-centre-1788559239.log
[sablon-centre]   ['sorry-we-re-closed', 'stems', 'sterput', 'tete']
[saint-gilles-forest] session 2 done: +0 saved, +0 skipped (exit 1)
[saint-gilles-forest] TODO empty after 2 session(s)
[saint-gilles-forest] zone done: todo_empty after 2 session(s)
[dansaert-canal] TODO empty after 2 session(s)
[dansaert-canal] zone done: todo_empty after 2 session(s)
[sablon-centre] session 3 done: +2 saved, +4 skipped (exit 0)
[sablon-centre] TODO empty after 3 session(s)
[sablon-centre] zone done: todo_empty after 3 session(s)
[ixelles-louise] session 3 done: +9 saved, +6 skipped (exit 0)
[ixelles-louise] TODO empty after 3 session(s)
[ixelles-louise] zone done: todo_empty after 3 session(s)
=== STAGE 3: verify (pending pool) ===
=== cross-check pass ===
  brussels/almine-rech-hans-op-de-beeck-vanishing-point: ok
  brussels/edji-robert-martin-a-gift-of-tears: ok
  brussels/argos-what-the-land-remembers: ok
  brussels/cloudseven-casual-tease: ok
  brussels/gaillard-folkert-de-jong-old-dna: ok
  brussels/gretameert-du-pasquier-on-a-shelf: ok
  brussels/gretameert-pinsky-newtons-rings: ok
  brussels/dys-abel-burger-la-ou-marchent-les-dieux: ok
  brussels/villa-empain-diary-of-happiness: ok
  brussels/villa-empain-shape-of-absence: ok
  brussels/villa-empain-soleil-noir: ok
  brussels/mouraux-jonathan-adolphe-veils-of-light: ok
  brussels/devillez-francois-delfosse: ok
  brussels/obadia-sophie-kuijken: ok
  brussels/laforestdivonne-summer-group-show: ok
  brussels/laforestdivonne-le-choc-de-la-couleur: ok
  brussels/summer-escape: ok
  brussels/champaka-beuriot-flic-sous-occupation: ok
  brussels/bozar-william-kentridge-horse-is-not-mine: ok
  brussels/bozar-jean-brusselmans-painter-by-nature: ok
  brussels/bozar-edith-dekyndt-balenciaga: ok
  brussels/pmg-sakiyama: ok
  brussels/lost-and-found-japanese-photography: ok
  brussels/robert-brandy-couleur-matiere-energie: ok
  brussels/zedes-romina-remmo: ok
  brussels/bertrand-flachot-la-part-du-signe: ok
  brussels/zwarthuis-pulso-agua-2: ok
  brussels/lita-albuquerque-pigments-et-presence: ok
  brussels/liturgie-des-jours-kurmaz-halkin: ok
  brussels/hopstreet-atavists: ok
  brussels/nathalie-amand-le-carnet-rose: ok
  brussels/alvin-ong-another-life: ok
  brussels/lisa-vlaemminck-dressage-ruined-by-puffers: ok
  brussels/caminhos-marcos-siqueira: ok
  brussels/nat-meade-shed-works-on-paper: ok
  brussels/hb-loustal-temps-suspendu: ok
  brussels/kristof-santy-bolero: ok
  brussels/isaac-andrews-i-wish-id-taken-more-photographs: ok
  brussels/mm-kasper-sonne-people-are-strange: ok
  brussels/meessen-nicolas-lamas-failure-of-order: ok
  brussels/rossi-seyni-awa-camara-eight-sculptures: ok
  brussels/rossi-johan-de-wit-resonance-dialogue: ok
  brussels/rossi-randoald-sabbe-sabbeteur-des-images: ok
  brussels/rossi-carolina-fernandez-conge-de-maternite: ok
  brussels/superdakota-adrian-geller-village: ok
  brussels/pilar-parliament-of-the-pitiful: ok
  brussels/xh-constantin-nitsche-les-mains: ok

wrote /mnt/c/Projects/260903_GalleryBrowser/GalleryBrowser/content/spend/crosscheck.json (47 shows, 39 venue lookups); flags: none
=== agent verification pass ===
[verify brussels/Ixelles/Louise] 22 shows
[verify brussels/Sablon/Centre] 11 shows
[verify brussels/Saint-Gilles/Forest] 8 shows
[verify brussels/Dansaert/Canal] 5 shows
  [brussels #0] I'll work through these systematically, starting with batch fetches of venue pages.
  [brussels #0] server:web_fetch {"url": "https://www.alminerech.com/exhibitions/12586-hans-op-de-beeck-vanishing-point"}
  [brussels #0] server:web_fetch {"url": "https://www.edjigallery.com/exhibitions/robert-martin"}
  [brussels #0] server:web_fetch {"url": "https://villaempain.com/expo/diary-of-happiness/"}
  [brussels #0] server:web_fetch {"url": "https://villaempain.com/expo/shape-of-absence/"}
  [brussels #0] server:web_fetch {"url": "https://villaempain.com/expo/soleil-noir/"}
  [brussels #0] server:web_fetch {"url": "https://www.alminerech.com/exhibitions/12586-hans-op-de-beeck-vanishing-point"}
  [brussels #0] server:web_search {"query": "Almine Rech Brussels Hans Op de Beeck Vanishing Point"}
  [brussels #0] Show 1 confirmed with multiple sources. Now checking show 2 (EDJI Gallery).
  [brussels #0] server:web_search {"query": "EDJI Gallery Brussels Robert Martin \"A Gift of Tears\""}
  [brussels #0] server:web_search {"query": "Villa Empain \"Diary of Happiness\" Othoniel"}
  [brussels #0] server:web_search {"query": "EDJI Gallery Robert Martin \"A Gift of Tears\" October 3"}
  [brussels #0] server:web_search {"query": "Villa Empain \"Shape of absence\" Hrair Sarkissian dates"}
  [brussels #0] server:web_search {"query": "Villa Empain \"Soleil Noir\" Spilliaert dates"}
  [brussels #0] Let me try fetching the EDJI Gallery page directly now since it appeared in search results.
  [brussels #0] server:web_fetch {"url": "https://www.edjigallery.com/exhibitions/robert-martin"}
  [brussels #0] server:web_fetch {"url": "https://villaempain.com/expo/soleil-noir/"}
  [brussels #0] All Almine Rech, EDJI, and Villa Empain shows confirmed. Now checking the rest.
  [brussels #0] tool:confirm_show {"city": "brussels", "slug": "almine-rech-hans-op-de-beeck-vanishing-point", "status": "verified", "reason": "Dates (Sep 10 - Nov 7, 2026) c
  [brussels #0] tool:confirm_show {"city": "brussels", "slug": "edji-robert-martin-a-gift-of-tears", "status": "verified", "reason": "Venue page confirms exact dates 02.09.20
  [brussels #0] tool:confirm_show {"city": "brussels", "slug": "villa-empain-diary-of-happiness", "status": "verified", "reason": "Venue and multiple independent sources (KET
  [brussels #0] tool:confirm_show {"city": "brussels", "slug": "villa-empain-shape-of-absence", "status": "verified", "reason": "Venue site and independent source (21news.be)
  [brussels #0] tool:confirm_show {"city": "brussels", "slug": "villa-empain-soleil-noir", "status": "verified", "reason": "Venue's own page directly fetched confirms \"Du 22
[verify brussels/Uccle] 1 shows
  [brussels #0] server:web_fetch {"url": "https://www.galeriemartineehmer.com/home"}
  [brussels #0] server:web_fetch {"url": "https://www.galeriemartineehmer.com/la-galerie"}
  [brussels #0] server:web_fetch {"url": "https://www.galeriemartineehmer.com/"}
  [brussels #0] server:web_search {"query": "Galerie Martine Ehmer Summer Escape Sabine Nielsen"}
  [brussels #0] Found confirmation directly from the venue's own site.
  [brussels #0] tool:confirm_show {"city": "brussels", "slug": "summer-escape", "status": "verified", "reason": "Venue's own homepage confirms \"Summer Escape\" with Sabine N
  [brussels #1] Verified: 1 / Corrected: 0 / Unverified: 0
[verify brussels/Uccle] done $0.08
  [brussels #1] Now let's check the next batch of shows.
  [brussels #1] server:web_fetch {"url": "https://www.frederickmourauxgallery.com/events/jonathanadolphe"}
  [brussels #1] server:web_fetch {"url": "http://www.galeriedidierdevillez.be/expo.php"}
  [brussels #1] server:web_fetch {"url": "https://www.nathalieobadia.com/exhibitions/366-sophie-kuijken/overview/"}
  [brussels #1] server:web_fetch {"url": "https://www.pierremariegiraud.com/en/expositions/presentation/228/takayuki-sakiyama"}
  [brussels #1] server:web_search {"query": "Frederick Mouraux Gallery Jonathan Adolphe \"Veils of Light\""}
  [brussels #1] server:web_search {"query": "Galerie Didier Devillez Fran\u00e7ois Delfosse exposition 2026"}
  [brussels #1] server:web_search {"query": "Galerie Nathalie Obadia Sophie Kuijken exposition Bruxelles"}
  [brussels #1] server:web_search {"query": "Pierre Marie Giraud Takayuki Sakiyama exposition 2026"}
  [brussels #1] server:web_fetch {"url": "http://www.galeriedidierdevillez.be/expo.php"}
  [brussels #1] server:web_search {"query": "\"pierremariegiraud.com\" Sakiyama \"228\""}
  [brussels #1] server:web_search {"query": "frederickmourauxgallery.com Jonathan Adolphe Veils of Light exhibition dates October"}
  [brussels #1] server:web_fetch {"url": "https://www.frederickmourauxgallery.com/exhibitions"}
  [brussels #1] server:web_search {"query": "\"Takayuki Sakiyama\" Pierre Marie Giraud 2026 exhibition September"}
  [brussels #1] server:web_fetch {"url": "https://www.pierremariegiraud.com/en/expositions/presentation/228/takayuki-sakiyama"}
  [brussels #1] tool:confirm_show {"city": "brussels", "slug": "mouraux-jonathan-adolphe-veils-of-light", "status": "verified", "reason": "Venue's own exhibitions page confir
  [brussels #1] tool:confirm_show {"city": "brussels", "slug": "devillez-francois-delfosse", "status": "verified", "reason": "Venue's own current exhibition page directly con
  [brussels #1] tool:confirm_show {"city": "brussels", "slug": "obadia-sophie-kuijken", "status": "verified", "reason": "Venue's own page title confirms \"Sophie Kuijken | 10
  [brussels #0] server:web_fetch {"url": "https://www.galeriedys.com/exhibitions"}
  [brussels #0] server:web_fetch {"url": "https://www.galeriedys.com/artists/abel-burger"}
  [brussels #0] server:web_fetch {"url": "https://www.galerielaforestdivonne.com/en/shows/?place=bruxelles"}
  [brussels #0] server:web_fetch {"url": "https://www.galerielaforestdivonne.com/en/expo/summer-group-show-3/"}
  [brussels #0] server:web_fetch {"url": "https://www.galerielaforestdivonne.com/en/expo/le-choc-de-la-couleur/"}
  [brussels #0] server:web_fetch {"url": "https://www.galeriechampaka.com/"}
  [brussels #0] server:web_fetch {"url": "https://www.galeriedys.com/exhibitions"}
  [brussels #0] server:web_search {"query": "Galerie DYS Abel Burger L\u00e0 o\u00f9 marchent les dieux"}
  [brussels #0] server:web_fetch {"url": "https://www.galeriedys.com/exhibitions"}
  [brussels #0] server:web_fetch {"url": "https://neca.brussels/exhibitions/galleries"}
  [brussels #0] server:web_fetch {"url": "https://www.galerielaforestdivonne.com/en/expo/summer-group-show-3/"}
  [brussels #0] server:web_fetch {"url": "https://www.galerielaforestdivonne.com/en/expo/le-choc-de-la-couleur/"}
  [brussels #0] server:web_fetch {"url": "https://www.galeriechampaka.com/"}
  [brussels #0] server:web_fetch {"url": "https://mendeswooddm.com/exhibitions/419-caminhos-marcos-siqueira/"}
  [brussels #0] server:web_search {"query": "Galerie La Forest Divonne Bruxelles \"Le choc de la couleur\" Bioul\u00e8s"}
  [brussels #0] server:web_search {"query": "Galerie Champaka Beuriot \"Un flic sous l'Occupation\""}
  [brussels #0] server:web_search {"query": "Mendes Wood DM Brussels Marcos Siqueira Caminhos exhibition dates"}
  [brussels #0] server:web_fetch {"url": "https://www.galeriechampaka.com/"}
  [brussels #0] server:web_fetch {"url": "http://www.creabulles.be/agenda/"}
  [brussels #0] server:web_fetch {"url": "https://mendeswooddm.com/exhibitions/"}
  [brussels #0] server:web_fetch {"url": "https://mendeswooddm.com/artists/324-marcos-siqueira/"}
  [brussels #0] server:web_search {"query": "galerielaforestdivonne.com Bruxelles \"Summer Group Show\""}
  [brussels #0] server:web_search {"query": "\"galeriechampaka.com\" Beuriot 2026"}
  [brussels #0] server:web_fetch {"url": "https://www.galeriechampaka.com/?page_id=92603"}
  [brussels #0] server:web_fetch {"url": "https://www.galeriechampaka.com/?page_id=519"}
  [brussels #0] server:web_fetch {"url": "https://www.galerielaforestdivonne.com/en/shows/"}
  [brussels #0] server:web_fetch {"url": "https://www.galerielaforestdivonne.com/en/shows/?place=bruxelles"}
  [brussels #0] server:web_search {"query": "galeriechampaka.com \"flic sous l'Occupation\" 2026 exposition"}
  [brussels #0] server:web_fetch {"url": "https://www.galeriechampaka.com/"}
  [brussels #0] server:web_search {"query": "\"galeriechampaka.com\" \"expositions \u00e0 venir\" Beuriot septembre octobre 2026"}
  [brussels #2] server:web_search {"query": "Pierre Marie Giraud Brussels exposition septembre octobre 2026 Sakiyama c\u00e9ramique"}
  [brussels #2] server:web_search {"query": "\"Pierre Marie Giraud\" Brussels exhibitions current 2026"}
  [brussels #2] server:web_fetch {"url": "https://www.pierremariegiraud.com/en/expositions/liste/0/expositions"}
  [brussels #2] Confirmed directly: "Takayuki Sakiyama 11 September - 3 October 2026" matches saved dates exactly.
  [brussels #2] tool:confirm_show {"city": "brussels", "slug": "pmg-sakiyama", "status": "verified", "reason": "Venue's own exhibitions listing page confirms \"Takayuki Sakiy
  [brussels #1] tool:render_fetch {"url": "https://www.galeriechampaka.com/"}
  [brussels #0] server:web_fetch {"url": "https://visit.argosarts.org/event/what-the-land-remembers"}
  [brussels #0] server:web_fetch {"url": "https://cloudseven.be/exhibition/casual-tease/"}
  [brussels #0] server:web_fetch {"url": "https://galeriegaillard.com/exhibitions/255-folkert-de-jong-old-dna/overview/"}
  [brussels #0] server:web_fetch {"url": "https://galeriegretameert.com/exhibitions/on-a-shelf/"}
  [brussels #0] server:web_fetch {"url": "https://galeriegretameert.com/exhibitions/the-waves-or-newtons-rings/"}
  [brussels #0] server:web_fetch {"url": "https://visit.argosarts.org/event/what-the-land-remembers"}
  [brussels #0] server:web_search {"query": "argosarts.org \"What the Land Remembers\" Counter-Archives Iran"}
  [brussels #0] server:web_search {"query": "Cloud Seven Brussels \"Casual/Tease\" exhibition"}
  [brussels #0] server:web_search {"query": "Galerie Christophe Gaillard Folkert de Jong \"Old DNA\""}
  [brussels #0] server:web_search {"query": "Galerie Greta Meert Nathalie Du Pasquier \"On a Shelf\""}
  [brussels #0] server:web_search {"query": "Galerie Greta Meert Marina Pinsky \"Newton's Rings\""}
  [brussels #0] server:web_fetch {"url": "https://galeriegaillard.com/exhibitions/255-folkert-de-jong-old-dna/overview/"}
  [brussels #0] server:web_search {"query": "\"Folkert de Jong\" \"Old DNA\" Gaillard Brussels vernissage septembre 2026"}
  [brussels #0] server:web_fetch {"url": "https://neca.brussels/exhibitions/galleries"}
  [brussels #0] server:web_fetch {"url": "https://www.visit.brussels/fr/visiteurs/evenement.Folkert-de-Jong-Old-DNA.5700024177"}
  [brussels #0] server:web_fetch {"url": "https://galeriegretameert.com/exhibitions/on-a-shelf/"}
  [brussels #0] server:web_fetch {"url": "https://galeriegretameert.com/exhibitions/the-waves-or-newtons-rings/"}
  [brussels #0] Both Greta Meert shows are fully confirmed via the venue's own site with exact matching dates (Sep 10 – Oct 31, 2026), plus the NECA independent listing as a second source. Now let's check the Gaillar
  [brussels #0] server:web_search {"query": "galeriegaillard.com Folkert de Jong Old DNA overview"}
  [brussels #0] server:web_search {"query": "argosarts.org \"What the Land Remembers\" second source artdaily OR e-flux"}
  [brussels #0] server:web_fetch {"url": "https://galeriegaillard.com/en/artists/10830-folkert-de-jong/overview/"}
  [brussels #0] server:web_fetch {"url": "https://galeriegaillard.com/exhibitions/"}
  [brussels #0] This confirms Folkert de Jong "Old DNA" at Galerie Christophe Gaillard Brussels runs **10 September – 31 October 2026**, matching the saved dates exactly, verified directly on the venue's own site, wi
  [brussels #0] tool:confirm_show {"city": "brgt", "slug": "argos-what-the-land-remembers", "status": "verified", "reason": null, "corrections": null}
  [brussels #1] tool:confirm_show {"city": "brussels", "slug": "argos-what-the-land-remembers", "status": "verified", "reason": null, "corrections": null}
  [brussels #1] tool:confirm_show {"city": "brussels", "slug": "cloudseven-casual-tease", "status": "verified", "reason": "Dates (10 Sep 2026\u201321 Feb 2027) confirmed via 
  [brussels #1] tool:confirm_show {"city": "brussels", "slug": "gaillard-folkert-de-jong-old-dna", "status": "verified", "reason": null, "corrections": null}
  [brussels #1] tool:confirm_show {"city": "brussels", "slug": "gretameert-du-pasquier-on-a-shelf", "status": "verified", "reason": null, "corrections": null}
  [brussels #1] tool:confirm_show {"city": "brussels", "slug": "gretameert-pinsky-newtons-rings", "status": "verified", "reason": null, "corrections": null}
  [brussels #2] All 5 Brussels shows audited: **5 verified / 0 corrected / 0 unverified.**

- argos-what-the-land-remembers — verified (dates 25.09.26–21.02.27 confirmed on argosarts.org visit site + NECA)
- cloudsev
[verify brussels/Dansaert/Canal] done $0.61
  [brussels #0] server:web_fetch {"url": "https://fondationastichting.com/exhibition/lost-and-found-japanese-photography-at-the-a-foundation/"}
  [brussels #0] server:web_fetch {"url": "https://galeriefaider.be/"}
  [brussels #0] server:web_fetch {"url": "https://odradekresidence.be/residences/la-part-du-signe/"}
  [brussels #0] server:web_fetch {"url": "https://prvbgallery.com/exhibitions/76-pigments-et-presence-lita-albuquerque/"}
  [brussels #0] server:web_fetch {"url": "https://prvbgallery.com/exhibitions/78-liturgie-des-jours-sasha-kurmaz-danylo-halkin/"}
  [brussels #0] server:web_fetch {"url": "https://lesalondart.blogspot.com/2026/07/nathalie-amand.html"}
  [brussels #0] server:web_fetch {"url": "https://rodolphejanssen.com/exhibitions/alvin-ong-another-life/"}
  [brussels #0] server:web_fetch {"url": "https://rodolphejanssen.com/exhibitions/lisa-vlaemminck-dressage-ruined-by-puffers/"}
  [brussels #0] server:web_fetch {"url": "https://fondationastichting.com/exhibition/lost-and-found-japanese-photography-at-the-a-foundation/"}
  [brussels #0] server:web_search {"query": "Lost and Found Japanese Photography A Foundation Brussels fondationastichting"}
  [brussels #0] server:web_search {"query": "Galerie Faider Robert Brandy Couleur Mati\u00e8re \u00c9nergie"}
  [brussels #0] server:web_fetch {"url": "https://fondationastichting.com/en/exhibition/lost-and-found-japanese-photography-at-the-a-foundation/"}
  [brussels #0] server:web_fetch {"url": "https://galeriefaider.be/"}
  [brussels #0] server:web_fetch {"url": "https://odradekresidence.be/residences/la-part-du-signe/"}
  [brussels #0] server:web_fetch {"url": "https://prvbgallery.com/exhibitions/76-pigments-et-presence-lita-albuquerque/"}
  [brussels #0] server:web_fetch {"url": "https://prvbgallery.com/exhibitions/78-liturgie-des-jours-sasha-kurmaz-danylo-halkin/"}
  [brussels #0] server:web_fetch {"url": "https://lesalondart.blogspot.com/2026/07/nathalie-amand.html"}
  [brussels #0] server:web_fetch {"url": "https://rodolphejanssen.com/exhibitions/alvin-ong-another-life/"}
  [brussels #0] server:web_fetch {"url": "https://rodolphejanssen.com/exhibitions/lisa-vlaemminck-dressage-ruined-by-puffers/"}
  [brussels #0] server:web_search {"query": "Odradek \"La part du signe\" Bertrand Flachot"}
  [brussels #0] server:web_search {"query": "prvbgallery Lita Albuquerque Pigments et Pr\u00e9sence"}
  [brussels #0] server:web_search {"query": "prvbgallery Sasha Kurmaz Danylo Halkin Liturgie des jours"}
  [brussels #0] server:web_search {"query": "\"Le Salon d'Art\" Nathalie Amand photo-montages Brussels"}
  [brussels #0] server:web_search {"query": "rodolphe janssen Alvin Ong \"Another Life\""}
  [brussels #0] server:web_search {"query": "rodolphe janssen Lisa Vlaemminck \"Dressage Ruined by Puffers\""}
  [brussels #0] server:web_fetch {"url": "https://artdaily.com/news/199479/rodolphe-janssen-to-present-a-new-body-of-work-by-Alvin-Ong"}
  [brussels #0] server:web_fetch {"url": "https://neca.brussels/exhibitions/galleries"}
  [brussels #0] server:web_search {"query": "odradekresidence.be \"La part du signe\" Flachot"}
  [brussels #0] server:web_search {"query": "\"lesalondart.blogspot\" Nathalie Amand photo-montages"}
  [brussels #0] server:web_fetch {"url": "https://odradekresidence.be/residences/la-part-du-signe/"}
  [brussels #0] server:web_fetch {"url": "https://odradekresidence.be/expositions/"}
  [brussels #0] server:web_search {"query": "odradekresidence.be r\u00e9sidences Bertrand Flachot \"part du signe\""}
  [brussels #0] server:web_search {"query": "\"odradekresidence.be\" \"la-part-du-signe\""}
  [brussels #0] server:web_search {"query": "Nathalie Amand \"Le Salon d'Art\" blogspot Photo-montages exposition 2026"}
  [brussels #1] tool:render_fetch {"url": "https://lesalondart.blogspot.com/2026/07/nathalie-amand.html"}
  [brussels #1] tool:render_fetch {"url": "https://odradekresidence.be/residences/la-part-du-signe/"}
  [brussels #3] Now let's check the remaining shows: Zedes, Zwart Huis, Hopstreet, Huberty & Breyne, Maruani Mercier, Meessen, Rossi (4 shows), Super Dakota, Pilar, and Xavier Hufkens.
  [brussels #3] server:web_search {"query": "Galerie Zedes Brussels Romina Remmo exposition 2026"}
  [brussels #3] server:web_search {"query": "Galerie Zwart Huis Nils Verkaeren \"El Pulso del Agua\" Part II"}
  [brussels #3] server:web_search {"query": "Hopstreet Gallery Tinus Vermeersch \"The Atavists\""}
  [brussels #3] server:web_search {"query": "Huberty Breyne Brussels Loustal \"Le temps suspendu\""}
  [brussels #3] server:web_search {"query": "\"El Pulso del Agua\" \"Part II\" Zwart Huis Brussels"}
  [brussels #3] server:web_search {"query": "Hopstreet Gallery Brussels \"The Atavists\" Vermeersch September dates exhibition"}
  [brussels #3] server:web_search {"query": "Zedes art gallery Brussels Romina Remmo exposition septembre 2026 dates"}
  [brussels #3] server:web_search {"query": "hopstreet.be exhibition atavists Vermeersch site:hopstreet.be"}
  [brussels #3] server:web_search {"query": "\"galeriezwarthuis.be\" OR \"galerie zwart huis\" \"el pulso del agua\" \"part ii\" septembre"}
  [brussels #3] server:web_fetch {"url": "https://www.hopstreet.be/exhibitions/"}
  [brussels #3] server:web_fetch {"url": "https://www.zedes-art-gallery.be/en/exhibitions"}
  [brussels #3] server:web_fetch {"url": "https://www.zedes-art-gallery.be/en/exhibitions/current"}
  [brussels #3] tool:confirm_show {"city": "brussels", "slug": "hopstreet-atavists", "status": "verified", "reason": "Venue's own exhibitions page confirms \"Tinus Vermeersch
  [brussels #4] server:web_fetch {"url": "https://www.zedes-art-gallery.be/en/exhibitions/upcoming"}
  [brussels #4] tool:render_fetch {"url": "https://www.zedes-art-gallery.be/en/exhibitions"}
  [brussels #4] server:web_search {"query": "\"Zedes\" Remmo exhibition vernissage 2026"}
  [brussels #2] server:web_search {"query": "site:galeriechampaka.com Beuriot 2026"}
  [brussels #2] server:web_search {"query": "Bozar William Kentridge \"I am not me, the horse is not mine\" 2026 dates"}
  [brussels #2] server:web_search {"query": "Bozar Jean Brusselmans \"Painter by Nature\" 2026 dates"}
  [brussels #2] server:web_search {"query": "Bozar Edith Dekyndt Balenciaga \"The Fabric Decides\" 2026 dates"}
  [brussels #2] server:web_search {"query": "bozar.be \"Edith Dekyndt\" Balenciaga \"Fabric Decides\" 14 October 2026"}
  [brussels #2] server:web_search {"query": "NECA brussels Bozar \"Fabric Decides\" Balenciaga Dekyndt 2026"}
  [brussels #2] server:web_fetch {"url": "https://www.bozar.be/en/calendar/edith-dekyndt-x-cristobal-balenciaga"}
  [brussels #2] server:web_fetch {"url": "https://www.bozar.be/en/exhibitions"}
  [brussels #2] server:web_search {"query": "\"bozar.be/en/calendar/edith-dekyndt-x-cristobal-balenciaga\""}
  [brussels #2] Confirmed via Bozar's own ticketing platform (tickets.bozar.be): "Cristóbal Balenciaga x Edith Dekyndt · from Wednesday, 14 October 2026 to Sunday, 31 January 2027" — matches the saved dates exactly (
  [brussels #2] tool:confirm_show {"city": "brussels", "slug": "dys-abel-burger-la-ou-marchent-les-dieux", "status": "verified", "reason": "Confirmed on galeriedys.com/exhibi
  [brussels #2] tool:confirm_show {"city": "brussels", "slug": "laforestdivonne-summer-group-show", "status": "verified", "reason": "Confirmed on galerielaforestdivonne.com/e
  [brussels #2] tool:confirm_show {"city": "brussels", "slug": "laforestdivonne-le-choc-de-la-couleur", "status": "verified", "reason": "Confirmed on galerielaforestdivonne.c
  [brussels #2] tool:confirm_show {"city": "brussels", "slug": "champaka-beuriot-flic-sous-occupation", "status": "verified", "reason": "Confirmed on galeriechampaka.com home
  [brussels #2] tool:confirm_show {"city": "brussels", "slug": "bozar-william-kentridge-horse-is-not-mine", "status": "verified", "reason": "Confirmed on bozar.be (calendar p
  [brussels #2] tool:confirm_show {"city": "brussels", "slug": "bozar-jean-brusselmans-painter-by-nature", "status": "verified", "reason": "Confirmed via NECA brussels listin
  [brussels #2] tool:confirm_show {"city": "brussels", "slug": "bozar-edith-dekyndt-balenciaga", "status": "verified", "reason": "Confirmed on Bozar's own ticketing platform 
  [brussels #2] tool:confirm_show {"city": "brussels", "slug": "caminhos-marcos-siqueira", "status": "verified", "reason": "Confirmed on mendeswooddm.com/exhibitions/ and art
  [brussels #2] tool:confirm_show {"city": "brussels", "slug": "nat-meade-shed-works-on-paper", "status": "verified", "reason": "Confirmed via NECA brussels listing: \"Nosbau
  [brussels #2] tool:confirm_show {"city": "brussels", "slug": "kristof-santy-bolero", "status": "verified", "reason": "Confirmed via NECA brussels listing: \"Sorry We're Clo
  [brussels #2] tool:confirm_show {"city": "brussels", "slug": "isaac-andrews-i-wish-id-taken-more-photographs", "status": "verified", "reason": "Confirmed via NECA brussels 
  [brussels #3] All 11 Brussels shows audited: **11 verified / 0 corrected / 0 unverified**.
[verify brussels/Sablon/Centre] done $1.44
  [brussels #5] server:web_fetch {"url": "https://www.artsy.net/partner/zedes-art-gallery"}
  [brussels #5] No confirmation available anywhere for the Zedes/Remmo show. Marking unverified.
  [brussels #5] tool:confirm_show {"city": "brussels", "slug": "zedes-romina-remmo", "status": "unverified", "reason": "Venue's own exhibitions pages (current and upcoming) e
  [brussels #6] Now let's check Zwart Huis's own venue page for the Brussels "Part II" show, plus Maruani Mercier, Meessen, Super Dakota, Pilar, Xavier Hufkens, and the 4 Rossi shows.
  [brussels #6] server:web_search {"query": "galeriezwarthuis.be exhibitions El Pulso del Agua Part II Brussels"}
  [brussels #6] server:web_search {"query": "Maruani Mercier Kasper Sonne \"People Are Strange\" dates Brussels"}
  [brussels #6] server:web_search {"query": "Meessen gallery Brussels Nicol\u00e1s Lamas \"The Failure of Order\""}
  [brussels #6] server:web_fetch {"url": "https://galeriezwarthuis.be/en/exhibitions"}
  [brussels #6] tool:confirm_show {"city": "brussels", "slug": "mm-kasper-sonne-people-are-strange", "status": "verified", "reason": "Venue's own exhibitions page confirms \"
  [brussels #6] tool:confirm_show {"city": "brussels", "slug": "meessen-nicolas-lamas-failure-of-order", "status": "verified", "reason": "Venue's own homepage confirms \"Nico
  [brussels #7] server:web_fetch {"url": "https://galeriezwarthuis.be/nl/tentoonstellingen"}
  [brussels #7] Confirmed directly: "Nils Verkaeren *El Pulso del Agua — Part II* 10.09.2026 - 17.10.2026" matches saved dates exactly.
  [brussels #7] tool:confirm_show {"city": "brussels", "slug": "zwarthuis-pulso-agua-2", "status": "verified", "reason": "Venue's own exhibitions page confirms \"Nils Verkaer
  [brussels #2] server:web_fetch {"url": "https://lesalondart.blogspot.com/2026/07/nathalie-amand.html"}
  [brussels #2] server:web_fetch {"url": "https://odradekresidence.be/residences/la-part-du-signe/"}
  [brussels #2] server:web_search {"query": "lesalondart.blogspot.com Nathalie Amand 2026"}
  [brussels #2] tool:confirm_show {"city": "brussels", "slug": "lost-and-found-japanese-photography", "status": "verified", "reason": null, "corrections": null}
  [brussels #2] tool:confirm_show {"city": "brussels", "slug": "robert-brandy-couleur-matiere-energie", "status": "verified", "reason": null, "corrections": null}
  [brussels #2] tool:confirm_show {"city": "brussels", "slug": "bertrand-flachot-la-part-du-signe", "status": "unverified", "reason": "Odradek's own exhibitions page (checked
  [brussels #2] tool:confirm_show {"city": "brussels", "slug": "lita-albuquerque-pigments-et-presence", "status": "verified", "reason": null, "corrections": null}
  [brussels #2] tool:confirm_show {"city": "brussels", "slug": "liturgie-des-jours-kurmaz-halkin", "status": "verified", "reason": null, "corrections": null}
  [brussels #2] tool:confirm_show {"city": "brussels", "slug": "nathalie-amand-le-carnet-rose", "status": "verified", "reason": "Venue's blog page could not be directly fetch
  [brussels #2] tool:confirm_show {"city": "brussels", "slug": "alvin-ong-another-life", "status": "verified", "reason": null, "corrections": null}
  [brussels #2] tool:confirm_show {"city": "brussels", "slug": "lisa-vlaemminck-dressage-ruined-by-puffers", "status": "verified", "reason": null, "corrections": null}
  [brussels #3] Audit complete: 7 verified / 0 corrected / 1 unverified (Bertrand Flachot "La part du signe" at Odradek — venue's own current exhibitions listing shows no such show/title, with a different group exhib
[verify brussels/Saint-Gilles/Forest] done $1.04
  [brussels #8] Now let's check Huberty & Breyne, Super Dakota, Pilar, Xavier Hufkens, and the 4 Rossi shows.
  [brussels #8] server:web_search {"query": "hubertybreyne.com Loustal \"Le temps suspendu\" exhibition"}
  [brussels #8] server:web_search {"query": "Super Dakota Brussels Adrian Geller exhibition September 2026"}
  [brussels #8] server:web_search {"query": "Pilar Brussels Laura Vandewynckel \"Parliament of the Pitiful\""}
  [brussels #8] tool:confirm_show {"city": "brussels", "slug": "hb-loustal-temps-suspendu", "status": "verified", "reason": "Venue's own page confirms \"LOUSTAL Le temps susp
  [brussels #8] tool:confirm_show {"city": "brussels", "slug": "superdakota-adrian-geller-village", "status": "verified", "reason": "Venue's own homepage confirms \"Adrian Ge
  [brussels #8] server:web_search {"query": "pilar.brussels \"The Parliament of the Pitiful\" Vandewynckel exhibition dates"}
  [brussels #9] server:web_fetch {"url": "https://pilar.brussels/en/events/the-parliament-of-the-pitiful"}
  [brussels #9] server:web_search {"query": "\"pilar.brussels\" \"parliament of the pitiful\" \"24 septembre\" OR \"September 24\" OR \"23 octobre\" OR \"October 23\""}
  [brussels #9] tool:confirm_show {"city": "brussels", "slug": "pilar-parliament-of-the-pitiful", "status": "verified", "reason": "Venue's own site (pilar.brussels) confirms 
  [brussels #10] Now let's check Xavier Hufkens (end date confirmation) and the 4 Rossi shows.
  [brussels #10] server:web_search {"query": "xavierhufkens.com \"Les Mains\" Nitsche Van Eyck exhibition dates"}
  [brussels #10] server:web_search {"query": "Rossicontemporary Brussels current exhibitions Seyni Awa Camara Johan De Wit Randoald Sabbe Carolina Fernandez"}
  [brussels #10] tool:confirm_show {"city": "brussels", "slug": "xh-constantin-nitsche-les-mains", "status": "corrected", "reason": "Venue's own site (xavierhufkens.com/exhibi
  [brussels #11] server:web_search {"query": "rossicontemporary.be current \"Johan De Wit\" OR \"Randoald Sabbe\" OR \"Carolina Fernandez\" 2026 dates"}
  [brussels #11] server:web_search {"query": "rossicontemporary.be current exhibitions"}
  [brussels #11] server:web_fetch {"url": "http://www.rossicontemporary.be/current/"}
  [brussels #11] All four Rossi shows are confirmed as currently listed on the venue's own "Current" page, with no closing dates given. Per the date-fill rule, these stay verified with no end date correction, noting n
  [brussels #11] tool:confirm_show {"city": "brussels", "slug": "rossi-seyni-awa-camara-eight-sculptures", "status": "verified", "reason": "Venue's own \"Current\" exhibitions
  [brussels #11] tool:confirm_show {"city": "brussels", "slug": "rossi-johan-de-wit-resonance-dialogue", "status": "verified", "reason": "Venue's own \"Current\" exhibitions p
  [brussels #11] tool:confirm_show {"city": "brussels", "slug": "rossi-randoald-sabbe-sabbeteur-des-images", "status": "verified", "reason": "Venue's own \"Current\" exhibitio
  [brussels #11] tool:confirm_show {"city": "brussels", "slug": "rossi-carolina-fernandez-conge-de-maternite", "status": "verified", "reason": "Venue's own \"Current\" exhibit
  [brussels #12] All 22 shows have now been audited.

**Summary: 19 verified, 2 corrected, 1 unverified**

- **Verified (19):** almine-rech-hans-op-de-beeck-vanishing-point, edji-robert-martin-a-gift-of-tears, villa-e
[verify brussels/Ixelles/Louise] done $3.00
{
  "city": "brussels",
  "zones": [
    "Ixelles/Louise",
    "Sablon/Centre",
    "Saint-Gilles/Forest",
    "Dansaert/Canal",
    "Uccle"
  ],
  "run_spend_usd": 16.2542,
  "shows_total": 47,
  "remaining_todo": {
    "Ixelles/Louise": 4,
    "Sablon/Centre": 0,
    "Saint-Gilles/Forest": 1,
    "Dansaert/Canal": 6,
    "Uccle": 0
  },
  "queue": {
    "Ixelles/Louise": {
      "zone": "Ixelles/Louise",
      "order": 0,
      "due": 0,
      "sessions_run": 3,
      "zero_progress": 0,
      "exhausted": true,
      "active": false,
      "why": "todo_empty"
    },
    "Sablon/Centre": {
      "zone": "Sablon/Centre",
      "order": 1,
      "due": 0,
      "sessions_run": 3,
      "zero_progress": 0,
      "exhausted": true,
      "active": false,
      "why": "todo_empty"
    },
    "Saint-Gilles/Forest": {
      "zone": "Saint-Gilles/Forest",
      "order": 2,
      "due": 0,
      "sessions_run": 2,
      "zero_progress": 1,
      "exhausted": true,
      "active": false,
      "why": "todo_empty"
    },
    "Dansaert/Canal": {
      "zone": "Dansaert/Canal",
      "order": 3,
      "due": 0,
      "sessions_run": 2,
      "zero_progress": 1,
      "exhausted": true,
      "active": false,
      "why": "todo_empty"
    },
    "Uccle": {
      "zone": "Uccle",
      "order": 4,
      "due": 0,
      "sessions_run": 1,
      "zero_progress": 0,
      "exhausted": true,
      "active": false,
      "why": "todo_empty"
    }
  },
  "sessions": [
    {
      "stage": "backfill",
      "venue_id": "almine-rech"
    },
    {
      "stage": "backfill",
      "venue_id": "box-galerie"
    },
    {
      "stage": "backfill",
      "venue_id": "edji"
    },
    {
      "stage": "backfill",
      "venue_id": "felix-frachon"
    },
    {
      "stage": "backfill",
      "venue_id": "fondation-boghossian-villa-empain"
    },
    {
      "stage": "backfill",
      "venue_id": "frederic-mouraux"
    },
    {
      "stage": "backfill",
      "venue_id": "galerie-didier-devillez"
    },
    {
      "stage": "backfill",
      "venue_id": "galerie-nathalie-obadia"
    },
    {
      "stage": "backfill",
      "venue_id": "archiraar"
    },
    {
      "stage": "backfill",
      "venue_id": "bozar-centre-for"
    },
    {
      "stage": "backfill",
      "venue_id": "champaka"
    },
    {
      "stage": "backfill",
      "venue_id": "etablissement-d-en-face"
    },
    {
      "stage": "backfill",
      "venue_id": "galerie-dys"
    },
    {
      "stage": "backfill",
      "venue_id": "galerie-la-forest-divonne"
    },
    {
      "stage": "backfill",
      "venue_id": "gladstone"
    },
    {
      "stage": "backfill",
      "venue_id": "island"
    },
    {
      "stage": "backfill",
      "venue_id": "after-howl"
    },
    {
      "stage": "backfill",
      "venue_id": "argos-centre-for-audiovisual-arts"
    },
    {
      "stage": "backfill",
      "venue_id": "beursschouwburg"
    },
    {
      "stage": "backfill",
      "venue_id": "botanique"
    },
    {
      "stage": "backfill",
      "venue_id": "cloud-seven"
    },
    {
      "stage": "backfill",
      "venue_id": "dependance"
    },
    {
      "stage": "backfill",
      "venue_id": "galerie-christophe-gaillard"
    },
    {
      "stage": "backfill",
      "venue_id": "galerie-greta-meert"
    },
    {
      "stage": "scrape",
      "zone": "Dansaert/Canal",
      "session": 1,
      "todo": 8,
      "saved": 5,
      "skipped": 8,
      "exit": 0,
      "label": "deep-brussels-dansaert-canal-1788558307",
      "venue_ids": [
        "after-howl",
        "argos-centre-for-audiovisual-arts",
        "beursschouwburg",
        "botanique",
        "cloud-seven",
        "dependance",
        "galerie-christophe-gaillard",
        "galerie-greta-meert"
      ],
      "started_ts": 1788558307,
      "ended_ts": 1788558613
    },
    {
      "stage": "backfill",
      "venue_id": "bureau-des-realites"
    },
    {
      "stage": "backfill",
      "venue_id": "fondation-a-stichting"
    },
    {
      "stage": "backfill",
      "venue_id": "galerie-faider"
    },
    {
      "stage": "backfill",
      "venue_id": "galerie-odradek"
    },
    {
      "stage": "backfill",
      "venue_id": "galerie-pascal-polar"
    },
    {
      "stage": "backfill",
      "venue_id": "la-patinoire-royale-bach"
    },
    {
      "stage": "backfill",
      "venue_id": "le-salon-d-art"
    },
    {
      "stage": "backfill",
      "venue_id": "rodolphe-janssen"
    },
    {
      "stage": "scrape",
      "zone": "Ixelles/Louise",
      "session": 1,
      "todo": 8,
      "saved": 8,
      "skipped": 6,
      "exit": 0,
      "label": "deep-brussels-ixelles-louise-1788558265",
      "venue_ids": [
        "almine-rech",
        "box-galerie",
        "edji",
        "felix-frachon",
        "fondation-boghossian-villa-empain",
        "frederic-mouraux",
        "galerie-didier-devillez",
        "galerie-nathalie-obadia"
      ],
      "started_ts": 1788558265,
      "ended_ts": 1788558613
    },
    {
      "stage": "backfill",
      "venue_id": "galerie-martine-ehmer"
    },
    {
      "stage": "scrape",
      "zone": "Uccle",
      "session": 1,
      "todo": 1,
      "saved": 1,
      "skipped": 0,
      "exit": 0,
      "label": "deep-brussels-uccle-1788558613",
      "venue_ids": [
        "galerie-martine-ehmer"
      ],
      "started_ts": 1788558613,
      "ended_ts": 1788558683
    },
    {
      "stage": "backfill",
      "venue_id": "galerie-pierre-marie-giraud"
    },
    {
      "stage": "backfill",
      "venue_id": "galerie-zedes"
    },
    {
      "stage": "backfill",
      "venue_id": "galerie-zwart-huis"
    },
    {
      "stage": "backfill",
      "venue_id": "hopstreet"
    },
    {
      "stage": "backfill",
      "venue_id": "huberty-and-breyne"
    },
    {
      "stage": "backfill",
      "venue_id": "irene-laub"
    },
    {
      "stage": "backfill",
      "venue_id": "la-peau-de-l-ours"
    },
    {
      "stage": "backfill",
      "venue_id": "lmno"
    },
    {
      "stage": "scrape",
      "zone": "Sablon/Centre",
      "session": 1,
      "todo": 8,
      "saved": 7,
      "skipped": 7,
      "exit": 0,
      "label": "deep-brussels-sablon-centre-1788558287",
      "venue_ids": [
        "archiraar",
        "bozar-centre-for",
        "champaka",
        "etablissement-d-en-face",
        "galerie-dys",
        "galerie-la-forest-divonne",
        "gladstone",
        "island"
      ],
      "started_ts": 1788558287,
      "ended_ts": 1788558852
    },
    {
      "stage": "backfill",
      "venue_id": "jan-mot"
    },
    {
      "stage": "backfill",
      "venue_id": "kin"
    },
    {
      "stage": "backfill",
      "venue_id": "la-maison-de-rendez-vous"
    },
    {
      "stage": "backfill",
      "venue_id": "la-verriere-fondation-d-entreprise-hermes"
    },
    {
      "stage": "backfill",
      "venue_id": "mendes-wood-dm"
    },
    {
      "stage": "backfill",
      "venue_id": "nino-mier"
    },
    {
      "stage": "backfill",
      "venue_id": "nosbaum-reding"
    },
    {
      "stage": "backfill",
      "venue_id": "rosa-brux"
    },
    {
      "stage": "scrape",
      "zone": "Saint-Gilles/Forest",
      "session": 1,
      "todo": 8,
      "saved": 8,
      "skipped": 5,
      "exit": 0,
      "label": "deep-brussels-saint-gilles-forest-1788558613",
      "venue_ids": [
        "bureau-des-realites",
        "fondation-a-stichting",
        "galerie-faider",
        "galerie-odradek",
        "galerie-pascal-polar",
        "la-patinoire-royale-bach",
        "le-salon-d-art",
        "rodolphe-janssen"
      ],
      "started_ts": 1788558613,
      "ended_ts": 1788559106
    },
    {
      "stage": "backfill",
      "venue_id": "imal"
    },
    {
      "stage": "backfill",
      "venue_id": "l-escaut"
    },
    {
      "stage": "backfill",
      "venue_id": "maac-maison-d-art-actuel-des-chartreux"
    },
    {
      "stage": "backfill",
      "venue_id": "n0dine"
    },
    {
      "stage": "backfill",
      "venue_id": "recyclart"
    },
    {
      "stage": "backfill",
      "venue_id": "zsenne-artlab"
    },
    {
      "stage": "scrape",
      "zone": "Sablon/Centre",
      "session": 2,
      "todo": 8,
      "saved": 2,
      "skipped": 8,
      "exit": 0,
      "label": "deep-brussels-sablon-centre-1788558852",
      "venue_ids": [
        "jan-mot",
        "kin",
        "la-maison-de-rendez-vous",
        "la-verriere-fondation-d-entreprise-hermes",
        "mendes-wood-dm",
        "nino-mier",
        "nosbaum-reding",
        "rosa-brux"
      ],
      "started_ts": 1788558852,
      "ended_ts": 1788559171
    },
    {
      "stage": "backfill",
      "venue_id": "wiels"
    },
    {
      "stage": "scrape",
      "zone": "Ixelles/Louise",
      "session": 2,
      "todo": 8,
      "saved": 5,
      "skipped": 4,
      "exit": 1,
      "label": "deep-brussels-ixelles-louise-1788558683",
      "venue_ids": [
        "galerie-pierre-marie-giraud",
        "galerie-zedes",
        "galerie-zwart-huis",
        "hopstreet",
        "huberty-and-breyne",
        "irene-laub",
        "la-peau-de-l-ours",
        "lmno"
      ],
      "started_ts": 1788558683,
      "ended_ts": 1788559235
    },
    {
      "stage": "backfill",
      "venue_id": "maruani-mercier"
    },
    {
      "stage": "backfill",
      "venue_id": "meessen"
    },
    {
      "stage": "backfill",
      "venue_id": "michel-rein"
    },
    {
      "stage": "backfill",
      "venue_id": "pilar"
    },
    {
      "stage": "backfill",
      "venue_id": "rossicontemporary"
    },
    {
      "stage": "backfill",
      "venue_id": "super-dakota"
    },
    {
      "stage": "backfill",
      "venue_id": "xavier-hufkens"
    },
    {
      "stage": "scrape",
      "zone": "Dansaert/Canal",
      "session": 2,
      "todo": 6,
      "saved": 0,
      "skipped": 0,
      "exit": 1,
      "label": "deep-brussels-dansaert-canal-1788559106",
      "venue_ids": [
        "imal",
        "l-escaut",
        "maac-maison-d-art-actuel-des-chartreux",
        "n0dine",
        "recyclart",
        "zsenne-artlab"
      ],
      "started_ts": 1788559106,
      "ended_ts": 1788559239
    },
    {
      "stage": "backfill",
      "venue_id": "sorry-we-re-closed"
    },
    {
      "stage": "backfill",
      "venue_id": "stems"
    },
    {
      "stage": "backfill",
      "venue_id": "sterput"
    },
    {
      "stage": "backfill",
      "venue_id": "tete"
    },
    {
      "stage": "scrape",
      "zone": "Saint-Gilles/Forest",
      "session": 2,
      "todo": 1,
      "saved": 0,
      "skipped": 0,
      "exit": 1,
      "label": "deep-brussels-saint-gilles-forest-1788559171",
      "venue_ids": [
        "wiels"
      ],
      "started_ts": 1788559171,
      "ended_ts": 1788559242
    },
    {
      "stage": "scrape",
      "zone": "Sablon/Centre",
      "session": 3,
      "todo": 4,
      "saved": 2,
      "skipped": 4,
      "exit": 0,
      "label": "deep-brussels-sablon-centre-1788559239",
      "venue_ids": [
        "sorry-we-re-closed",
        "stems",
        "sterput",
        "tete"
      ],
      "started_ts": 1788559240,
      "ended_ts": 1788559458
    },
    {
      "stage": "scrape",
      "zone": "Ixelles/Louise",
      "session": 3,
      "todo": 7,
      "saved": 9,
      "skipped": 6,
      "exit": 0,
      "label": "deep-brussels-ixelles-louise-1788559236",
      "venue_ids": [
        "maruani-mercier",
        "meessen",
        "michel-rein",
        "pilar",
        "rossicontemporary",
        "super-dakota",
        "xavier-hufkens"
      ],
      "started_ts": 1788559236,
      "ended_ts": 1788559751
    }
  ],
  "verification": {
    "brussels": {
      "verified": 44,
      "corrected": 1,
      "unverified": 2,
      "unchecked": [],
      "published": 33,
      "pending": [
        {
          "slug": "argos-what-the-land-remembers",
          "venue": "Argos – Centre for Audiovisual Arts",
          "reason": null
        },
        {
          "slug": "dys-abel-burger-la-ou-marchent-les-dieux",
          "venue": "Galerie DYS",
          "reason": "Confirmed on galeriedys.com/exhibitions (upcoming show, 19.09-31.10.2026) and corroborated by NECA brussels listing with identical dates."
        },
        {
          "slug": "villa-empain-soleil-noir",
          "venue": "Fondation Boghossian – Villa Empain",
          "reason": "Venue's own page directly fetched confirms \"Du 22 octobre 2026 au 19 mars 2027\", matching saved dates exactly."
        },
        {
          "slug": "devillez-francois-delfosse",
          "venue": "Galerie Didier Devillez",
          "reason": "Venue's own current exhibition page directly confirms \"FRANÇOIS DELFOSSE...19 septembre au 17 octobre 2026\", matching saved dates."
        },
        {
          "slug": "bozar-william-kentridge-horse-is-not-mine",
          "venue": "Bozar / Centre for Fine Arts",
          "reason": "Confirmed on bozar.be (calendar page and press materials): \"From 18 September 2026 to 7 March 2027\", matching saved dates; also corroborated by NECA brussels listing."
        },
        {
          "slug": "bozar-jean-brusselmans-painter-by-nature",
          "venue": "Bozar / Centre for Fine Arts",
          "reason": "Confirmed via NECA brussels listing (02 Oct 2026 → 31 Jan 2027) matching saved dates, and Bozar's own site (making-sense-world page) confirms the show as part of current program."
        },
        {
          "slug": "bozar-edith-dekyndt-balenciaga",
          "venue": "Bozar / Centre for Fine Arts",
          "reason": "Confirmed on Bozar's own ticketing platform (tickets.bozar.be): \"from Wednesday, 14 October 2026 to Sunday, 31 January 2027\", matching saved dates exactly; also listed on bozar.be/en/exhibitions."
        },
        {
          "slug": "zedes-romina-remmo",
          "venue": "Galerie Zedes",
          "reason": "Venue's own exhibitions pages (current and upcoming) explicitly state \"There is no current/upcoming exhibition\"; no independent source (Artsy, press) confirms this show either."
        },
        {
          "slug": "bertrand-flachot-la-part-du-signe",
          "venue": "Galerie Odradek",
          "reason": "Odradek's own exhibitions page (checked in full, current through Nov 2026) lists no show titled \"La part du signe\"; the current show there is a different group exhibition \"Les illisibles\" (11/09/2026-14/11/2026) that includes Flachot among ~20 artists. NECA aggregator also gives conflicting dates (18 Sep-17 Oct) vs saved (01 Sep-17 Oct). Could not confirm this show/title/dates on the venue's own site."
        },
        {
          "slug": "rossi-seyni-awa-camara-eight-sculptures",
          "venue": "Rossicontemporary",
          "reason": "Venue's own \"Current\" exhibitions page confirms this show is on view (Seyni Awa Camara, Eight Sculptures) but lists no closing date."
        },
        {
          "slug": "rossi-johan-de-wit-resonance-dialogue",
          "venue": "Rossicontemporary",
          "reason": "Venue's own \"Current\" exhibitions page confirms this show is on view (Johan De Wit, Resonance/Dialogue) but lists no closing date."
        },
        {
          "slug": "rossi-randoald-sabbe-sabbeteur-des-images",
          "venue": "Rossicontemporary",
          "reason": "Venue's own \"Current\" exhibitions page confirms this show is on view (Randoald Sabbe, Sabbeteur des images) but lists no closing date."
        },
        {
          "slug": "rossi-carolina-fernandez-conge-de-maternite",
          "venue": "Rossicontemporary",
          "reason": "Venue's own \"Current\" exhibitions page confirms this show is on view (Carolina Fernández, Congé de maternité) but lists no closing date."
        },
        {
          "slug": "pilar-parliament-of-the-pitiful",
          "venue": "Pilar",
          "reason": "Venue's own site (pilar.brussels) confirms the exhibition is running with a guided tour scheduled Oct 19, 2026, consistent with the saved Sept 24–Oct 23 2026 run."
        }
      ]
    }
  },
  "manifest": "/mnt/c/Projects/260903_GalleryBrowser/GalleryBrowser/content/spend/deep_run-brussels-1788558265.json"
}
brussels: 47 shows, 0 with a published blurb, 0 venue objects updated, 0 without venue_id
brussels: 67 verified venues -> /mnt/c/Projects/260903_GalleryBrowser/GalleryBrowser/scraper/run_deep.py --city brussels --venue-ids @/mnt/c/Projects/260903_GalleryBrowser/GalleryBrowser/content/expansion/brussels/shows-ids.txt --force-due --total-budget 70.0 --session-budget 4.5 --session-todo 8 --workers 3 --no-report
