=== STAGE 1: enumerate (skipped) ===
=== STAGE 2: scrape ===
[queue] due venues per zone: Central/Soho=27, Sheung Wan/Sai Ying Pun=7, Wan Chai/Causeway Bay=2, Wong Chuk Hang/Aberdeen=12, Tsim Sha Tsui/Kowloon=6
[central-soho] session 1: 8 TODO venues -> deep-hong-kong-central-soho-1788555988.log
[central-soho]   ['10-chancery-lane', '3812', 'amanda-wei', 'asia-society-hong-kong-center', 'belowground', 'david-zwirner', 'gagosian', 'galerie-du-monde']
[wong-chuk-hang-aberdeen] session 1: 8 TODO venues -> deep-hong-kong-wong-chuk-hang-aberdeen-1788556011.log
[wong-chuk-hang-aberdeen]   ['alisan', 'axel-vervoordt', 'ben-brown', 'blindspot', 'de-sarthe', 'empty', 'gallery-exit', 'lucie-chang']
[sheung-wan-sai-ying-pun] session 1: 7 TODO venues -> deep-hong-kong-sheung-wan-sai-ying-pun-1788556031.log
[sheung-wan-sai-ying-pun]   ['asia-art-archive', 'blue-lotus', 'chat-centre-for-heritage-arts-and-textile', 'contemporary-by-angela-li', 'double-q', 'leo', 'square-street']
[sheung-wan-sai-ying-pun] session 1 done: +5 saved, +4 skipped (exit 0)
[tsim-sha-tsui-kowloon] session 1: 6 TODO venues -> deep-hong-kong-tsim-sha-tsui-kowloon-1788556393.log
[tsim-sha-tsui-kowloon]   ['1a-space', 'c-and-g-artpartment', 'hanart-tz', 'jockey-club-creative-arts-centre-jccac', 'tomorrow-maybe', 'videotage']
[central-soho] session 1 done: +8 saved, +4 skipped (exit 0)
[wan-chai-causeway-bay] session 1: 2 TODO venues -> deep-hong-kong-wan-chai-causeway-bay-1788556411.log
[wan-chai-causeway-bay]   ['oi', 'osage']
[wong-chuk-hang-aberdeen] session 1 done: +7 saved, +8 skipped (exit 0)
[central-soho] session 2: 8 TODO venues -> deep-hong-kong-central-soho-1788556564.log
[central-soho]   ['galerie-ora-ora', 'gallery-by-soil', 'grotto', 'hauser-and-wirth', 'hong-kong-arts-centre', 'jps', 'kiang-malingue', 'kwai-fung-hin-art']
[wan-chai-causeway-bay] session 1 done: +1 saved, +1 skipped (exit 0)
[wong-chuk-hang-aberdeen] session 2: 4 TODO venues -> deep-hong-kong-wong-chuk-hang-aberdeen-1788556621.log
[wong-chuk-hang-aberdeen]   ['podium', 'rossi-and-rossi', 'sin-sin', 'whitestone']
[tsim-sha-tsui-kowloon] session 1 done: +1 saved, +5 skipped (exit 0)
[sheung-wan-sai-ying-pun] TODO empty after 1 session(s)
[sheung-wan-sai-ying-pun] zone done: todo_empty after 1 session(s)
[wan-chai-causeway-bay] TODO empty after 1 session(s)
[wan-chai-causeway-bay] zone done: todo_empty after 1 session(s)
[tsim-sha-tsui-kowloon] TODO empty after 1 session(s)
[tsim-sha-tsui-kowloon] zone done: todo_empty after 1 session(s)
[wong-chuk-hang-aberdeen] session 2 done: +4 saved, +3 skipped (exit 0)
[wong-chuk-hang-aberdeen] TODO empty after 2 session(s)
[wong-chuk-hang-aberdeen] zone done: todo_empty after 2 session(s)
[central-soho] session 2 done: +7 saved, +4 skipped (exit 0)
[central-soho] session 3: 8 TODO venues -> deep-hong-kong-central-soho-1788556987.log
[central-soho]   ['massimo-de-carlo', 'novalis-art-design', 'opera', 'over-the-influence', 'pearl-lam', 'shout-art-hub-and', 'tang-contemporary-art', 'touch']
[central-soho] session 3 done: +2 saved, +6 skipped (exit 0)
[central-soho] session 4: 3 TODO venues -> deep-hong-kong-central-soho-1788557379.log
[central-soho]   ['villepin', 'white-cube', 'young-soy']
[central-soho] session 4 done: +3 saved, +3 skipped (exit 0)
[central-soho] TODO empty after 4 session(s)
[central-soho] zone done: todo_empty after 4 session(s)
=== STAGE 3: verify (pending pool) ===
=== cross-check pass ===
  hong-kong/alisan-atelier-revisiting-jade-terrace: ok
  hong-kong/axel-vervoordt-kim-lim-source: ok
  hong-kong/reweaving-memory-persia: ok
  hong-kong/passed-on-amanda-wei: ok
  hong-kong/aaa-at-25-part-ii: ok
  hong-kong/blue-lotus-city-of-lights: ok
  hong-kong/cbal-lightness-of-being: ok
  hong-kong/doubleq-ufo: ok
  hong-kong/leo-xiao-bo-46-sai-street: ok
  hong-kong/dan-flavin-grids-dz: ok
  hong-kong/nocturnal-dz: ok
  hong-kong/tranquil-state-3812: ok
  hong-kong/stanley-whitney-gagosian: ok
  hong-kong/toil-and-soil-gdm: ok
  hong-kong/wesley-tongson-asiasociety: ok
  hong-kong/ben-brown-qi-lei-echoes: ok
  hong-kong/blindspot-soft-borders: COORDS_UNRESOLVED
  hong-kong/desarthe-lau-wai-after-intelligence: COORDS_UNRESOLVED
  hong-kong/empty-gallery-ann-zhao-spillover: COORDS_UNRESOLVED
  hong-kong/gallery-exit-cho-wing-ki-dazzled: GOOGLE_NOT_FOUND
  hong-kong/va-incising-the-matrix: ok
  hong-kong/videotage-itit-cheung-tide: ok
  hong-kong/podium-luis-xertu-halfway-across-the-rubicon: ok
  hong-kong/rossi-rossi-strange-song-amongst-snow: ok
  hong-kong/sinsin-form: GOOGLE_NOT_FOUND
  hong-kong/whitestone-traces-isobe-mizu: ok
  hong-kong/ora-ora-pleasure-dome-hills: ok
  hong-kong/soil-shared-life-in-time: ok
  hong-kong/jps-runway-51: ok
  hong-kong/kwai-fung-hin-lost-time: ok
  hong-kong/hw-lucio-fontana: ok
  hong-kong/kiang-malingue-wayfarer-of-fire: ok
  hong-kong/hkac-collaboration-in-collision: ok
  hong-kong/why-the-butterflies: ok
  hong-kong/the-feast-of-joy: ok
  hong-kong/myonghi-kang-what-remains-to-be-seen: ok
  hong-kong/tesfaye-urgessa-the-lingering-departure: ok
  hong-kong/yunyao-zhang-when-the-surface-thinks: ok

wrote /mnt/c/Projects/260903_GalleryBrowser/GalleryBrowser/content/spend/crosscheck.json (38 shows, 35 venue lookups); flags: {'COORDS_UNRESOLVED': 3, 'GOOGLE_NOT_FOUND': 2}
=== agent verification pass ===
[verify hong-kong/Central/Soho] 20 shows
[verify hong-kong/Sheung Wan/Sai Ying Pun] 5 shows
  [hong-kong #0] server:code_execution {"code": "\nimport json, asyncio\n\nurls = [\n    \"https://amandaweigallery.com/exhibitions/49-reweaving-memory-storytellers-of-persia/over
  [hong-kong #0] server:web_fetch {"url": "https://amandaweigallery.com/exhibitions/49-reweaving-memory-storytellers-of-persia/overview/"}
  [hong-kong #0] server:web_fetch {"url": "https://amandaweigallery.com/exhibitions/52-passed-on/overview/"}
  [hong-kong #0] server:web_fetch {"url": "https://www.davidzwirner.com/exhibitions/2026/dan-flavin-grids-hong-kong"}
  [hong-kong #0] server:web_fetch {"url": "https://www.davidzwirner.com/exhibitions/2026/nocturnal"}
  [hong-kong #0] server:web_fetch {"url": "https://www.3812gallery.com/exhibitions/153-tranquil-state-eric-lai-wai-lam-solo-exhibition/"}
  [hong-kong #0] server:web_fetch {"url": "https://gagosian.com/exhibitions/2026/stanley-whitney-isnt-love-the-strangest-thing/"}
  [hong-kong #0] server:web_fetch {"url": "https://galeriedumonde.com/exhibitions/108-chiu-wei-hsiang-toil-and-soil-gdm-hong-kong/overview/"}
  [hong-kong #0] server:web_fetch {"url": "https://asiasociety.org/hong-kong/exhibitions/singing-and-dancing-brush-and-ink-art-wesley-tongson"}
  [hong-kong #0] server:text_editor_code_execution {"command": "view", "path": "/tmp"}
  [hong-kong #0] tool:render_fetch {"url": "https://amandaweigallery.com/exhibitions/49-reweaving-memory-storytellers-of-persia/overview/"}
  [hong-kong #0] tool:render_fetch {"url": "https://amandaweigallery.com/exhibitions/52-passed-on/overview/"}
  [hong-kong #0] tool:render_fetch {"url": "https://www.davidzwirner.com/exhibitions/2026/dan-flavin-grids-hong-kong"}
  [hong-kong #0] tool:render_fetch {"url": "https://www.davidzwirner.com/exhibitions/2026/nocturnal"}
[verify hong-kong/Wan Chai/Causeway Bay] 1 shows
  [hong-kong #0] server:web_fetch {"url": "https://www.apo.hk/en/web/apo/va_residency_birdwood_block.html"}
  [hong-kong #0] server:web_fetch {"url": "https://www.apo.hk/en/web/apo/va.html"}
  [hong-kong #0] server:web_fetch {"url": "https://www.apo.hk/en/web/apo/va.html"}
  [hong-kong #0] tool:render_fetch {"url": "https://www.apo.hk/en/web/apo/va.html"}
[verify hong-kong/Wong Chuk Hang/Aberdeen] 11 shows
  [hong-kong #1] server:web_search {"query": "Hong Kong Visual Arts Centre Jay Lau Incising the Matrix Birdwood Block"}
  [hong-kong #1] server:web_search {"query": "apo.hk Visual Arts Centre va.html"}
  [hong-kong #1] tool:confirm_show {"city": "hong-kong", "slug": "va-incising-the-matrix", "status": "verified", "reason": "Confirmed via venue's own apo.hk page and corrobora
  [hong-kong #2] Audit complete for Hong Kong (1 show):

**Verified: 1 | Corrected: 0 | Unverified: 0**

- `va-incising-the-matrix` (Jay Lau, "Incising the Matrix" at Hong Kong Visual Arts Centre) — **verified**. Conf
[verify hong-kong/Wan Chai/Causeway Bay] done $0.13
[verify hong-kong/Tsim Sha Tsui/Kowloon] 1 shows
  [hong-kong #0] server:web_fetch {"url": "https://www.videotage.org.hk/programme/itit-cheung-tomorrow-the-tide-will-rise-again"}
  [hong-kong #0] server:web_fetch {"url": "https://www.videotage.org.hk/programme/itit-cheung-tomorrow-the-tide-will-rise-again"}
  [hong-kong #0] server:web_fetch {"url": "https://www.videotage.org.hk/"}
  [hong-kong #0] tool:render_fetch {"url": "https://www.videotage.org.hk/programme/itit-cheung-tomorrow-the-tide-will-rise-again"}
  [hong-kong #0] server:web_fetch {"url": "https://aaa.org.hk/en/programmes/programmes/at-25-artists-early-worlds-part-ii"}
  [hong-kong #0] server:web_fetch {"url": "https://tribune.net.ph/2026/08/11/asia-art-archive-unveils-artists-early-worlds"}
  [hong-kong #0] server:web_fetch {"url": "https://bluelotus-gallery.com/new-events/city-of-lights-keith-macgregor"}
  [hong-kong #0] server:web_fetch {"url": "https://www.hk-aga.org/exhibitions/476"}
  [hong-kong #0] server:web_fetch {"url": "https://cbal.com.hk/exhibitions/119-lightness-of-being-group-exhibition-curated-by-leung-shiu-kee-eric/overview/"}
  [hong-kong #0] server:web_fetch {"url": "https://www.hk-aga.org/exhibitions/493"}
  [hong-kong #0] server:web_fetch {"url": "https://doubleqgallery.com/exhibitions/45-ufo-universal-futurological-organisation-group-show/overview/"}
  [hong-kong #0] server:web_fetch {"url": "https://www.leogallery.com.cn/exhibitions/182-leo-gallery-hong-kong-xiao-bo-46/"}
  [hong-kong #0] server:web_search {"query": "Asia Art Archive \"At 25\" Artists' Early Worlds Part II"}
  [hong-kong #0] server:web_search {"query": "Blue Lotus Gallery \"City of Lights\" Keith Macgregor"}
  [hong-kong #0] server:web_search {"query": "Contemporary by Angela Li \"Lightness of Being\" exhibition"}
  [hong-kong #0] server:web_search {"query": "Double Q Gallery \"UFO: Universal Futurological Organisation\""}
  [hong-kong #0] server:web_search {"query": "Leo Gallery Xiao Bo \"46 Sai Street\" exhibition"}
  [hong-kong #0] server:web_fetch {"url": "https://doubleqgallery.com/"}
  [hong-kong #0] server:web_search {"query": "\"Double Q Gallery\" UFO \"Universal Futurological\" September 2026"}
  [hong-kong #0] server:web_search {"query": "Xiao Bo \"46 Sai Street\" Leo Gallery artsy OR ocula"}
  [hong-kong #0] server:web_fetch {"url": "https://bluelotus-gallery.com/new-events/city-of-lights-keith-macgregor"}
  [hong-kong #0] server:web_fetch {"url": "https://www.hk-aga.org/exhibitions/476"}
  [hong-kong #0] All five shows verified against venue sources. Submitting verdicts now.
  [hong-kong #0] tool:confirm_show {"city": "hong-kong", "slug": "aaa-at-25-part-ii", "status": "verified", "reason": "Confirmed on AAA's own programme page and corroborated b
  [hong-kong #0] tool:confirm_show {"city": "hong-kong", "slug": "blue-lotus-city-of-lights", "status": "verified", "reason": "Venue's own event page lists exact run 18 Jun 20
  [hong-kong #0] tool:confirm_show {"city": "hong-kong", "slug": "cbal-lightness-of-being", "status": "verified", "reason": "Confirmed on Contemporary by Angela Li's own site 
  [hong-kong #0] tool:confirm_show {"city": "hong-kong", "slug": "doubleq-ufo", "status": "verified", "reason": "Confirmed on Double Q Gallery's own site homepage/forthcoming 
  [hong-kong #0] tool:confirm_show {"city": "hong-kong", "slug": "leo-xiao-bo-46-sai-street", "status": "verified", "reason": "Confirmed on Leo Gallery's own homepage: \"Leo G
  [hong-kong #1] All 5 shows audited: **5 verified / 0 corrected / 0 unverified**.
[verify hong-kong/Sheung Wan/Sai Ying Pun] done $0.36
  [hong-kong #1] server:code_execution {"code": "\nresult = await web_fetch({\"url\": \"https://amandaweigallery.com/exhibitions/49-reweaving-memory-storytellers-of-persia/overvie
  [hong-kong #1] server:web_fetch {"url": "https://amandaweigallery.com/exhibitions/49-reweaving-memory-storytellers-of-persia/overview/"}
  [hong-kong #1] server:code_execution {"code": "\nr = await web_search({\"query\": \"amandaweigallery.com Reweaving Memory Storytellers of Persia\"})\nfor x in r[:5]:\n    print(
  [hong-kong #1] server:web_search {"query": "amandaweigallery.com Reweaving Memory Storytellers of Persia"}
  [hong-kong #1] server:code_execution {"code": "\nprint(type(r), r[:500] if isinstance(r,str) else r)\n"}
  [hong-kong #1] server:code_execution {"code": "\nimport json\ndata = json.loads(r)\nfor x in data[:5]:\n    print(x.get(\"title\"), x.get(\"url\"))\n    print(x.get(\"content\",
  [hong-kong #1] Good, that confirms show 1. Now let's fetch that URL via web_fetch since it now appeared in search results context.
  [hong-kong #1] server:code_execution {"code": "\nr = await web_fetch({\"url\": \"https://amandaweigallery.com/\"})\nprint(json.loads(r)[0]['content'][:2000] if isinstance(r,str)
  [hong-kong #1] server:web_fetch {"url": "https://amandaweigallery.com/"}
  [hong-kong #1] server:code_execution {"code": "\nd = json.loads(r)\nprint(type(d), d if isinstance(d,dict) else d[0])\n"}
  [hong-kong #1] server:code_execution {"code": "\nr = await web_fetch({\"url\": \"https://amandaweigallery.com/exhibitions/49-reweaving-memory-storytellers-of-persia/overview/\"}
  [hong-kong #1] server:web_fetch {"url": "https://amandaweigallery.com/exhibitions/49-reweaving-memory-storytellers-of-persia/overview/"}
  [hong-kong #1] Now it works after linking via search/homepage. Let's confirm exact dates on this page and check "passed-on" page too.
  [hong-kong #1] server:code_execution {"code": "\nimport re\ndata = d['content']['source']['data']\nidx = data.find('2026')\nprint(data[idx-200:idx+300])\n"}
  [hong-kong #1] Confirmed: dates match, marked "Current exhibition". Now check Passed On page.
  [hong-kong #1] server:code_execution {"code": "\nr2 = await web_fetch({\"url\": \"https://amandaweigallery.com/exhibitions/52-passed-on/overview/\"})\nd2 = json.loads(r2)\ndata2
  [hong-kong #1] server:web_fetch {"url": "https://amandaweigallery.com/exhibitions/52-passed-on/overview/"}
  [hong-kong #1] server:code_execution {"code": "\nidx2 = data2.find('September')\nprint(data2[idx2-100:idx2+300])\n"}
  [hong-kong #1] server:code_execution {"code": "\nfor q in [\"Wei Gallery Reweaving Memory Storytellers of Persia artsy ocula\", \"Wei Gallery Passed On Huang Bohan artsy ocula\"
  [hong-kong #1] server:web_search {"query": "Wei Gallery Reweaving Memory Storytellers of Persia artsy ocula"}
  [hong-kong #1] server:web_search {"query": "Wei Gallery Passed On Huang Bohan artsy ocula"}
  [hong-kong #1] tool:confirm_show {"city": "hong-kong", "slug": "reweaving-memory-persia", "status": "verified", "reason": "Venue's own exhibition page confirms dates 23 Mar 
  [hong-kong #1] tool:confirm_show {"city": "hong-kong", "slug": "passed-on-amanda-wei", "status": "verified", "reason": "Venue's own exhibition page confirms dates 23 Sep - 3
  [hong-kong #1] server:web_search {"query": "Videotage itit Cheung Tomorrow the Tide Will Rise Again"}
  [hong-kong #1] server:web_search {"query": "Videotage \u5f35\u5586 itit Cheung exhibition"}
  [hong-kong #1] server:web_fetch {"url": "https://www.videotage.org.hk/programme/itit-cheung-tomorrow-the-tide-will-rise-again"}
  [hong-kong #1] server:web_search {"query": "\"itit Cheung\" \"Tomorrow, the Tide Will Rise Again\" videotage.org.hk"}
  [hong-kong #1] server:web_fetch {"url": "https://www.ititcheung.com/bio"}
  [hong-kong #1] server:web_fetch {"url": "https://videotage.org.hk/programme/itit-cheung-tomorrow-the-tide-will-rise-again"}
  [hong-kong #1] server:web_fetch {"url": "https://www.videotage.org.hk"}
  [hong-kong #1] server:web_fetch {"url": "https://www.videotage.org.hk/programme/itit-cheung-tomorrow-the-tide-will-rise-again"}
  [hong-kong #1] server:web_search {"query": "videotage.org.hk programme itit-cheung-tomorrow-the-tide-will-rise-again"}
  [hong-kong #1] server:web_fetch {"url": "https://www.videotage.org.hk/programmes"}
  [hong-kong #1] server:web_fetch {"url": "https://www.videotage.org.hk/programme/an-evening-with-videotage"}
  [hong-kong #1] Confirmed. The Videotage programmes page lists: "itit Cheung: Tomorrow, the Tide Will Rise Again 張喆：明天，潮會再漲 NEW 22/08/2026 - 04/10/2026" — matching the saved dates exactly (2026-08-22..2026-10-04). Th
  [hong-kong #1] tool:confirm_show {"city": "hong-kong", "slug": "videotage-itit-cheung-tide", "status": "verified", "reason": "Confirmed on Videotage's own programmes page (2
  [hong-kong #2] Audit complete: 1 verified / 0 corrected / 0 unverified.
[verify hong-kong/Tsim Sha Tsui/Kowloon] done $0.45
  [hong-kong #0] server:web_fetch {"url": "https://www.alisan.com.hk/en/exhibition-detail?id=284"}
  [hong-kong #0] server:web_fetch {"url": "https://www.axel-vervoordt.com/gallery/exhibitions/kim-lim-source"}
  [hong-kong #0] server:web_fetch {"url": "https://www.benbrownfinearts.com/exhibitions/234-qi-lei-echoes-of-day-and-night/"}
  [hong-kong #0] server:web_fetch {"url": "https://blindspotgallery.com/exhibition/soft-borders/"}
  [hong-kong #0] server:web_fetch {"url": "https://www.hk-aga.org/events/414"}
  [hong-kong #0] server:web_fetch {"url": "https://emptygallery.com/exhibitions/eg39-ann-zhao/"}
  [hong-kong #0] server:web_fetch {"url": "https://www.galleryexit.com/202610.html"}
  [hong-kong #0] server:web_fetch {"url": "https://www.podiumgallery.com/exhibitions"}
  [hong-kong #0] server:web_fetch {"url": "https://www.rossirossi.com/exhibition/a-strange-song-amongst-the-snow"}
  [hong-kong #0] server:web_fetch {"url": "https://www.sinsinfineart.com/2026/form/index.html"}
  [hong-kong #0] server:web_fetch {"url": "https://www.whitestone-gallery.com/blogs/gallery-exhibitions/hk-isobe-mizu-092026"}
  [hong-kong #0] server:web_fetch {"url": "https://www.alisan.com.hk/en/exhibition-detail?id=284"}
  [hong-kong #0] server:web_search {"query": "Alisan Fine Arts \"Revisiting the Jade Terrace\" exhibition"}
  [hong-kong #0] server:web_search {"query": "Axel Vervoordt Gallery \"Kim Lim: Source\" Hong Kong"}
  [hong-kong #0] server:web_search {"query": "Ben Brown Fine Arts \"Qi Lei\" \"Echoes of Day and Night\""}
  [hong-kong #0] server:web_search {"query": "Blindspot Gallery \"Soft Borders\" exhibition 2026"}
  [hong-kong #0] server:web_fetch {"url": "https://www.axel-vervoordt.com/gallery/exhibitions/kim-lim-source"}
  [hong-kong #0] server:web_fetch {"url": "https://www.hk-aga.org/events/414"}
  [hong-kong #0] server:web_search {"query": "de Sarthe Gallery \"Lau Wai\" \"After Intelligence\" Hong Kong"}
  [hong-kong #0] server:web_search {"query": "Empty Gallery \"Spillover\" Ann Zhao Hong Kong exhibition dates"}
  [hong-kong #0] server:web_search {"query": "\"Kim Lim\" \"Source\" Axel Vervoordt Hong Kong \"17 September\" OR \"September 17\""}
  [hong-kong #0] server:web_search {"query": "artomity de Sarthe \"After Intelligence\" Lau Wai September 2026"}
  [hong-kong #0] server:web_search {"query": "Gallery EXIT \"Cho Wing Ki\" \"Dazzled in the Loop\""}
  [hong-kong #0] server:web_search {"query": "PODIUM gallery \"Luis Xertu\" \"Halfway Across the Rubicon\""}
  [hong-kong #0] server:web_fetch {"url": "https://www.galleryexit.com/202610.html"}
  [hong-kong #0] server:web_fetch {"url": "https://podiumgallery.com/luis-xertu"}
  [hong-kong #0] server:web_fetch {"url": "https://www.rossirossi.com/exhibition/a-strange-song-amongst-the-snow"}
  [hong-kong #0] server:web_fetch {"url": "https://www.sinsinfineart.com/exhibitions.html"}
  [hong-kong #0] server:web_fetch {"url": "https://www.whitestone-gallery.com/blogs/gallery-exhibitions/hk-isobe-mizu-092026"}
  [hong-kong #0] server:web_search {"query": "galleryexit.com \"Cho Wing Ki\" \"Dazzled in the Loop\""}
  [hong-kong #0] server:web_search {"query": "Rossi Rossi \"A Strange Song Amongst the Snow\" Hong Kong 2026"}
  [hong-kong #0] server:web_search {"query": "Sin Sin Fine Art \"FORM\" exhibition Hong Kong 2026"}
  [hong-kong #0] server:web_search {"query": "Whitestone Gallery Hong Kong \"TRACES\" Isobe Mizu 2026"}
  [hong-kong #0] tool:render_fetch {"url": "https://www.galleryexit.com/202610.html"}
  [hong-kong #0] tool:render_fetch {"url": "https://www.whitestone-gallery.com/blogs/gallery-exhibitions/hk-isobe-mizu-092026"}
  [hong-kong #2] Now let's check David Zwirner shows (Dan Flavin, Nocturnal).
  [hong-kong #2] server:code_execution {"code": "\nfor u in [\"https://www.davidzwirner.com/exhibitions/2026/dan-flavin-grids-hong-kong\",\n          \"https://www.davidzwirner.co
  [hong-kong #2] server:web_fetch {"url": "https://www.davidzwirner.com/exhibitions/2026/dan-flavin-grids-hong-kong"}
  [hong-kong #2] server:web_fetch {"url": "https://www.davidzwirner.com/exhibitions/2026/nocturnal"}
  [hong-kong #2] server:web_fetch {"url": "https://www.davidzwirner.com/exhibitions"}
  [hong-kong #2] server:code_execution {"code": "\nr = await web_fetch({\"url\": \"https://www.davidzwirner.com/exhibitions/2026/dan-flavin-grids-hong-kong\"})\nd = json.loads(r)\
  [hong-kong #2] server:web_fetch {"url": "https://www.davidzwirner.com/exhibitions/2026/dan-flavin-grids-hong-kong"}
  [hong-kong #2] server:code_execution {"code": "\nprint(d.keys())\nprint(str(d)[:2000])\n"}
  [hong-kong #2] server:code_execution {"code": "\nr = await web_fetch({\"url\": \"https://www.davidzwirner.com/exhibitions/2026/dan-flavin-grids-hong-kong\"})\nd = json.loads(r)\
  [hong-kong #2] server:web_fetch {"url": "https://www.davidzwirner.com/exhibitions/2026/dan-flavin-grids-hong-kong"}
  [hong-kong #2] server:code_execution {"code": "\nr = await web_fetch({\"url\": \"https://www.davidzwirner.com/exhibitions/2026/nocturnal\"})\nd = json.loads(r)\nprint(type(d), d
  [hong-kong #2] server:web_fetch {"url": "https://www.davidzwirner.com/exhibitions/2026/nocturnal"}
  [hong-kong #2] server:code_execution {"code": "\nr = await web_fetch({\"url\": \"https://www.davidzwirner.com/exhibitions\"})\nd = json.loads(r)\nprint(type(d), d.keys() if isin
  [hong-kong #2] server:web_fetch {"url": "https://www.davidzwirner.com/exhibitions"}
  [hong-kong #2] server:code_execution {"code": "\nr = await web_search({\"query\": \"David Zwirner Hong Kong Dan Flavin Grids exhibition dates\"})\nd = json.loads(r)\nfor x in d[
  [hong-kong #2] server:web_search {"query": "David Zwirner Hong Kong Dan Flavin Grids exhibition dates"}
  [hong-kong #2] server:code_execution {"code": "\nr = await web_search({\"query\": \"David Zwirner Hong Kong Nocturnal exhibition September 2026\"})\nd = json.loads(r)\nfor x in 
  [hong-kong #2] server:web_search {"query": "David Zwirner Hong Kong Nocturnal exhibition September 2026"}
  [hong-kong #2] Confirmed: Nocturnal Sept 23–Nov 14, 2026 matches saved dates exactly, per venue's own site and corroborated by Ocula and Artforum. Now let's confirm both David Zwirner shows.
  [hong-kong #2] tool:confirm_show {"city": "hong-kong", "slug": "dan-flavin-grids-dz", "status": "verified", "reason": "David Zwirner's own site confirms \"Now Open: May 28\u
  [hong-kong #2] tool:confirm_show {"city": "hong-kong", "slug": "nocturnal-dz", "status": "verified", "reason": "David Zwirner's own site confirms \"Coming Soon: September 23
  [hong-kong #1] server:web_fetch {"url": "https://www.galleryexit.com/202610.html"}
  [hong-kong #1] server:web_fetch {"url": "https://www.whitestone-gallery.com/blogs/gallery-exhibitions/hk-isobe-mizu-092026"}
  [hong-kong #1] server:web_search {"query": "\"Dazzled in the Loop\" Cho Wing Ki hk-aga OR ocula OR artsy"}
  [hong-kong #1] server:web_search {"query": "Whitestone Gallery Hong Kong Isobe Mizu Traces \"September\" hk-aga.org"}
  [hong-kong #1] server:web_search {"query": "hk-aga.org \"Dazzled in the Loop\" Gallery Exit"}
  [hong-kong #1] server:web_search {"query": "\"Cho Wing Ki\" \"Dazzled in the Loop\" artsy.net OR ocula.com OR galleriesnow.net"}
  [hong-kong #1] server:web_search {"query": "\"Gallery Exit\" \"Cho Wing Ki\" 2026 instagram OR timable OR artmap"}
  [hong-kong #1] server:web_fetch {"url": "https://www.galleryexit.com/exhibitions.html"}
  [hong-kong #1] server:web_fetch {"url": "https://www.galleryexit.com/"}
  [hong-kong #1] Confirmed directly on Gallery EXIT's own site: "CHO Wing Ki 曹穎褀 Dazzled in the Loop 迷光迴路 5 September – 3 October 2026" — matches saved dates exactly, plus mutualart as second source. Now I have all th
  [hong-kong #1] tool:confirm_show {"city": "hong-kong", "slug": "alisan-atelier-revisiting-jade-terrace", "status": "verified", "reason": "Confirmed on Alisan's own site (202
  [hong-kong #1] tool:confirm_show {"city": "hong-kong", "slug": "axel-vervoordt-kim-lim-source", "status": "verified", "reason": "Venue's own site lists \"Kim Lim, Source ...
  [hong-kong #1] tool:confirm_show {"city": "hong-kong", "slug": "ben-brown-qi-lei-echoes", "status": "verified", "reason": "Confirmed via Ben Brown's own site imagery/listing
  [hong-kong #1] tool:confirm_show {"city": "hong-kong", "slug": "blindspot-soft-borders", "status": "verified", "reason": "Blindspot's own exhibition page states \"on view fr
  [hong-kong #1] tool:confirm_show {"city": "hong-kong", "slug": "desarthe-lau-wai-after-intelligence", "status": "verified", "reason": "de Sarthe's site is JS-only, but Artom
  [hong-kong #1] tool:confirm_show {"city": "hong-kong", "slug": "empty-gallery-ann-zhao-spillover", "status": "verified", "reason": "Empty Gallery's own homepage confirms \"S
  [hong-kong #1] tool:confirm_show {"city": "hong-kong", "slug": "gallery-exit-cho-wing-ki-dazzled", "status": "verified", "reason": "Confirmed directly on Gallery EXIT's own 
  [hong-kong #1] tool:confirm_show {"city": "hong-kong", "slug": "podium-luis-xertu-halfway-across-the-rubicon", "status": "verified", "reason": "PODIUM's own artist page list
  [hong-kong #1] tool:confirm_show {"city": "hong-kong", "slug": "rossi-rossi-strange-song-amongst-snow", "status": "verified", "reason": "Rossi & Rossi's own site lists \"A S
  [hong-kong #1] tool:confirm_show {"city": "hong-kong", "slug": "sinsin-form", "status": "verified", "reason": "Sin Sin Fine Art's own exhibitions page confirms \"FORM ... 10
  [hong-kong #1] tool:confirm_show {"city": "hong-kong", "slug": "whitestone-traces-isobe-mizu", "status": "verified", "reason": "Confirmed via Ocula gallery listing (\"TRACES
  [hong-kong #3] Now let's check 3812 Gallery (Eric Lai Wai Lam) and Gagosian (Stanley Whitney).
  [hong-kong #3] server:code_execution {"code": "\nfor q in [\"3812 Gallery Eric Lai Wai Lam Tranquil State exhibition dates\",\n          \"Gagosian Hong Kong Stanley Whitney Isn
  [hong-kong #3] server:web_search {"query": "3812 Gallery Eric Lai Wai Lam Tranquil State exhibition dates"}
  [hong-kong #3] server:web_search {"query": "Gagosian Hong Kong Stanley Whitney Isn't Love the Strangest Thing exhibition dates"}
  [hong-kong #3] server:code_execution {"code": "\nr = await web_fetch({\"url\": \"https://www.3812gallery.com/exhibitions/153-tranquil-state-eric-lai-wai-lam-solo-exhibition/\"})
  [hong-kong #3] server:web_fetch {"url": "https://www.3812gallery.com/exhibitions/153-tranquil-state-eric-lai-wai-lam-solo-exhibition/"}
  [hong-kong #3] server:code_execution {"code": "\nr = await web_search({\"query\": \"site:3812gallery.com Tranquil State Eric Lai Wai Lam\"})\nd = json.loads(r)\nfor x in d[:5]:\
  [hong-kong #3] server:web_search {"query": "site:3812gallery.com Tranquil State Eric Lai Wai Lam"}
  [hong-kong #3] server:code_execution {"code": "\nr = await web_fetch({\"url\": \"https://www.3812gallery.com/exhibitions/hongkong/\"})\nd = json.loads(r)\nprint(type(d), d.keys(
  [hong-kong #3] server:web_fetch {"url": "https://www.3812gallery.com/exhibitions/hongkong/"}
  [hong-kong #3] server:code_execution {"code": "\nr = await web_search({\"query\": \"3812gallery.com exhibitions hongkong Tranquil State 28 August\"})\nd = json.loads(r)\nfor x i
  [hong-kong #3] server:web_search {"query": "3812gallery.com exhibitions hongkong Tranquil State 28 August"}
  [hong-kong #3] server:code_execution {"code": "\nr = await web_fetch({\"url\": \"https://www.3812gallery.com/exhibitions/\"})\nd = json.loads(r)\nif isinstance(d, dict) and 'con
  [hong-kong #3] server:web_fetch {"url": "https://www.3812gallery.com/exhibitions/"}
  [hong-kong #3] Confirmed: 28 August - 23 October 2026 matches saved dates exactly on the venue's own exhibitions page. Now let's check the Gagosian page directly.
  [hong-kong #3] server:code_execution {"code": "\nr = await web_fetch({\"url\": \"https://gagosian.com/exhibitions/2026/stanley-whitney-isnt-love-the-strangest-thing/\"})\nd = js
  [hong-kong #3] server:web_fetch {"url": "https://gagosian.com/exhibitions/2026/stanley-whitney-isnt-love-the-strangest-thing/"}
  [hong-kong #3] server:code_execution {"code": "\nr = await web_search({\"query\": \"gagosian.com Stanley Whitney Isn't Love the Strangest Thing Hong Kong September November 2026
  [hong-kong #3] server:web_search {"query": "gagosian.com Stanley Whitney Isn't Love the Strangest Thing Hong Kong September November 2026"}
  [hong-kong #3] Confirmed: Sept 10–Nov 7, 2026 matches saved dates exactly, per Gagosian's own artist page and corroborated by zolimacitymag and HK-AGA.
  [hong-kong #3] tool:confirm_show {"city": "hong-kong", "slug": "tranquil-state-3812", "status": "verified", "reason": "3812 Gallery's own exhibitions page confirms \"Tranqui
  [hong-kong #3] tool:confirm_show {"city": "hong-kong", "slug": "stanley-whitney-gagosian", "status": "verified", "reason": "Gagosian's own artist page confirms \"September 1
  [hong-kong #4] Now Galerie du Monde (Chiu Wei-Hsiang) and Asia Society (Wesley Tongson).
  [hong-kong #4] server:code_execution {"code": "\nfor q in [\"Galerie du Monde Chiu Wei-Hsiang Toil and Soil exhibition dates gdm\",\n          \"Asia Society Hong Kong Wesley To
  [hong-kong #4] server:web_search {"query": "Galerie du Monde Chiu Wei-Hsiang Toil and Soil exhibition dates gdm"}
  [hong-kong #4] server:web_search {"query": "Asia Society Hong Kong Wesley Tongson Singing and Dancing with Brush and Ink exhibition dates"}
  [hong-kong #4] Both confirmed exactly matching saved dates via venue's own site and independent sources (SCMP, HK-AGA, Alisan Fine Arts).
  [hong-kong #4] tool:confirm_show {"city": "hong-kong", "slug": "toil-and-soil-gdm", "status": "verified", "reason": "Galerie du Monde's own exhibitions page confirms \"gdm H
  [hong-kong #4] tool:confirm_show {"city": "hong-kong", "slug": "wesley-tongson-asiasociety", "status": "verified", "reason": "Asia Society's own site and listing confirm run
  [hong-kong #2] server:web_search {"query": "Empty Gallery Hong Kong address Tin Wan industrial building floor"}
  [hong-kong #2] tool:confirm_show {"city": "hong-kong", "slug": "empty-gallery-ann-zhao-spillover", "status": "corrected", "reason": "Coordinates could not be resolved from s
  [hong-kong #3] Audit complete. Summary: **10 verified, 1 corrected, 0 unverified** (Empty Gallery's "Spillover" was corrected with its full confirmed address after a coordinate-resolution flag; all other shows check
[verify hong-kong/Wong Chuk Hang/Aberdeen] done $1.33
  [hong-kong #5] Now let's check Galerie Ora-Ora and The Gallery by SOIL.
  [hong-kong #5] server:code_execution {"code": "\nfor q in [\"Galerie Ora-Ora Pleasure-Dome of Hills Curated Hallucination exhibition dates\",\n          \"lacquerartbysoil.com A
  [hong-kong #5] server:web_search {"query": "Galerie Ora-Ora Pleasure-Dome of Hills Curated Hallucination exhibition dates"}
  [hong-kong #5] server:web_search {"query": "lacquerartbysoil.com A Shared Life in Time Hanako Gejo Takeshi Igawa exhibition dates"}
  [hong-kong #5] Both confirmed: Ora-Ora dates 27 Aug–3 Oct 2026 match saved (2026-08-27..2026-10-03); SOIL dates 29.8–20.9.2026 match saved (2026-08-29..2026-09-20).
  [hong-kong #5] tool:confirm_show {"city": "hong-kong", "slug": "ora-ora-pleasure-dome-hills", "status": "verified", "reason": "Ora-Ora's own artist page confirms \"27 Aug - 
  [hong-kong #5] tool:confirm_show {"city": "hong-kong", "slug": "soil-shared-life-in-time", "status": "verified", "reason": "Venue's own site (lacquerartbysoil.com) confirms 
  [hong-kong #6] Now JPS Gallery (Barminski) and Kwai Fung Hin.
  [hong-kong #6] server:code_execution {"code": "\nfor q in [\"JPS Gallery Barminski Runway 51 exhibition dates Hong Kong\",\n          \"Kwai Fung Hin Art Gallery In Search of Lo
  [hong-kong #6] server:web_search {"query": "JPS Gallery Barminski Runway 51 exhibition dates Hong Kong"}
  [hong-kong #6] server:web_search {"query": "Kwai Fung Hin Art Gallery In Search of Lost Time exhibition dates"}
  [hong-kong #6] server:code_execution {"code": "\nr = await web_fetch({\"url\": \"https://jpsgallery.com/exhibition/runway-51/\"})\nd = json.loads(r)\nif isinstance(d, dict) and 
  [hong-kong #6] server:web_fetch {"url": "https://jpsgallery.com/exhibition/runway-51/"}
  [hong-kong #6] Confirmed: 17 Jul 2026 - 19 Sep 2026 matches saved exactly on venue's own site. Now let's check Kwai Fung Hin directly.
  [hong-kong #6] server:code_execution {"code": "\nr = await web_fetch({\"url\": \"https://www.kwaifunghin.com/exhibitions/119-group-exhibition-in-search-of-lost-time-kwai-fung-hi
  [hong-kong #6] server:web_fetch {"url": "https://www.kwaifunghin.com/exhibitions/119-group-exhibition-in-search-of-lost-time-kwai-fung-hin-hong-kong/overview/"}
  [hong-kong #6] server:code_execution {"code": "\nr = await web_search({\"query\": \"kwaifunghin.com \\\"In Search of Lost Time\\\" exhibition September November 2026\"})\nd = js
  [hong-kong #6] server:web_search {"query": "kwaifunghin.com \"In Search of Lost Time\" exhibition September November 2026"}
  [hong-kong #6] server:code_execution {"code": "\nfor q in [\"Kwai Fung Hin \\\"In Search of Lost Time\\\" group exhibition\",\n          \"Kwai Fung Hin Art Gallery exhibitions 
  [hong-kong #6] server:web_search {"query": "Kwai Fung Hin \"In Search of Lost Time\" group exhibition"}
  [hong-kong #6] server:web_search {"query": "Kwai Fung Hin Art Gallery exhibitions 2026"}
  [hong-kong #6] server:code_execution {"code": "\nr = await web_fetch({\"url\": \"https://www.kwaifunghin.com/exhibitions/\"})\nd = json.loads(r)\nif isinstance(d, dict) and 'con
  [hong-kong #6] server:web_fetch {"url": "https://www.kwaifunghin.com/exhibitions/"}
  [hong-kong] registry attached:kwai-fung-hin-art from https://www.kwaifunghin.com/exhibitions/
  [hong-kong #6] server:code_execution {"code": "\nidx = data.find('In Search of Lost Tim')\nprint(data[idx-50:idx+700])\n"}
  [hong-kong #6] Confirmed: 15 Sep - 28 Nov 2026 matches saved dates exactly, listed as "Forthcoming" on venue's own site.
  [hong-kong #6] tool:confirm_show {"city": "hong-kong", "slug": "jps-runway-51", "status": "verified", "reason": "JPS Gallery's own exhibition page confirms \"17 Jul 2026 - 1
  [hong-kong #6] tool:confirm_show {"city": "hong-kong", "slug": "kwai-fung-hin-lost-time", "status": "verified", "reason": "Kwai Fung Hin's own exhibitions page lists \"Group
  [hong-kong #7] Now Hauser & Wirth (Lucio Fontana) and Kiang Malingue (Wayfarer of Fire).
  [hong-kong #7] server:code_execution {"code": "\nfor q in [\"Hauser Wirth Hong Kong Lucio Fontana Spatialism exhibition dates\",\n          \"Kiang Malingue Wayfarer of Fire exh
  [hong-kong #7] server:web_search {"query": "Hauser Wirth Hong Kong Lucio Fontana Spatialism exhibition dates"}
  [hong-kong #7] server:web_search {"query": "Kiang Malingue Wayfarer of Fire exhibition dates Hong Kong"}
  [hong-kong #7] server:code_execution {"code": "\nr = await web_fetch({\"url\": \"https://www.hauserwirth.com/hauser-wirth-exhibitions/lucio-fontana-spatialism-pioneering-the-con
  [hong-kong #7] server:web_fetch {"url": "https://www.hauserwirth.com/hauser-wirth-exhibitions/lucio-fontana-spatialism-pioneering-the-contemporary/"}
  [hong-kong #7] Confirmed: 17 September – 19 December 2026 matches saved exactly. Now check Kiang Malingue page directly.
  [hong-kong #7] server:code_execution {"code": "\nr = await web_fetch({\"url\": \"https://kiangmalingue.com/exhibitions/wayfarer-of-fire/\"})\nd = json.loads(r)\nif isinstance(d,
  [hong-kong #7] server:web_fetch {"url": "https://kiangmalingue.com/exhibitions/wayfarer-of-fire/"}
  [hong-kong #7] server:code_execution {"code": "\nr = await web_fetch({\"url\": \"https://artdaily.com/news/199551/Kiang-Malingue-presents-group-exhibition-Wayfarer-of-Fire-in-Ho
  [hong-kong #7] server:web_fetch {"url": "https://artdaily.com/news/199551/Kiang-Malingue-presents-group-exhibition-Wayfarer-of-Fire-in-Hong-Kong"}
  [hong-kong #7] server:code_execution {"code": "\nidx = data.find('September 2026')\nprint(data[idx-300:idx+200])\nidx2 = data.find('through')\nprint(data[idx2-100:idx2+300])\n"}
  [hong-kong #7] server:code_execution {"code": "\n# search for date pattern in text\nimport re\nfor m in re.finditer(r'(on view|through|until|opens?)[^.]{0,150}', data, re.IGNORE
  [hong-kong #7] server:code_execution {"code": "\nidx = data.find(' on view')\nprint(data[idx-400:idx+400])\n"}
  [hong-kong #7] server:code_execution {"code": "\nr = await web_search({\"query\": \"kiangmalingue.com Wayfarer of Fire 11 September 14 November 2026\"})\nd = json.loads(r)\nfor 
  [hong-kong #7] server:web_search {"query": "kiangmalingue.com Wayfarer of Fire 11 September 14 November 2026"}
  [hong-kong #7] server:code_execution {"code": "\nr = await web_fetch({\"url\": \"https://kiangmalingue.com/exhibitions/\"})\nd = json.loads(r)\nif isinstance(d, dict) and 'conte
  [hong-kong #7] server:web_fetch {"url": "https://kiangmalingue.com/exhibitions/"}
  [hong-kong] registry attached:kiang-malingue from https://kiangmalingue.com/exhibitions/
  [hong-kong #7] server:code_execution {"code": "\nprint(d)\n"}
  [hong-kong #7] server:code_execution {"code": "\ndata = d['content']['source']['data']\nidx = data.find('Wayfarer')\nprint(idx)\nprint(len(data))\n"}
  [hong-kong #7] server:code_execution {"code": "\nr = await web_fetch({\"url\": \"https://kiangmalingue.com/exhibitions/wayfarer-of-fire/\"})\nd = json.loads(r)\nprint(type(d), d
  [hong-kong #7] server:web_fetch {"url": "https://kiangmalingue.com/exhibitions/wayfarer-of-fire/"}
  [hong-kong #7] server:code_execution {"code": "\nr = await web_search({\"query\": \"\\\"Wayfarer of Fire\\\" Kiang Malingue \\\"11 September\\\" OR \\\"14 November\\\"\"})\nd = 
  [hong-kong #7] server:web_search {"query": "\"Wayfarer of Fire\" Kiang Malingue \"11 September\" OR \"14 November\""}
  [hong-kong #7] Confirmed: Wayfarer of Fire 11 Sep – 14 Nov, 2026 matches saved dates exactly, via Hong Kong Art Gallery Association listing corroborating artdaily's venue press release.
  [hong-kong #7] tool:confirm_show {"city": "hong-kong", "slug": "hw-lucio-fontana", "status": "verified", "reason": "Hauser & Wirth's own exhibition page confirms \"17 Septem
  [hong-kong #7] tool:confirm_show {"city": "hong-kong", "slug": "kiang-malingue-wayfarer-of-fire", "status": "verified", "reason": "Venue's own press release (via artdaily) c
  [hong-kong #8] Now Hong Kong Arts Centre (Collaboration in Collision) and MASSIMODECARLO (Why the Butterflies).
  [hong-kong #8] server:code_execution {"code": "\nfor q in [\"Hong Kong Arts Centre Collaboration in Collision exhibition dates\",\n          \"MASSIMODECARLO Hong Kong Nicole Wi
  [hong-kong #8] server:web_search {"query": "Hong Kong Arts Centre Collaboration in Collision exhibition dates"}
  [hong-kong #8] server:web_search {"query": "MASSIMODECARLO Hong Kong Nicole Wittenberg Why the Butterflies exhibition dates"}
  [hong-kong #8] Both confirmed: HKAC "2026.08.26 - 2026.09.20" matches saved exactly; MASSIMODECARLO "26.06.2026 | 07.10.2026" matches saved exactly.
  [hong-kong #8] tool:confirm_show {"city": "hong-kong", "slug": "hkac-collaboration-in-collision", "status": "verified", "reason": "Hong Kong Arts Centre's own calendar confi
  [hong-kong #8] tool:confirm_show {"city": "hong-kong", "slug": "why-the-butterflies", "status": "verified", "reason": "MASSIMODECARLO's own site confirms \"Why the Butterfli
  [hong-kong #9] Now Touch Gallery (Steven Tang) and Villepin (Myonghi Kang).
  [hong-kong #9] server:code_execution {"code": "\nfor q in [\"Touch Gallery Hong Kong Steven Tang The Feast of Joy exhibition dates\",\n          \"Villepin Myonghi Kang What Rem
  [hong-kong #9] server:web_search {"query": "Touch Gallery Hong Kong Steven Tang The Feast of Joy exhibition dates"}
  [hong-kong #9] server:web_search {"query": "Villepin Myonghi Kang What Remains to Be Seen exhibition dates Hong Kong"}
  [hong-kong #9] server:code_execution {"code": "\nfor u in [\"https://www.touchgalleryhk.com/steventang\", \"https://www.touchgalleryhk.com/currentexhibition\",\n          \"http
  [hong-kong #9] server:web_fetch {"url": "https://www.touchgalleryhk.com/steventang"}
  [hong-kong #9] server:web_fetch {"url": "https://www.touchgalleryhk.com/currentexhibition"}
  [hong-kong #9] server:web_fetch {"url": "https://www.villepinart.com/what-remains-to-be-seen"}
  [hong-kong #9] server:web_fetch {"url": "https://www.villepinart.com/"}
  [hong-kong #9] server:code_execution {"code": "\nr = await web_fetch({\"url\": \"https://www.touchgalleryhk.com/steventang\"})\nd = json.loads(r)\ndata = d['content']['source'][
  [hong-kong #9] server:web_fetch {"url": "https://www.touchgalleryhk.com/steventang"}
  [hong-kong #9] server:code_execution {"code": "\nr = await web_search({\"query\": \"touchgalleryhk.com currentexhibition Feast of Joy Steven Tang September 2026\"})\nd = json.lo
  [hong-kong #9] server:web_search {"query": "touchgalleryhk.com currentexhibition Feast of Joy Steven Tang September 2026"}
  [hong-kong #9] Found "2026 Exhibitions" page. Let's fetch it directly.
  [hong-kong #9] server:code_execution {"code": "\nr = await web_fetch({\"url\": \"https://www.touchgalleryhk.com/exhibition-2026\"})\nd = json.loads(r)\nif 'content' in d:\n    d
  [hong-kong #9] server:web_fetch {"url": "https://www.touchgalleryhk.com/exhibition-2026"}
  [hong-kong #9] server:code_execution {"code": "\nidx = data.find('2026 Exhibitions', 1000)\nprint(data[idx:idx+1500])\n"}
  [hong-kong #9] server:code_execution {"code": "\nidx2 = data.find('Feast')\nprint(idx2)\n# search full data for Sep 2026 exhibitions\nidx3 = data.find('2026.09')\nprint(data[idx
  [hong-kong #9] server:code_execution {"code": "\nr = await web_search({\"query\": \"\\\"touchgalleryhk.com/currentexhibition\\\"\"})\nd = json.loads(r)\nfor x in d[:8]:\n    pri
  [hong-kong #9] server:web_search {"query": "\"touchgalleryhk.com/currentexhibition\""}
  [hong-kong #9] server:code_execution {"code": "\nr = await web_fetch({\"url\": \"https://www.touchgalleryhk.com/currentexhibition\"})\nd = json.loads(r)\nprint(type(d), d.keys()
  [hong-kong #9] server:web_fetch {"url": "https://www.touchgalleryhk.com/currentexhibition"}
  [hong-kong #9] server:code_execution {"code": "\nfor q in ['touchgalleryhk.com \"Feast of Joy\" \u78ba\u5e78', 'Touch Gallery Steven Tang \"Feast of Joy\" September 2026 exhibit
  [hong-kong #9] server:web_search {"query": "touchgalleryhk.com \"Feast of Joy\" \u78ba\u5e78"}
  [hong-kong #9] server:web_search {"query": "Touch Gallery Steven Tang \"Feast of Joy\" September 2026 exhibition"}
  [hong-kong #9] Found it directly on the venue's own page: 《確幸》The Feast of Joy · 2026.09.02 - 2026.09.25 — matches saved dates exactly.
  [hong-kong #9] tool:confirm_show {"city": "hong-kong", "slug": "the-feast-of-joy", "status": "verified", "reason": "Touch Gallery's own artist page lists \"\u300a\u78ba\u5e7
  [hong-kong #10] Now let's check Villepin (Myonghi Kang).
  [hong-kong #10] server:code_execution {"code": "\nfor q in ['Villepin \"What Remains to Be Seen\" Myonghi Kang', 'villepinart.com what-remains-to-be-seen']:\n    r = await web_se
  [hong-kong #10] server:web_search {"query": "Villepin \"What Remains to Be Seen\" Myonghi Kang"}
  [hong-kong #10] server:web_search {"query": "villepinart.com what-remains-to-be-seen"}
  [hong-kong #10] server:code_execution {"code": "\nr = await web_fetch({\"url\": \"https://www.villepinart.com/myonghi-kang-origins\"})\nd = json.loads(r)\nprint(type(d), d.keys()
  [hong-kong #10] server:web_fetch {"url": "https://www.villepinart.com/myonghi-kang-origins"}
  [hong-kong #10] server:code_execution {"code": "\nr = await web_fetch({\"url\": \"https://www.villepinart.com/\"})\nd = json.loads(r)\nprint(type(d), d.keys() if isinstance(d,dic
  [hong-kong #10] server:web_fetch {"url": "https://www.villepinart.com/"}
  [hong-kong #10] server:code_execution {"code": "\nidx = data.find('Myonghi')\nprint(data[idx-300:idx+500] if idx>0 else \"not found\")\nidx2 = data.find('What Remains')\nprint(da
  [hong-kong #10] Confirmed: "29 September – 15 November" matches saved dates (2026-09-29..2026-11-15) exactly on Villepin's own homepage.
  [hong-kong #10] tool:confirm_show {"city": "hong-kong", "slug": "myonghi-kang-what-remains-to-be-seen", "status": "verified", "reason": "Villepin's own homepage/exhibition ba
  [hong-kong #11] Now the two White Cube shows.
  [hong-kong #11] server:code_execution {"code": "\nfor q in [\"White Cube Hong Kong Tesfaye Urgessa The Lingering Departure exhibition dates\",\n          \"White Cube Hong Kong Y
  [hong-kong #11] server:web_search {"query": "White Cube Hong Kong Tesfaye Urgessa The Lingering Departure exhibition dates"}
  [hong-kong #11] server:web_search {"query": "White Cube Hong Kong Yunyao Zhang When the Surface Thinks exhibition dates"}
  [hong-kong #11] Both confirmed: Tesfaye Urgessa 9 Sep–20 Oct 2026, and Yunyao Zhang 30 Oct–19 Dec 2026, matching saved dates exactly, corroborated by White Cube's own site and Ocula.
  [hong-kong #11] tool:confirm_show {"city": "hong-kong", "slug": "tesfaye-urgessa-the-lingering-departure", "status": "verified", "reason": "White Cube's own site (locations/h
  [hong-kong #11] tool:confirm_show {"city": "hong-kong", "slug": "yunyao-zhang-when-the-surface-thinks", "status": "verified", "reason": "White Cube's own site confirms the ex
  [hong-kong #12] All 20 saved Hong Kong shows have been audited.

**Summary: 20 verified / 0 corrected / 0 unverified**
[verify hong-kong/Central/Soho] done $1.76
{
  "city": "hong-kong",
  "zones": [
    "Central/Soho",
    "Sheung Wan/Sai Ying Pun",
    "Wan Chai/Causeway Bay",
    "Wong Chuk Hang/Aberdeen",
    "Tsim Sha Tsui/Kowloon"
  ],
  "run_spend_usd": 16.4356,
  "shows_total": 38,
  "remaining_todo": {
    "Central/Soho": 0,
    "Sheung Wan/Sai Ying Pun": 0,
    "Wan Chai/Causeway Bay": 1,
    "Wong Chuk Hang/Aberdeen": 0,
    "Tsim Sha Tsui/Kowloon": 0
  },
  "queue": {
    "Central/Soho": {
      "zone": "Central/Soho",
      "order": 0,
      "due": 0,
      "sessions_run": 4,
      "zero_progress": 0,
      "exhausted": true,
      "active": false,
      "why": "todo_empty"
    },
    "Sheung Wan/Sai Ying Pun": {
      "zone": "Sheung Wan/Sai Ying Pun",
      "order": 1,
      "due": 0,
      "sessions_run": 1,
      "zero_progress": 0,
      "exhausted": true,
      "active": false,
      "why": "todo_empty"
    },
    "Wan Chai/Causeway Bay": {
      "zone": "Wan Chai/Causeway Bay",
      "order": 2,
      "due": 0,
      "sessions_run": 1,
      "zero_progress": 0,
      "exhausted": true,
      "active": false,
      "why": "todo_empty"
    },
    "Wong Chuk Hang/Aberdeen": {
      "zone": "Wong Chuk Hang/Aberdeen",
      "order": 3,
      "due": 0,
      "sessions_run": 2,
      "zero_progress": 0,
      "exhausted": true,
      "active": false,
      "why": "todo_empty"
    },
    "Tsim Sha Tsui/Kowloon": {
      "zone": "Tsim Sha Tsui/Kowloon",
      "order": 4,
      "due": 0,
      "sessions_run": 1,
      "zero_progress": 0,
      "exhausted": true,
      "active": false,
      "why": "todo_empty"
    }
  },
  "sessions": [
    {
      "stage": "backfill",
      "venue_id": "10-chancery-lane"
    },
    {
      "stage": "backfill",
      "venue_id": "3812"
    },
    {
      "stage": "backfill",
      "venue_id": "amanda-wei"
    },
    {
      "stage": "backfill",
      "venue_id": "asia-society-hong-kong-center"
    },
    {
      "stage": "backfill",
      "venue_id": "belowground"
    },
    {
      "stage": "backfill",
      "venue_id": "david-zwirner"
    },
    {
      "stage": "backfill",
      "venue_id": "gagosian"
    },
    {
      "stage": "backfill",
      "venue_id": "galerie-du-monde"
    },
    {
      "stage": "backfill",
      "venue_id": "alisan"
    },
    {
      "stage": "backfill",
      "venue_id": "axel-vervoordt"
    },
    {
      "stage": "backfill",
      "venue_id": "ben-brown"
    },
    {
      "stage": "backfill",
      "venue_id": "blindspot"
    },
    {
      "stage": "backfill",
      "venue_id": "de-sarthe"
    },
    {
      "stage": "backfill",
      "venue_id": "empty"
    },
    {
      "stage": "backfill",
      "venue_id": "gallery-exit"
    },
    {
      "stage": "backfill",
      "venue_id": "lucie-chang"
    },
    {
      "stage": "backfill",
      "venue_id": "asia-art-archive"
    },
    {
      "stage": "backfill",
      "venue_id": "blue-lotus"
    },
    {
      "stage": "backfill",
      "venue_id": "chat-centre-for-heritage-arts-and-textile"
    },
    {
      "stage": "backfill",
      "venue_id": "contemporary-by-angela-li"
    },
    {
      "stage": "backfill",
      "venue_id": "double-q"
    },
    {
      "stage": "backfill",
      "venue_id": "leo"
    },
    {
      "stage": "backfill",
      "venue_id": "square-street"
    },
    {
      "stage": "scrape",
      "zone": "Sheung Wan/Sai Ying Pun",
      "session": 1,
      "todo": 7,
      "saved": 5,
      "skipped": 4,
      "exit": 0,
      "label": "deep-hong-kong-sheung-wan-sai-ying-pun-1788556031",
      "venue_ids": [
        "asia-art-archive",
        "blue-lotus",
        "chat-centre-for-heritage-arts-and-textile",
        "contemporary-by-angela-li",
        "double-q",
        "leo",
        "square-street"
      ],
      "started_ts": 1788556031,
      "ended_ts": 1788556393
    },
    {
      "stage": "backfill",
      "venue_id": "1a-space"
    },
    {
      "stage": "backfill",
      "venue_id": "c-and-g-artpartment"
    },
    {
      "stage": "backfill",
      "venue_id": "hanart-tz"
    },
    {
      "stage": "backfill",
      "venue_id": "jockey-club-creative-arts-centre-jccac"
    },
    {
      "stage": "backfill",
      "venue_id": "tomorrow-maybe"
    },
    {
      "stage": "backfill",
      "venue_id": "videotage"
    },
    {
      "stage": "scrape",
      "zone": "Central/Soho",
      "session": 1,
      "todo": 8,
      "saved": 8,
      "skipped": 4,
      "exit": 0,
      "label": "deep-hong-kong-central-soho-1788555988",
      "venue_ids": [
        "10-chancery-lane",
        "3812",
        "amanda-wei",
        "asia-society-hong-kong-center",
        "belowground",
        "david-zwirner",
        "gagosian",
        "galerie-du-monde"
      ],
      "started_ts": 1788555988,
      "ended_ts": 1788556411
    },
    {
      "stage": "backfill",
      "venue_id": "oi"
    },
    {
      "stage": "backfill",
      "venue_id": "osage"
    },
    {
      "stage": "scrape",
      "zone": "Wong Chuk Hang/Aberdeen",
      "session": 1,
      "todo": 8,
      "saved": 7,
      "skipped": 8,
      "exit": 0,
      "label": "deep-hong-kong-wong-chuk-hang-aberdeen-1788556011",
      "venue_ids": [
        "alisan",
        "axel-vervoordt",
        "ben-brown",
        "blindspot",
        "de-sarthe",
        "empty",
        "gallery-exit",
        "lucie-chang"
      ],
      "started_ts": 1788556011,
      "ended_ts": 1788556563
    },
    {
      "stage": "backfill",
      "venue_id": "galerie-ora-ora"
    },
    {
      "stage": "backfill",
      "venue_id": "gallery-by-soil"
    },
    {
      "stage": "backfill",
      "venue_id": "grotto"
    },
    {
      "stage": "backfill",
      "venue_id": "hauser-and-wirth"
    },
    {
      "stage": "backfill",
      "venue_id": "hong-kong-arts-centre"
    },
    {
      "stage": "backfill",
      "venue_id": "jps"
    },
    {
      "stage": "backfill",
      "venue_id": "kiang-malingue"
    },
    {
      "stage": "backfill",
      "venue_id": "kwai-fung-hin-art"
    },
    {
      "stage": "scrape",
      "zone": "Wan Chai/Causeway Bay",
      "session": 1,
      "todo": 2,
      "saved": 1,
      "skipped": 1,
      "exit": 0,
      "label": "deep-hong-kong-wan-chai-causeway-bay-1788556411",
      "venue_ids": [
        "oi",
        "osage"
      ],
      "started_ts": 1788556411,
      "ended_ts": 1788556621
    },
    {
      "stage": "backfill",
      "venue_id": "podium"
    },
    {
      "stage": "backfill",
      "venue_id": "rossi-and-rossi"
    },
    {
      "stage": "backfill",
      "venue_id": "sin-sin"
    },
    {
      "stage": "backfill",
      "venue_id": "whitestone"
    },
    {
      "stage": "scrape",
      "zone": "Tsim Sha Tsui/Kowloon",
      "session": 1,
      "todo": 6,
      "saved": 1,
      "skipped": 5,
      "exit": 0,
      "label": "deep-hong-kong-tsim-sha-tsui-kowloon-1788556393",
      "venue_ids": [
        "1a-space",
        "c-and-g-artpartment",
        "hanart-tz",
        "jockey-club-creative-arts-centre-jccac",
        "tomorrow-maybe",
        "videotage"
      ],
      "started_ts": 1788556393,
      "ended_ts": 1788556648
    },
    {
      "stage": "scrape",
      "zone": "Wong Chuk Hang/Aberdeen",
      "session": 2,
      "todo": 4,
      "saved": 4,
      "skipped": 3,
      "exit": 0,
      "label": "deep-hong-kong-wong-chuk-hang-aberdeen-1788556621",
      "venue_ids": [
        "podium",
        "rossi-and-rossi",
        "sin-sin",
        "whitestone"
      ],
      "started_ts": 1788556621,
      "ended_ts": 1788556917
    },
    {
      "stage": "scrape",
      "zone": "Central/Soho",
      "session": 2,
      "todo": 8,
      "saved": 7,
      "skipped": 4,
      "exit": 0,
      "label": "deep-hong-kong-central-soho-1788556564",
      "venue_ids": [
        "galerie-ora-ora",
        "gallery-by-soil",
        "grotto",
        "hauser-and-wirth",
        "hong-kong-arts-centre",
        "jps",
        "kiang-malingue",
        "kwai-fung-hin-art"
      ],
      "started_ts": 1788556564,
      "ended_ts": 1788556986
    },
    {
      "stage": "backfill",
      "venue_id": "massimo-de-carlo"
    },
    {
      "stage": "backfill",
      "venue_id": "novalis-art-design"
    },
    {
      "stage": "backfill",
      "venue_id": "opera"
    },
    {
      "stage": "backfill",
      "venue_id": "over-the-influence"
    },
    {
      "stage": "backfill",
      "venue_id": "pearl-lam"
    },
    {
      "stage": "backfill",
      "venue_id": "shout-art-hub-and"
    },
    {
      "stage": "backfill",
      "venue_id": "tang-contemporary-art"
    },
    {
      "stage": "backfill",
      "venue_id": "touch"
    },
    {
      "stage": "scrape",
      "zone": "Central/Soho",
      "session": 3,
      "todo": 8,
      "saved": 2,
      "skipped": 6,
      "exit": 0,
      "label": "deep-hong-kong-central-soho-1788556987",
      "venue_ids": [
        "massimo-de-carlo",
        "novalis-art-design",
        "opera",
        "over-the-influence",
        "pearl-lam",
        "shout-art-hub-and",
        "tang-contemporary-art",
        "touch"
      ],
      "started_ts": 1788556987,
      "ended_ts": 1788557379
    },
    {
      "stage": "backfill",
      "venue_id": "villepin"
    },
    {
      "stage": "backfill",
      "venue_id": "white-cube"
    },
    {
      "stage": "backfill",
      "venue_id": "young-soy"
    },
    {
      "stage": "scrape",
      "zone": "Central/Soho",
      "session": 4,
      "todo": 3,
      "saved": 3,
      "skipped": 3,
      "exit": 0,
      "label": "deep-hong-kong-central-soho-1788557379",
      "venue_ids": [
        "villepin",
        "white-cube",
        "young-soy"
      ],
      "started_ts": 1788557379,
      "ended_ts": 1788557575
    }
  ],
  "verification": {
    "hong-kong": {
      "verified": 37,
      "corrected": 1,
      "unverified": 0,
      "unchecked": [],
      "published": 26,
      "pending": [
        {
          "slug": "axel-vervoordt-kim-lim-source",
          "venue": "Axel Vervoordt Gallery",
          "reason": "Venue's own site lists \"Kim Lim, Source ... From September 17, 2026 → January 30, 2027, Hong Kong\", matching saved dates; also referenced on HKAGA events calendar."
        },
        {
          "slug": "passed-on-amanda-wei",
          "venue": "Wei Gallery (Amanda Wei Gallery)",
          "reason": "Venue's own exhibition page confirms dates 23 Sep - 30 Nov 2026, listed as \"Forthcoming exhibition\"; show rests on venue site alone, no independent Artsy/Ocula listing found yet."
        },
        {
          "slug": "doubleq-ufo",
          "venue": "Double Q Gallery",
          "reason": "Confirmed on Double Q Gallery's own site homepage/forthcoming list, listing \"12 September - 24 October 2026\", matching saved dates exactly; rests on venue site alone, no independent Artsy/Ocula listing found."
        },
        {
          "slug": "nocturnal-dz",
          "venue": "David Zwirner",
          "reason": "David Zwirner's own site confirms \"Coming Soon: September 23—November 14, 2026\"; corroborated by Ocula and Artforum."
        },
        {
          "slug": "ben-brown-qi-lei-echoes",
          "venue": "Ben Brown Fine Arts",
          "reason": "Confirmed via Ben Brown's own site imagery/listing plus GalleriesNow and HKAGA, all giving 12 Sep – 24 Oct 2026, matching saved dates."
        },
        {
          "slug": "blindspot-soft-borders",
          "venue": "Blindspot Gallery",
          "reason": "Blindspot's own exhibition page states \"on view from 15 September to 7 November 2026\", matching saved dates; also confirmed via HKAGA events calendar."
        },
        {
          "slug": "empty-gallery-ann-zhao-spillover",
          "venue": "Empty Gallery",
          "reason": "Coordinates could not be resolved from saved address; corrected to venue's full confirmed address (18th & 19th Floor, Grand Marine Center, 3 Yue Fung Street, Tin Wan, Hong Kong) per venue/gallery-directory listings. Show dates (Jul 4–Sep 5, 2026) confirmed on Empty Gallery's own site, still on view today."
        },
        {
          "slug": "podium-luis-xertu-halfway-across-the-rubicon",
          "venue": "PODIUM",
          "reason": "PODIUM's own artist page lists \"Luis Xertu: Halfway Across the Rubicon ... 19 September—21 November 2026 (Upcoming)\", matching saved dates exactly."
        },
        {
          "slug": "kwai-fung-hin-lost-time",
          "venue": "Kwai Fung Hin Art Gallery",
          "reason": "Kwai Fung Hin's own exhibitions page lists \"Group Exhibition: In Search of Lost Time ... 15 Sep - 28 Nov 2026\" under Forthcoming; matches saved dates."
        },
        {
          "slug": "hw-lucio-fontana",
          "venue": "Hauser & Wirth",
          "reason": "Hauser & Wirth's own exhibition page confirms \"17 September – 19 December 2026\" for Hong Kong; matches saved dates exactly."
        },
        {
          "slug": "myonghi-kang-what-remains-to-be-seen",
          "venue": "Villepin",
          "reason": "Villepin's own homepage/exhibition banner confirms \"Myonghi Kang — What Remains to Be Seen, 29 September – 15 November, Villepin, Hong Kong\"; matches saved dates exactly."
        },
        {
          "slug": "yunyao-zhang-when-the-surface-thinks",
          "venue": "White Cube",
          "reason": "White Cube's own site confirms the exhibition \"When the Surface Thinks\"; dates 30 October–19 December 2026 match saved and corroborated by Ocula."
        }
      ]
    }
  },
  "manifest": "/mnt/c/Projects/260903_GalleryBrowser/GalleryBrowser/content/spend/deep_run-hong-kong-1788555988.json"
}
hong-kong: 38 shows, 0 with a published blurb, 0 venue objects updated, 0 without venue_id
hong-kong: 54 verified venues -> /mnt/c/Projects/260903_GalleryBrowser/GalleryBrowser/scraper/run_deep.py --city hong-kong --venue-ids @/mnt/c/Projects/260903_GalleryBrowser/GalleryBrowser/content/expansion/hong-kong/shows-ids.txt --force-due --total-budget 70.0 --session-budget 4.5 --session-todo 8 --workers 3 --no-report
