=== STAGE 1: enumerate (skipped) ===
=== STAGE 2: scrape ===
[queue] due venues per zone: Mitte=3, Kreuzberg=3, Charlottenburg=1, Schöneberg=2
[mitte] session 1: 3 TODO venues -> deep-berlin-mitte-1788559325.log
[mitte]   ['galerie-mazzoli', 'general-public', 'rosalux']
[kreuzberg] session 1: 3 TODO venues -> deep-berlin-kreuzberg-1788559345.log
[kreuzberg]   ['alpha-nova-and-galerie-futura', 'galerie-im-saalbau', 'somos-art-house']
[mitte] session 1 done: +2 saved, +1 skipped (exit 0)
[sch-neberg] session 1: 2 TODO venues -> deep-berlin-sch-neberg-1788559461.log
[sch-neberg]   ['galerie-gilla-lorcher', 'salon-dahlmann']
[kreuzberg] session 1 done: +4 saved, +1 skipped (exit 0)
[charlottenburg] session 1: 1 TODO venues -> deep-berlin-charlottenburg-1788559534.log
[charlottenburg]   ['taubert-contemporary']
[sch-neberg] session 1 done: +4 saved, +1 skipped (exit 0)
[mitte] TODO empty after 1 session(s)
[mitte] zone done: todo_empty after 1 session(s)
[kreuzberg] TODO empty after 1 session(s)
[kreuzberg] zone done: todo_empty after 1 session(s)
[sch-neberg] TODO empty after 1 session(s)
[sch-neberg] zone done: todo_empty after 1 session(s)
[charlottenburg] session 1 done: +1 saved, +1 skipped (exit 0)
[charlottenburg] TODO empty after 1 session(s)
[charlottenburg] zone done: todo_empty after 1 session(s)
=== STAGE 3: verify (pending pool) ===
=== cross-check pass ===
  berlin/hbf-shilpa-gupta: ok
  berlin/kw-kyiv-biennial: ok
  berlin/david-claerbout-repose: GOOGLE_NOT_FOUND
  berlin/camerawork-never-forget: ok
  berlin/cfa-pichler: ok
  berlin/cfa-ikemura: ok
  berlin/between-bridges-rachel-seidu-love-is-the-work: ok
  berlin/barbara-wien-horizontal-fold: ok
  berlin/crone-krauss-sediments: ok
  berlin/schipper-fire-sermon: ok
  berlin/nothelfer-follow-white-rabbit: ok
  berlin/nothelfer-collection: ok
  berlin/buchholz-roubaud: ok
  berlin/baudach-second-echo: ok
  berlin/bortolozzi-wu-tsang: ok
  berlin/tanja-wagner-seed-tree-house: ok
  berlin/buchmann-jim-butler-new-england-paintings: ok
  berlin/carliergebauer-lucia-koch-new-systems: ok
  berlin/carliergebauer-animal-mirror: ok
  berlin/kornfeld-murabito: ok
  berlin/hetzler-grace-weaver-parataxis: ok
  berlin/haas-in-between-sommer-2026: ok
  berlin/haas-strawalde-parade: ok
  berlin/hua-nachleben: ok
  berlin/jarmuschek-malwine-stauss: ok
  berlin/hausamwaldsee-wo-ich-wohne: ok
  berlin/hausamwaldsee-veit-laurent-kurz: ok
  berlin/hausamwaldsee-ayumi-paul-fischmond: ok
  berlin/setareh-genius-loci-xiii: ok
  berlin/tanya-leighton-rabbia-containing: ok
  berlin/haverkampf-from-the-sleep-side: ok
  berlin/haverkampf-souvenirs-de-vacances: ok
  berlin/schulte-katharina-sieverding-life-death: ok
  berlin/schulte-kerstin-bratsch-die-sein: ok
  berlin/schulte-david-l-johnson-nachtruhe: ok
  berlin/societe-sugarshack: ok
  berlin/wentrup-hildebrandt-park-by-poco: ok
  berlin/klemms-wachtel-return-to-content: ok
  berlin/klemms-tracks-taps: ok
  berlin/zilberman-koker-stolon: ok
  berlin/konig-achenbach-echotropia: ok
  berlin/konig-al-qadiri-archaeology-beasts: ok
  berlin/konig-brodskis-last-ones-awake: ok
  berlin/konradfischer-alan-charlton-circle: ok
  berlin/konradfischer-margiela-in-berlin: ok
  berlin/kunstraum-after-memory: ok
  berlin/persons-rhizome: ok
  berlin/soycapitan-grace-weaver-parataxis: ok
  berlin/trautwein-kate-mosher-hall: ok
  berlin/levy-sinta-werner-modul-im-modell: ok
  berlin/capitain-petzel-austin-martin-white: ok
  berlin/plan-b-achraf-touloub-pleiades: ok
  berlin/janizewski-marie-schubert-exuvie: ok
  berlin/deschler-handmade-by-part-ii: ok
  berlin/eigenart-stef-heidhues-hook-line-and-sinker: ok
  berlin/nagel-draxler-gharem-the-image-is-a-public-menace: ok
  berlin/galerie-neu-jeremy-shaw-half-life-of-grace: ok
  berlin/counterplay: ok
  berlin/eric-keller-hanglage: ok
  berlin/thomasfischer-shimmer: ok
  berlin/mae-nan-guk-juk: ok
  berlin/michael-laube-take-five: ok
  berlin/co-berlin-carrie-mae-weems: ok
  berlin/co-berlin-kallinikou: ok
  berlin/co-berlin-kriemann: ok
  berlin/berinson-brassai: ok
  berlin/nilsson-stromberg-now-and-then: ok
  berlin/kajetan-redjaian-transit: ok
  berlin/ebensperger-chicks-on-speed: ok
  berlin/ebensperger-bonnie-camplin-archive: ok
  berlin/bthumm-fiona-banner-poems-for-helicopter-blades: ok
  berlin/bthumm-carrie-mae-weems: ok
  berlin/leon-kahane-kritik-und-selbstkritik: ok
  berlin/susan-hiller-bad-dreams: ok
  berlin/koo-jeong-a-ousssean: ok
  berlin/rafik-greiss-the-city-and-the-city: ok
  berlin/springer-animals: ok
  berlin/diehl-hal-busse-werk-und-wirken: ok
  berlin/reiter-be-real: ok
  berlin/boros-collection-4: ok
  berlin/schinkel-projektionen-osten: ok
  berlin/officeimpart-void-is-seductive: ok
  berlin/sexauer-kerim-seiler: ok
  berlin/kunstraum-tanja-ostojic-encounters: ok
  berlin/schiefe-zaehne-this: ok
  berlin/konig-jordy-kerwick: ok
  berlin/mazzoli-binet-in-between: ok
  berlin/rosalux-diego-geppert: ok
  berlin/nach-bild: ok
  berlin/bittersweet-symphony: ok
  berlin/dropping-in-and-out: ok
  berlin/tine-steen-kochenden-affen: ok
  berlin/embodying-space: ok
  berlin/ab-van-hanegem-solo: ok
  berlin/dialogue-collection-presentation: ok
  berlin/hannah-hallermann-sewing: ok
  berlin/markus-linnenbrink-differentlevelsofbeing: ok

wrote /mnt/c/Projects/260903_GalleryBrowser/GalleryBrowser/content/spend/crosscheck.json (97 shows, 75 venue lookups); flags: {'GOOGLE_NOT_FOUND': 1}
=== agent verification pass ===
[verify berlin/Mitte] 10 shows
[verify berlin/Kreuzberg] 4 shows
[verify berlin/Charlottenburg] 1 shows
  [berlin #0] server:code_execution {"code": "\nimport asyncio\n\nurls = [\n    \"https://galerie-im-saalbau.de/de/ausstellungen/nach-bild\",\n    \"https://galerie-im-saalbau.
  [berlin #0] server:web_fetch {"url": "https://galerie-im-saalbau.de/de/ausstellungen/nach-bild"}
  [berlin #0] server:web_fetch {"url": "https://galerie-im-saalbau.de/de/ausstellungen/bittersweet-symphony"}
  [berlin #0] server:web_fetch {"url": "https://www.galeriefutura.de/en/dropping-in-and-out-a-response-to-uncertainty/"}
  [berlin #0] server:web_fetch {"url": "https://somos-arts.org/tine-steen-die-kochenden-affen/"}
  [berlin #0] server:code_execution {"code": "\nfor u, r in res.items():\n    print(u)\n    print(type(r))\n    print(str(r)[:1500])\n    print(\"----\")\n"}
  [berlin #0] server:text_editor_code_execution {"command": "view", "path": "/tmp"}
  [berlin #0] tool:render_fetch {"url": "https://galerie-im-saalbau.de/de/ausstellungen/nach-bild"}
  [berlin #0] tool:render_fetch {"url": "https://galerie-im-saalbau.de/de/ausstellungen/bittersweet-symphony"}
  [berlin #0] tool:render_fetch {"url": "https://www.galeriefutura.de/en/dropping-in-and-out-a-response-to-uncertainty/"}
  [berlin #0] tool:render_fetch {"url": "https://somos-arts.org/tine-steen-die-kochenden-affen/"}
[verify berlin/Schöneberg] 4 shows
  [berlin #0] server:web_fetch {"url": "https://taubertcontemporary.com/exhibitions/"}
  [berlin #0] server:web_fetch {"url": "https://www.taubertcontemporary.com"}
  [berlin #0] server:web_fetch {"url": "https://taubertcontemporary.com/"}
  [berlin #0] server:web_search {"query": "Taubert Contemporary Markus Linnenbrink DIFFERENTLEVELSOFBEING"}
  [berlin #0] server:web_fetch {"url": "https://taubertcontemporary.com/"}
  [berlin #0] server:web_fetch {"url": "https://taubertcontemporary.com/exhibitions/"}
  [berlin #0] server:web_search {"query": "\"DIFFERENTLEVELSOFBEING\" Linnenbrink Taubert artsy OR indexberlin"}
  [berlin #0] No independent second source found beyond the venue's own site (the aggregators only cover past exhibitions). The venue's own site (freshly fetched, modified 2026-09-03) confirms exact dates matching 
  [berlin #0] tool:confirm_show {"city": "berlin", "slug": "markus-linnenbrink-differentlevelsofbeing", "status": "verified", "reason": "Venue's own site (taubertcontempora
  [berlin #1] Audit complete: 1 verified / 0 corrected / 0 unverified.
[verify berlin/Charlottenburg] done $0.19
  [berlin #0] server:web_fetch {"url": "https://www.galeriegillaloercher.de/exhibitions/co-show"}
  [berlin #0] server:web_fetch {"url": "https://www.galeriegillaloercher.de/exhibitions/solo-show-3"}
  [berlin #0] server:web_fetch {"url": "https://miettinen-collection.de/2026/05/12/dialogue-collection-presentation/"}
  [berlin #0] server:web_fetch {"url": "https://miettinen-collection.de/2026/08/17/hannah-hallermann-sewing/"}
  [berlin #0] server:web_fetch {"url": "https://www.galeriegillaloercher.de/exhibitions/co-show"}
  [berlin #0] server:web_search {"query": "Galerie Gilla L\u00f6rcher Embodying Space Quentin Lefranc Rainer Splitt"}
  [berlin #0] server:web_search {"query": "Galerie Gilla L\u00f6rcher Ab van Hanegem Solo Show"}
  [berlin #0] server:web_search {"query": "Miettinen Collection Salon Dahlmann DIALOGUE Collection Presentation"}
  [berlin #0] server:web_search {"query": "Miettinen Collection Hannah Hallermann SEWING"}
  [berlin #0] server:web_search {"query": "\"Ab van Hanegem\" Gilla L\u00f6rcher \"31.10\" OR \"30 October\" 2026"}
  [berlin #0] server:web_search {"query": "Miettinen Collection DIALOGUE Ikemura Ufan Lee Bae Luostarinen 2026"}
  [berlin #0] server:web_fetch {"url": "https://miettinen-collection.de/2026/05/12/dialogue-collection-presentation/"}
  [berlin #0] server:web_fetch {"url": "https://www.indexberlin.com/venues/list/584/miettinen-collection"}
  [berlin #0] server:web_fetch {"url": "https://miettinen-collection.de/kuenstler/?lang=en"}
  [berlin #0] server:web_fetch {"url": "https://galeriegillaloercher.de/exhibitions/"}
  [berlin #0] server:web_fetch {"url": "https://miettinen-collection.de/exhibitions/?lang=en"}
  [berlin #0] All shows checked against venue's own sites (and secondary sources). Now recording verdicts.
  [berlin #0] tool:confirm_show {"city": "berlin", "slug": "embodying-space", "status": "verified", "reason": "Confirmed on Galerie Gilla L\u00f6rcher's own exhibitions pag
  [berlin #0] tool:confirm_show {"city": "berlin", "slug": "ab-van-hanegem-solo", "status": "verified", "reason": "Confirmed on Galerie Gilla L\u00f6rcher's own exhibitions
  [berlin #0] tool:confirm_show {"city": "berlin", "slug": "dialogue-collection-presentation", "status": "verified", "reason": "Confirmed on Miettinen Collection's own exhi
  [berlin #0] tool:confirm_show {"city": "berlin", "slug": "hannah-hallermann-sewing", "status": "verified", "reason": "Confirmed on Miettinen Collection's own exhibitions 
  [berlin #1] All 4 Berlin shows audited: **4 verified / 0 corrected / 0 unverified**.
[verify berlin/Schöneberg] done $0.47
  [berlin #1] Let me try web_fetch directly (not via code_execution).
  [berlin #1] server:code_execution {"code": "r = await web_search({\"query\": \"Vinzenz Aubry Nach Bild Galerie im Saalbau\"})\nimport json\nprint(json.dumps(r, indent=2)[:200
  [berlin #1] server:web_search {"query": "Vinzenz Aubry Nach Bild Galerie im Saalbau"}
  [berlin #1] server:code_execution {"code": "r = await web_search({\"query\": \"galerie-im-saalbau.de Nach Bild Aubry\"})\nprint(r[:3] if isinstance(r,list) else r)\n"}
  [berlin #1] server:web_search {"query": "galerie-im-saalbau.de Nach Bild Aubry"}
  [berlin #1] server:code_execution {"code": "r = await web_fetch({\"url\": \"https://galerie-im-saalbau.de/en/exhibitions\"})\nprint(str(r)[:3000])\n"}
  [berlin #1] server:web_fetch {"url": "https://galerie-im-saalbau.de/en/exhibitions"}
  [berlin #1] server:code_execution {"code": "content = r[\"content\"][\"data\"] if isinstance(r, dict) else None\nprint(len(content))\nidx = content.find(\"Nach Bild\")\nprint
  [berlin #1] server:code_execution {"code": "import json\nr2 = json.loads(r) if isinstance(r,str) else r\nprint(type(r2))\n"}
  [berlin #1] server:code_execution {"code": "print(type(r))\n"}
  [berlin #1] server:code_execution {"code": "r2 = json.loads(r)\ncontent = r2[\"content\"][\"data\"]\nidx = content.find(\"Nach Bild\")\nprint(content[idx-200:idx+1000])\n"}
  [berlin #1] server:code_execution {"code": "print(r2[\"content\"].keys() if isinstance(r2[\"content\"], dict) else type(r2[\"content\"]))\n"}
  [berlin #1] server:code_execution {"code": "print(r2[\"content\"][\"source\"].keys())\ncontent = r2[\"content\"][\"source\"][\"data\"]\nidx = content.find(\"Nach Bild\")\npri
  [berlin #1] server:code_execution {"code": "r = await web_search({\"query\": \"Bittersweet Symphony Stefanie Moshammer Eric Meier Galerie im Saalbau\"})\nfor x in r[:5]:\n   
  [berlin #1] server:web_search {"query": "Bittersweet Symphony Stefanie Moshammer Eric Meier Galerie im Saalbau"}
  [berlin #1] server:code_execution {"code": "r = await web_search({\"query\": \"Bittersweet Symphony Stefanie Moshammer Eric Meier Galerie im Saalbau\"})\nr = json.loads(r)\nf
  [berlin #1] server:web_search {"query": "Bittersweet Symphony Stefanie Moshammer Eric Meier Galerie im Saalbau"}
  [berlin #1] Good — both shows confirmed on venue's own site with matching dates, plus independent second sources (mountains.gallery, eric-meier.com artist pages, MIT ACT, INDEX Berlin). Now let's check the other 
  [berlin #1] server:code_execution {"code": "r = await web_search({\"query\": \"Dropping In and Out A Response to Uncertainty alpha nova galerie futura\"})\nr = json.loads(r)\
  [berlin #1] server:web_search {"query": "Dropping In and Out A Response to Uncertainty alpha nova galerie futura"}
  [berlin #1] server:code_execution {"code": "r = await web_fetch({\"url\": \"https://www.galeriefutura.de/en/dropping-in-and-out-a-response-to-uncertainty/\"})\nr2 = json.load
  [berlin #1] server:web_fetch {"url": "https://www.galeriefutura.de/en/dropping-in-and-out-a-response-to-uncertainty/"}
  [berlin #1] server:code_execution {"code": "r = await web_search({\"query\": \"galeriefutura.de dropping-in-and-out-a-response-to-uncertainty\"})\nr = json.loads(r)\nfor x in
  [berlin #1] server:web_search {"query": "galeriefutura.de dropping-in-and-out-a-response-to-uncertainty"}
  [berlin #1] server:code_execution {"code": "r = await web_fetch({\"url\": \"https://www.galeriefutura.de/en/\"})\nr2 = json.loads(r)\ncontent = r2[\"content\"][\"source\"][\"
  [berlin #1] server:web_fetch {"url": "https://www.galeriefutura.de/en/"}
  [berlin #1] server:code_execution {"code": "r = await web_fetch({\"url\": \"https://www.galeriefutura.de/en/dropping-in-and-out-a-response-to-uncertainty/\"})\nr2 = json.load
  [berlin #1] server:web_fetch {"url": "https://www.galeriefutura.de/en/dropping-in-and-out-a-response-to-uncertainty/"}
  [berlin #1] server:code_execution {"code": "r = await web_search({\"query\": \"somos-arts.org Tine Steen kochenden Affen\"})\nr = json.loads(r)\nfor x in r[:5]:\n    print(x.
  [berlin #1] server:web_search {"query": "somos-arts.org Tine Steen kochenden Affen"}
  [berlin #1] server:code_execution {"code": "r = await web_fetch({\"url\": \"https://somos-arts.org/tine-steen-die-kochenden-affen/\"})\nr2 = json.loads(r)\ncontent = r2[\"con
  [berlin #1] server:web_fetch {"url": "https://somos-arts.org/tine-steen-die-kochenden-affen/"}
  [berlin #1] server:code_execution {"code": "idx = content.find(\"September 3\")\nprint(content[idx-200:idx+1000])\n"}
  [berlin #1] This confirms the exhibition dates (Sept 4-5, 2026) match the saved dates exactly. Now let me check the calendar page as a second source.
  [berlin #1] server:code_execution {"code": "r = await web_fetch({\"url\": \"https://somos-arts.org/calendar/\"})\nr2 = json.loads(r)\ncontent = r2[\"content\"][\"source\"][\"
  [berlin #1] server:web_fetch {"url": "https://somos-arts.org/calendar/"}
  [berlin #1] All confirmed. Now let's record verdicts for all four shows.
  [berlin #1] tool:confirm_show {"city": "berlin", "slug": "nach-bild", "status": "verified", "reason": "Venue's own exhibitions page lists Nach Bild 11.07.\u201306.09.2026
  [berlin #1] tool:confirm_show {"city": "berlin", "slug": "bittersweet-symphony", "status": "verified", "reason": "Venue's own exhibitions page lists Bittersweet Symphony 
  [berlin #1] tool:confirm_show {"city": "berlin", "slug": "dropping-in-and-out", "status": "verified", "reason": "Venue's own page lists opening 18.9.2026 and \"Exhibition
  [berlin #1] tool:confirm_show {"city": "berlin", "slug": "tine-steen-kochenden-affen", "status": "verified", "reason": "Venue's own page and calendar confirm the two-day 
  [berlin #2] All 4 Berlin shows audited: **4 verified / 0 corrected / 0 unverified**.
[verify berlin/Kreuzberg] done $0.33
  [berlin #0] server:web_fetch {"url": "https://www.rosa-luxemburg-platz.net/leon-kahane-kritik-und-selbstkritik-in-der-freien-zeit-criticism-and-self-criticism-in-free-ti
  [berlin #0] server:web_fetch {"url": "https://www.kw-berlin.de/en/exhibitions/susan-hiller-bad-dreams"}
  [berlin #0] server:web_fetch {"url": "https://www.kw-berlin.de/en/exhibitions/koo-jeong-a-ousssean"}
  [berlin #0] server:web_fetch {"url": "https://www.kw-berlin.de/en/exhibitions/rafik-greiss-the-city-and-the-city"}
  [berlin #0] server:web_fetch {"url": "https://boros-collection.com/2022-2026"}
  [berlin #0] server:web_fetch {"url": "https://www.nbk.org/de/ausstellungen/projektionen-osten"}
  [berlin #0] server:web_fetch {"url": "https://officeimpart.com/salome-chatriot-void-is-seductive"}
  [berlin #0] server:web_fetch {"url": "https://www.sexauer.eu/"}
  [berlin #0] server:web_fetch {"url": "https://www.galleriamazzoli.com/en/exhib/binet_berlin_2026.html"}
  [berlin #0] server:web_fetch {"url": "https://rosalux.com/"}
  [berlin #0] server:code_execution {"code": "\nimport json\nurls = [\n \"https://www.rosa-luxemburg-platz.net/leon-kahane-kritik-und-selbstkritik-in-der-freien-zeit-criticism-
  [berlin #0] server:web_fetch {"url": "https://www.rosa-luxemburg-platz.net/leon-kahane-kritik-und-selbstkritik-in-der-freien-zeit-criticism-and-self-criticism-in-free-ti
  [berlin #0] server:web_fetch {"url": "https://www.kw-berlin.de/en/exhibitions/susan-hiller-bad-dreams"}
  [berlin #0] server:web_fetch {"url": "https://www.kw-berlin.de/en/exhibitions/koo-jeong-a-ousssean"}
  [berlin #0] server:web_fetch {"url": "https://www.kw-berlin.de/en/exhibitions/rafik-greiss-the-city-and-the-city"}
  [berlin #0] server:web_fetch {"url": "https://boros-collection.com/2022-2026"}
  [berlin #0] server:web_fetch {"url": "https://www.nbk.org/de/ausstellungen/projektionen-osten"}
  [berlin #0] server:web_fetch {"url": "https://officeimpart.com/salome-chatriot-void-is-seductive"}
  [berlin #0] server:web_fetch {"url": "https://www.sexauer.eu/"}
  [berlin #0] server:web_fetch {"url": "https://www.galleriamazzoli.com/en/exhib/binet_berlin_2026.html"}
  [berlin #0] server:web_fetch {"url": "https://rosalux.com/"}
  [berlin #0] server:code_execution {"code": "\nfor u in urls[:5]:\n    r = results[u]\n    content = r[0]['content'] if isinstance(r, list) else r.get('content','')\n    print
  [berlin #0] server:code_execution {"code": "\nfor u in urls[:5]:\n    r = results[u]\n    print(type(r), u)\n"}
  [berlin #0] server:code_execution {"code": "\nimport json\nparsed = {}\nfor u in urls:\n    r = results[u]\n    try:\n        p = json.loads(r)\n    except Exception as e:\n 
  [berlin #0] server:code_execution {"code": "\np = parsed[urls[0]]\nprint(p)\n"}
  [berlin #0] server:code_execution {"code": "\nfor u in urls:\n    p = parsed[u]\n    print(u, \"->\", p)\n"}
  [berlin #0] All failed with the same restriction. Let me search for each first to get valid URLs, then fetch.
  [berlin #0] server:code_execution {"code": "\nqueries = [\n \"Leon Kahane Kritik und Selbstkritik Kunstverein Rosa-Luxemburg-Platz\",\n \"Susan Hiller Bad Dreams KW Institute
  [berlin #0] server:web_search {"query": "Leon Kahane Kritik und Selbstkritik Kunstverein Rosa-Luxemburg-Platz"}
  [berlin #0] server:web_search {"query": "Susan Hiller Bad Dreams KW Institute for Contemporary Art"}
  [berlin #0] server:web_search {"query": "KOO JEONG A OUSSSEAN KW Institute"}
  [berlin #0] server:web_search {"query": "Rafik Greiss The City and the City KW Institute"}
  [berlin #0] server:web_search {"query": "Boros Collection 2022-2026"}
  [berlin #0] server:web_search {"query": "Projektionen auf den Osten Schinkel Pavillon"}
  [berlin #0] server:web_search {"query": "Salom\u00e9 Chatriot Void is Seductive Office Impart"}
  [berlin #0] server:web_search {"query": "Kerim Seiler Der Titel kommt zuletzt Sexauer"}
  [berlin #0] server:web_search {"query": "Jonathan Binet In Between Galleria Mazzoli Berlin"}
  [berlin #0] server:web_search {"query": "rosalux Francisco Diego Stella Geppert How Can Language Be Found in the Body"}
  [berlin #0] server:code_execution {"code": "\nfor q in queries[7:]:\n    r = search_results[q]\n    print(\"=\"*10, q)\n    if isinstance(r, list):\n        for item in r[:5]
  [berlin #0] server:code_execution {"code": "\nr = await web_fetch({\"url\": \"https://www.rosa-luxemburg-platz.net/leon-kahane-kritik-und-selbstkritik-in-der-freien-zeit-crit
  [berlin #0] server:web_fetch {"url": "https://www.rosa-luxemburg-platz.net/leon-kahane-kritik-und-selbstkritik-in-der-freien-zeit-criticism-and-self-criticism-in-free-ti
  [berlin #0] server:code_execution {"code": "\nprint(type(p), p if not isinstance(p, (list,dict)) else (p if isinstance(p,dict) else p[:1]))\n"}
  [berlin #0] server:code_execution {"code": "\nurls2 = [\n \"https://www.kw-berlin.de/en/exhibitions/susan-hiller-bad-dreams\",\n \"https://www.kw-berlin.de/en/exhibitions/koo
  [berlin #0] server:web_fetch {"url": "https://www.kw-berlin.de/en/exhibitions/susan-hiller-bad-dreams"}
  [berlin #0] server:web_fetch {"url": "https://www.kw-berlin.de/en/exhibitions/koo-jeong-a-ousssean"}
  [berlin #0] server:web_fetch {"url": "https://www.kw-berlin.de/en/exhibitions/rafik-greiss-the-city-and-the-city"}
  [berlin #0] server:web_fetch {"url": "https://www.kw-berlin.de/en/exhibitions/rafik-greiss"}
  [berlin #0] server:web_fetch {"url": "https://www.kw-berlin.de/en/exhibitions"}
  [berlin #0] server:web_fetch {"url": "https://boros-collection.com/en/"}
  [berlin #0] server:web_fetch {"url": "https://boros-collection.com/besuch-planen"}
  [berlin #0] server:web_fetch {"url": "https://www.nbk.org/de/ausstellungen/projektionen-osten"}
  [berlin #0] server:web_fetch {"url": "https://officeimpart.com/salome-chatriot-void-is-seductive"}
  [berlin #0] server:web_fetch {"url": "https://www.sexauer.eu/"}
  [berlin #0] server:web_fetch {"url": "https://www.galleriamazzoli.com/en/exhib_ber.html"}
  [berlin #0] server:web_fetch {"url": "https://koloniewedding.de/en/current-kolonie/"}
  [berlin #0] server:web_fetch {"url": "https://frontviews.de/"}
  [berlin #0] server:code_execution {"code": "\np = res2[\"https://www.kw-berlin.de/en/exhibitions/susan-hiller-bad-dreams\"]\nprint(p)\n"}
  [berlin #0] server:code_execution {"code": "\np = res2[\"https://www.kw-berlin.de/en/exhibitions/koo-jeong-a-ousssean\"]\nprint(p if not isinstance(p, dict) else p.get('conte
  [berlin #0] server:code_execution {"code": "\nprint(p)\n"}
  [berlin #0] Confirmed: KOO JEONG A OUSSSEAN dates 17.10.26–10.01.27 match saved dates exactly. Now let's check the Rafik Greiss show — note the search results showed conflicting dates (05.12.26–10.01.27 on exhibi
  [berlin #0] server:code_execution {"code": "\np = res2[\"https://www.kw-berlin.de/en/exhibitions\"]\nprint(p)\n"}
  [berlin #0] This confirms the KW exhibitions listing page: Rafik Greiss "The City and the City" is listed as **17.10.26–10.01.27**, matching the saved dates exactly. The 05.12.26 date belongs to a different show 
  [berlin #0] server:code_execution {"code": "\nr = await web_fetch({\"url\": \"https://www.kw-berlin.de/en/exhibitions/rafik-greiss-the-city-and-the-city\"})\np = json.loads(r
  [berlin #0] server:web_fetch {"url": "https://www.kw-berlin.de/en/exhibitions/rafik-greiss-the-city-and-the-city"}
  [berlin #0] server:code_execution {"code": "\nprint(p)\n"}
  [berlin #0] All three KW shows confirmed with exact dates matching. Now let's check Boros Collection, Schinkel/nbk, Office Impart, Sexauer, Mazzoli, rosalux.
  [berlin #0] server:code_execution {"code": "\np = res2[\"https://boros-collection.com/en/\"]\nprint(p if isinstance(p,dict)==False else (p.get('content',{}).get('data','')[:3
  [berlin #0] server:code_execution {"code": "\nprint(p)\n"}
  [berlin #0] server:code_execution {"code": "\nr = await web_fetch({\"url\": \"https://boros-collection.com/en/2021-2026\"})\np = json.loads(r) if isinstance(r,str) else r\nda
  [berlin #0] server:web_fetch {"url": "https://boros-collection.com/en/2021-2026"}
  [berlin #0] server:code_execution {"code": "\nprint(p)\n"}
  [berlin #0] tool:render_fetch {"url": "https://boros-collection.com/en/2021-2026"}
  [berlin #1] server:code_execution {"code": "\nr = await web_fetch({\"url\": \"https://boros-collection.com/en/plan-a-visit\"})\np = json.loads(r) if isinstance(r,str) else r\
  [berlin #1] server:web_fetch {"url": "https://boros-collection.com/en/plan-a-visit"}
  [berlin #1] server:code_execution {"code": "\nr = await web_search({\"query\": \"Boros Collection plan a visit hours 2026\"})\nfor item in r[:5]:\n    print(item.get('title')
  [berlin #1] server:web_search {"query": "Boros Collection plan a visit hours 2026"}
  [berlin #1] server:code_execution {"code": "\nr = await web_search({\"query\": \"Boros Collection plan a visit hours 2026\"})\nr = json.loads(r) if isinstance(r,str) else r\n
  [berlin #1] server:web_search {"query": "Boros Collection plan a visit hours 2026"}
  [berlin #1] Now let's fetch the plan-a-visit page directly, since it appeared in search results.
  [berlin #1] server:code_execution {"code": "\nr = await web_fetch({\"url\": \"https://boros-collection.com/en/plan-a-visit\"})\np = json.loads(r) if isinstance(r,str) else r\
  [berlin #1] server:web_fetch {"url": "https://boros-collection.com/en/plan-a-visit"}
  [berlin #1] server:code_execution {"code": "\nprint(p)\n"}
  [berlin #1] server:code_execution {"code": "\nr = await web_search({\"query\": \"site:artsy.net Boros Collection Berlin\"})\nr = json.loads(r) if isinstance(r,str) else r\nfo
  [berlin #1] server:web_search {"query": "site:artsy.net Boros Collection Berlin"}
  [berlin #1] server:code_execution {"code": "\nr = await web_fetch({\"url\": \"https://www.nbk.org/de/ausstellungen/projektionen-osten\"})\np = json.loads(r) if isinstance(r,s
  [berlin #1] server:web_fetch {"url": "https://www.nbk.org/de/ausstellungen/projektionen-osten"}
  [berlin #1] server:code_execution {"code": "\nr = await web_search({\"query\": \"nbk.org Projektionen auf den Osten Ausstellung Termine\"})\nr = json.loads(r) if isinstance(r
  [berlin #1] server:web_search {"query": "nbk.org Projektionen auf den Osten Ausstellung Termine"}
  [berlin #1] Confirmed: n.b.k.'s own site lists "Projektionen auf den Osten" running 10. September – 8. November 2026, exactly matching the saved dates (2026-09-10..2026-11-08). Now let's check Office Impart, Sexa
  [berlin #1] server:code_execution {"code": "\nr = await web_search({\"query\": \"officeimpart.com salome-chatriot-void-is-seductive\"})\nr = json.loads(r) if isinstance(r,str
  [berlin #1] server:web_search {"query": "officeimpart.com salome-chatriot-void-is-seductive"}
  [berlin #1] server:code_execution {"code": "\nr = await web_fetch({\"url\": \"https://officeimpart.com/salome-chatriot\"})\np = json.loads(r) if isinstance(r,str) else r\ndat
  [berlin #1] server:web_fetch {"url": "https://officeimpart.com/salome-chatriot"}
  [berlin #1] server:code_execution {"code": "\nprint(p)\n"}
  [berlin #1] Confirmed: Office Impart's own site lists "Void is Seductive" 10.09. - 30.10.2026, matching saved dates exactly. Now let's check Sexauer, Mazzoli, and rosalux directly.
  [berlin #1] server:code_execution {"code": "\nr = await web_fetch({\"url\": \"https://www.sexauer.eu/\"})\np = json.loads(r) if isinstance(r,str) else r\ndata = p.get('conten
  [berlin #1] server:web_fetch {"url": "https://www.sexauer.eu/"}
  [berlin #1] server:code_execution {"code": "\nr = await web_search({\"query\": \"sexauer.eu Kerim Seiler Der Titel kommt zuletzt\"})\nr = json.loads(r) if isinstance(r,str) e
  [berlin #1] server:web_search {"query": "sexauer.eu Kerim Seiler Der Titel kommt zuletzt"}
  [berlin #1] server:code_execution {"code": "\nr = await web_fetch({\"url\": \"https://www.sexauer.eu/\"})\np = json.loads(r) if isinstance(r,str) else r\nprint(p)\n"}
  [berlin #1] server:web_fetch {"url": "https://www.sexauer.eu/"}
  [berlin #1] Confirmed: Sexauer's own site states "DER TITEL KOMMT ZULETZT, 29 August – 31 October" matching the saved dates exactly (2026-08-29..2026-10-31). Now let's check Mazzoli and rosalux.
  [berlin #1] server:code_execution {"code": "\nr = await web_fetch({\"url\": \"https://www.galleriamazzoli.com/en/exhib_ber.html\"})\np = json.loads(r) if isinstance(r,str) el
  [berlin #1] server:web_fetch {"url": "https://www.galleriamazzoli.com/en/exhib_ber.html"}
  [berlin #1] server:code_execution {"code": "\nr = await web_search({\"query\": \"galleriamazzoli.com exhib_ber Binet In Between\"})\nr = json.loads(r) if isinstance(r,str) el
  [berlin #1] server:web_search {"query": "galleriamazzoli.com exhib_ber Binet In Between"}
  [berlin #1] server:code_execution {"code": "\nr = await web_fetch({\"url\": \"https://www.galleriamazzoli.com/en/exhib_ber.html\"})\np = json.loads(r) if isinstance(r,str) el
  [berlin #1] server:web_fetch {"url": "https://www.galleriamazzoli.com/en/exhib_ber.html"}
  [berlin #1] server:code_execution {"code": "\nprint(p)\n"}
  [berlin #1] server:code_execution {"code": "\nr = await web_fetch({\"url\": \"https://rosalux.com/\"})\np = json.loads(r) if isinstance(r,str) else r\nprint(p)\n"}
  [berlin #1] server:web_fetch {"url": "https://rosalux.com/"}
  [berlin #1] server:code_execution {"code": "\nr = await web_search({\"query\": \"rosalux.com Francisco Diego Stella Geppert How Can Language Be Found in the Body\"})\nr = jso
  [berlin #1] server:web_search {"query": "rosalux.com Francisco Diego Stella Geppert How Can Language Be Found in the Body"}
  [berlin #1] server:code_execution {"code": "\nr = await web_search({\"query\": \"rosalux.com Berlin exhibition current\"})\nr = json.loads(r) if isinstance(r,str) else r\nfor
  [berlin #1] server:web_search {"query": "rosalux.com Berlin exhibition current"}
  [berlin #1] server:code_execution {"code": "\nr = await web_fetch({\"url\": \"https://koloniewedding.de/en/current-kolonie/\"})\np = json.loads(r) if isinstance(r,str) else r
  [berlin #1] server:web_fetch {"url": "https://koloniewedding.de/en/current-kolonie/"}
  [berlin #1] server:code_execution {"code": "\nprint(p)\n"}
  [berlin #1] Confirmed exactly: rosalux "HOW CAN LANGUAGE BE FOUND IN THE BODY?" runs "21. August – 12. September" matching saved dates (2026-08-21..2026-09-12) exactly. Second source frontviews.de agrees closely 
  [berlin #1] tool:confirm_show {"city": "berlin", "slug": "leon-kahane-kritik-und-selbstkritik", "status": "verified", "reason": null, "corrections": null}
  [berlin #1] tool:confirm_show {"city": "berlin", "slug": "susan-hiller-bad-dreams", "status": "verified", "reason": null, "corrections": null}
  [berlin #1] tool:confirm_show {"city": "berlin", "slug": "koo-jeong-a-ousssean", "status": "verified", "reason": null, "corrections": null}
  [berlin #1] tool:confirm_show {"city": "berlin", "slug": "rafik-greiss-the-city-and-the-city", "status": "verified", "reason": null, "corrections": null}
  [berlin #1] tool:confirm_show {"city": "berlin", "slug": "boros-collection-4", "status": "verified", "reason": "Venue's own site (fetched today) lists Collection #4 (meta
  [berlin #1] tool:confirm_show {"city": "berlin", "slug": "schinkel-projektionen-osten", "status": "verified", "reason": null, "corrections": null}
  [berlin #1] tool:confirm_show {"city": "berlin", "slug": "officeimpart-void-is-seductive", "status": "verified", "reason": null, "corrections": null}
  [berlin #1] tool:confirm_show {"city": "berlin", "slug": "sexauer-kerim-seiler", "status": "verified", "reason": null, "corrections": null}
  [berlin #1] tool:confirm_show {"city": "berlin", "slug": "mazzoli-binet-in-between", "status": "verified", "reason": "Venue's own Berlin exhibitions page confirms the sho
  [berlin #1] tool:confirm_show {"city": "berlin", "slug": "rosalux-diego-geppert", "status": "verified", "reason": null, "corrections": null}
  [berlin #2] All 10 shows have been processed and confirmed. Summary:

**10 verified / 0 corrected / 0 unverified**

All ten saved Berlin shows checked out against their venue's own primary sources with exact date
[verify berlin/Mitte] done $1.67
{
  "city": "berlin",
  "zones": [
    "Mitte",
    "Kreuzberg",
    "Charlottenburg",
    "Schöneberg"
  ],
  "run_spend_usd": 1.9082,
  "shows_total": 97,
  "remaining_todo": {
    "Mitte": 0,
    "Kreuzberg": 0,
    "Charlottenburg": 0,
    "Schöneberg": 0
  },
  "queue": {
    "Mitte": {
      "zone": "Mitte",
      "order": 0,
      "due": 0,
      "sessions_run": 1,
      "zero_progress": 0,
      "exhausted": true,
      "active": false,
      "why": "todo_empty"
    },
    "Kreuzberg": {
      "zone": "Kreuzberg",
      "order": 1,
      "due": 0,
      "sessions_run": 1,
      "zero_progress": 0,
      "exhausted": true,
      "active": false,
      "why": "todo_empty"
    },
    "Charlottenburg": {
      "zone": "Charlottenburg",
      "order": 2,
      "due": 0,
      "sessions_run": 1,
      "zero_progress": 0,
      "exhausted": true,
      "active": false,
      "why": "todo_empty"
    },
    "Schöneberg": {
      "zone": "Schöneberg",
      "order": 3,
      "due": 0,
      "sessions_run": 1,
      "zero_progress": 0,
      "exhausted": true,
      "active": false,
      "why": "todo_empty"
    }
  },
  "sessions": [
    {
      "stage": "backfill",
      "venue_id": "galerie-mazzoli"
    },
    {
      "stage": "backfill",
      "venue_id": "general-public"
    },
    {
      "stage": "backfill",
      "venue_id": "rosalux"
    },
    {
      "stage": "backfill",
      "venue_id": "alpha-nova-and-galerie-futura"
    },
    {
      "stage": "backfill",
      "venue_id": "galerie-im-saalbau"
    },
    {
      "stage": "backfill",
      "venue_id": "somos-art-house"
    },
    {
      "stage": "scrape",
      "zone": "Mitte",
      "session": 1,
      "todo": 3,
      "saved": 2,
      "skipped": 1,
      "exit": 0,
      "label": "deep-berlin-mitte-1788559325",
      "venue_ids": [
        "galerie-mazzoli",
        "general-public",
        "rosalux"
      ],
      "started_ts": 1788559325,
      "ended_ts": 1788559461
    },
    {
      "stage": "backfill",
      "venue_id": "galerie-gilla-lorcher"
    },
    {
      "stage": "backfill",
      "venue_id": "salon-dahlmann"
    },
    {
      "stage": "scrape",
      "zone": "Kreuzberg",
      "session": 1,
      "todo": 3,
      "saved": 4,
      "skipped": 1,
      "exit": 0,
      "label": "deep-berlin-kreuzberg-1788559345",
      "venue_ids": [
        "alpha-nova-and-galerie-futura",
        "galerie-im-saalbau",
        "somos-art-house"
      ],
      "started_ts": 1788559345,
      "ended_ts": 1788559534
    },
    {
      "stage": "backfill",
      "venue_id": "taubert-contemporary"
    },
    {
      "stage": "scrape",
      "zone": "Schöneberg",
      "session": 1,
      "todo": 2,
      "saved": 4,
      "skipped": 1,
      "exit": 0,
      "label": "deep-berlin-sch-neberg-1788559461",
      "venue_ids": [
        "galerie-gilla-lorcher",
        "salon-dahlmann"
      ],
      "started_ts": 1788559461,
      "ended_ts": 1788559676
    },
    {
      "stage": "scrape",
      "zone": "Charlottenburg",
      "session": 1,
      "todo": 1,
      "saved": 1,
      "skipped": 1,
      "exit": 0,
      "label": "deep-berlin-charlottenburg-1788559534",
      "venue_ids": [
        "taubert-contemporary"
      ],
      "started_ts": 1788559534,
      "ended_ts": 1788559691
    }
  ],
  "verification": {
    "berlin": {
      "verified": 19,
      "corrected": 0,
      "unverified": 0,
      "unchecked": [],
      "published": 74,
      "pending": [
        {
          "slug": "co-berlin-carrie-mae-weems",
          "venue": "C/O Berlin",
          "reason": null
        },
        {
          "slug": "co-berlin-kallinikou",
          "venue": "C/O Berlin",
          "reason": null
        },
        {
          "slug": "co-berlin-kriemann",
          "venue": "C/O Berlin",
          "reason": null
        },
        {
          "slug": "berinson-brassai",
          "venue": "Galerie Berinson",
          "reason": null
        },
        {
          "slug": "nilsson-stromberg-now-and-then",
          "venue": "Dorothée Nilsson Gallery",
          "reason": null
        },
        {
          "slug": "kajetan-redjaian-transit",
          "venue": "Galerie kajetan",
          "reason": null
        },
        {
          "slug": "ebensperger-chicks-on-speed",
          "venue": "Ebensperger",
          "reason": null
        },
        {
          "slug": "ebensperger-bonnie-camplin-archive",
          "venue": "Ebensperger",
          "reason": null
        },
        {
          "slug": "bthumm-fiona-banner-poems-for-helicopter-blades",
          "venue": "Galerie Barbara Thumm",
          "reason": null
        },
        {
          "slug": "bthumm-carrie-mae-weems",
          "venue": "Galerie Barbara Thumm",
          "reason": null
        },
        {
          "slug": "susan-hiller-bad-dreams",
          "venue": "KW Institute for Contemporary Art",
          "reason": null
        },
        {
          "slug": "koo-jeong-a-ousssean",
          "venue": "KW Institute for Contemporary Art",
          "reason": null
        },
        {
          "slug": "rafik-greiss-the-city-and-the-city",
          "venue": "KW Institute for Contemporary Art",
          "reason": null
        },
        {
          "slug": "springer-animals",
          "venue": "Galerie Springer Berlin",
          "reason": null
        },
        {
          "slug": "diehl-hal-busse-werk-und-wirken",
          "venue": "Galerie Volker Diehl",
          "reason": null
        },
        {
          "slug": "reiter-be-real",
          "venue": "REITER",
          "reason": null
        },
        {
          "slug": "boros-collection-4",
          "venue": "Sammlung Boros (Boros Collection)",
          "reason": "Venue's own site (fetched today) lists Collection #4 (meta title \"Collection #4 - Boros Collection\") as the current exhibition; no exact closing date is published on the venue site, consistent with the existing dates_note. Held with dates as-is."
        },
        {
          "slug": "kunstraum-tanja-ostojic-encounters",
          "venue": "Kunstraum Kreuzberg/Bethanien",
          "reason": null
        },
        {
          "slug": "schiefe-zaehne-this",
          "venue": "Schiefe Zähne",
          "reason": null
        },
        {
          "slug": "konig-jordy-kerwick",
          "venue": "König Galerie (St. Agnes)",
          "reason": null
        },
        {
          "slug": "bittersweet-symphony",
          "venue": "Galerie im Saalbau",
          "reason": "Venue's own exhibitions page lists Bittersweet Symphony 12.09.–22.11.2026, matching saved dates exactly. Second source: artist pages (eric-meier.com, mountains.gallery) confirm the show."
        },
        {
          "slug": "dropping-in-and-out",
          "venue": "alpha nova & galerie futura",
          "reason": "Venue's own page lists opening 18.9.2026 and \"Exhibition 19.9.-30.10.2026\", matching saved dates exactly. Second source: terheijne.net (project co-organizer) confirms."
        },
        {
          "slug": "ab-van-hanegem-solo",
          "venue": "Galerie Gilla Lörcher",
          "reason": "Confirmed on Galerie Gilla Lörcher's own exhibitions page: \"Ab van Hanegem Solo Show 31 October 2026 — 04 December 2026\", matching saved dates exactly. Rests on the venue's own site alone; no independent Artsy/Index listing with these specific 2026 dates was found."
        }
      ]
    }
  },
  "manifest": "/mnt/c/Projects/260903_GalleryBrowser/GalleryBrowser/content/spend/deep_run-berlin-1788559324.json"
}
berlin: 97 shows, 0 with a published blurb, 0 venue objects updated, 0 without venue_id
  skip esther-schipper: scraped in the last week (pass --rescrape)
  skip galerie-max-hetzler: scraped in the last week (pass --rescrape)
  skip kw-institute-for-contemporary-art: scraped in the last week (pass --rescrape)
  skip konig-galerie-st-agnes: scraped in the last week (pass --rescrape)
  skip contemporary: scraped in the last week (pass --rescrape)
  skip capitain-petzel: scraped in the last week (pass --rescrape)
  skip galerie-buchholz: scraped in the last week (pass --rescrape)
  skip galerie-eigen-art: scraped in the last week (pass --rescrape)
  skip galerie-neu: scraped in the last week (pass --rescrape)
  skip carlier-gebauer: scraped in the last week (pass --rescrape)
  skip galerie-thomas-schulte: scraped in the last week (pass --rescrape)
  skip barbara-wien: scraped in the last week (pass --rescrape)
  skip galerie-isabella-bortolozzi: scraped in the last week (pass --rescrape)
  skip schinkel-pavillon: scraped in the last week (pass --rescrape)
  skip meyer-riegger: scraped in the last week (pass --rescrape)
  skip galerie-nagel-draxler: scraped in the last week (pass --rescrape)
  skip konrad-fischer-galerie: scraped in the last week (pass --rescrape)
  skip societe: scraped in the last week (pass --rescrape)
  skip galerie-barbara-thumm: scraped in the last week (pass --rescrape)
  skip julia-stoschek-foundation-berlin: scraped in the last week (pass --rescrape)
  skip buchmann-galerie: scraped in the last week (pass --rescrape)
  skip tanya-leighton: scraped in the last week (pass --rescrape)
  skip wentrup: scraped in the last week (pass --rescrape)
  skip daadgalerie: scraped in the last week (pass --rescrape)
  skip klemm-s: scraped in the last week (pass --rescrape)
  skip ngbk-neue-gesellschaft-fur-bildende-kunst: scraped in the last week (pass --rescrape)
  skip galerie-tanja-wagner: scraped in the last week (pass --rescrape)
  skip galerie-crone: scraped in the last week (pass --rescrape)
  skip aurel-scheibler: scraped in the last week (pass --rescrape)
  skip kow: scraped in the last week (pass --rescrape)
  skip alexander-levy: scraped in the last week (pass --rescrape)
  skip persons-projects: scraped in the last week (pass --rescrape)
  skip between-bridges: scraped in the last week (pass --rescrape)
  skip hua-international: scraped in the last week (pass --rescrape)
  skip kuckei-kuckei: scraped in the last week (pass --rescrape)
  skip soy-capitan: scraped in the last week (pass --rescrape)
  skip sexauer: scraped in the last week (pass --rescrape)
  skip galerie-michael-haas: scraped in the last week (pass --rescrape)
  skip galerie-guido-w-baudach: scraped in the last week (pass --rescrape)
  skip camera-work: scraped in the last week (pass --rescrape)
  skip sammlung-boros: scraped in the last week (pass --rescrape)
  skip galeria-plan-b: scraped in the last week (pass --rescrape)
  skip galerie-georg-nothelfer: scraped in the last week (pass --rescrape)
  skip c-o-berlin: scraped in the last week (pass --rescrape)
  skip noah-klink: scraped in the last week (pass --rescrape)
  skip galerie-kornfeld: scraped in the last week (pass --rescrape)
  skip trautwein-herleth: scraped in the last week (pass --rescrape)
  skip zilberman: scraped in the last week (pass --rescrape)
  skip haverkampf-leistenschneider: scraped in the last week (pass --rescrape)
  skip haus-am-waldsee: scraped in the last week (pass --rescrape)
  skip galerie-deschler: scraped in the last week (pass --rescrape)
  skip galerie-poll: scraped in the last week (pass --rescrape)
  skip galerie-springer-berlin: scraped in the last week (pass --rescrape)
  skip robert-grunenberg: scraped in the last week (pass --rescrape)
  skip kunstraum-kreuzberg-bethanien: scraped in the last week (pass --rescrape)
  skip galerie-thomas-fischer: scraped in the last week (pass --rescrape)
  skip galerie-berinson: scraped in the last week (pass --rescrape)
  skip galerie-volker-diehl: scraped in the last week (pass --rescrape)
  skip galerie-friese: scraped in the last week (pass --rescrape)
  skip schiefe-zahne: scraped in the last week (pass --rescrape)
  skip galerie-anton-janizewski: scraped in the last week (pass --rescrape)
  skip galerie-wedding-raum-fur-zeitgenossische-kunst: scraped in the last week (pass --rescrape)
  skip office-impart: scraped in the last week (pass --rescrape)
  skip dorothee-nilsson: scraped in the last week (pass --rescrape)
  skip kunstverein-am-rosa-luxemburg-platz: scraped in the last week (pass --rescrape)
  skip jarmuschek-partner: scraped in the last week (pass --rescrape)
  skip sandy-brown: scraped in the last week (pass --rescrape)
  skip galerie-nord-kunstverein-tiergarten: scraped in the last week (pass --rescrape)
  skip ebensperger: scraped in the last week (pass --rescrape)
  skip setareh: scraped in the last week (pass --rescrape)
  skip reiter: scraped in the last week (pass --rescrape)
  skip galerie-kajetan: scraped in the last week (pass --rescrape)
berlin: 9 verified venues -> /mnt/c/Projects/260903_GalleryBrowser/GalleryBrowser/scraper/run_deep.py --city berlin --venue-ids @/mnt/c/Projects/260903_GalleryBrowser/GalleryBrowser/content/expansion/berlin/shows-ids.txt --force-due --total-budget 20.0 --session-budget 4.5 --session-todo 8 --workers 2 --no-report
