=== STAGE 1: enumerate (skipped) ===
=== STAGE 2: scrape ===
[queue] due venues per zone: Samcheong/Bukchon=11, Seochon/Tongui=20, Hannam/Itaewon=17, Cheongdam/Apgujeong=10, Euljiro/Jung-gu=12, Seongsu=1, Yeonhui/Mapo=5
[seochon-tongui] session 1: 8 TODO venues -> deep-seoul-seochon-tongui-1788557142.log
[seochon-tongui]   ['art-sonje-center', 'artside', 'barakat-contemporary', 'boan1942', 'drawingroom', 'factory2', 'gallery-chosun', 'gallery-hyundai']
[hannam-itaewon] session 1: 8 TODO venues -> deep-seoul-hannam-itaewon-1788557165.log
[hannam-itaewon]   ['amado-art-space-lab', 'duarte-sequeira-seoul', 'esther-schipper-seoul', 'gallery-baton', 'gallery-bhak', 'gallery-bk', 'gallery-erd', 'gallery-joeun']
[euljiro-jung-gu] session 1: 8 TODO venues -> deep-seoul-euljiro-jung-gu-1788557188.log
[euljiro-jung-gu]   ['alternative-space-loop', 'arko-art-center', 'cadalogs', 'd-p', 'doosan-gallery-seoul', 'keumsan', 'n-a', 'piknic']
[hannam-itaewon] session 1 done: +4 saved, +4 skipped (exit 0)
[samcheong-bukchon] session 1: 8 TODO venues -> deep-seoul-samcheong-bukchon-1788557465.log
[samcheong-bukchon]   ['313-art-project', 'bb-and-m', 'futura-seoul', 'gallery-k-o-n-g', 'gallery-kiche', 'gallery2', 'jason-haam', 'museumhead']
[seochon-tongui] session 1 done: +4 saved, +5 skipped (exit 0)
[cheongdam-apgujeong] session 1: 8 TODO venues -> deep-seoul-cheongdam-apgujeong-1788557690.log
[cheongdam-apgujeong]   ['a-lounge', 'everyday-mooonday', 'gallery-jj', 'noblesse-collection', 'opera-gallery-seoul', 'perrotin-seoul', 'platform-l-contemporary-art-center', 'space22']
[euljiro-jung-gu] session 1 done: +6 saved, +2 skipped (exit 0)
[yeonhui-mapo] session 1: 5 TODO venues -> deep-seoul-yeonhui-mapo-1788557707.log
[yeonhui-mapo]   ['chapter-ii', 'choi-and-choi', 'cr-collective', 'post-territory-ujeongguk', 'space-k-seoul']
[samcheong-bukchon] session 1 done: +5 saved, +3 skipped (exit 0)
[seongsu] session 1: 1 TODO venues -> deep-seoul-seongsu-1788557831.log
[seongsu]   ['page']
[yeonhui-mapo] session 1 done: +3 saved, +2 skipped (exit 0)
[seochon-tongui] session 2: 8 TODO venues -> deep-seoul-seochon-tongui-1788557927.log
[seochon-tongui]   ['gallery-simon', 'hakgojae', 'ilwoo-space', 'jinsun', 'kukje', 'leeahn-gallery-seoul', 'massimodecarlo-seoul', 'one-and-j']
[seongsu] session 1 done: +1 saved, +0 skipped (exit 0)
[hannam-itaewon] session 2: 8 TODO venues -> deep-seoul-hannam-itaewon-1788557959.log
[hannam-itaewon]   ['gallery-shilla-seoul', 'gallery-sp', 'gladstone-gallery-seoul', 'lehmann-maupin-seoul', 'pace-gallery-seoul', 'space-willing-n-dealing', 'thaddaeus-ropac-seoul', 'thisweekendroom']
[cheongdam-apgujeong] session 1 done: +5 saved, +3 skipped (exit 0)
[euljiro-jung-gu] session 2: 4 TODO venues -> deep-seoul-euljiro-jung-gu-1788558095.log
[euljiro-jung-gu]   ['primary-practice', 'ps-center', 'sun', 'whitestone-gallery-seoul']
[hannam-itaewon] session 2 done: +7 saved, +1 skipped (exit 0)
[samcheong-bukchon] session 2: 3 TODO venues -> deep-seoul-samcheong-bukchon-1788558291.log
[samcheong-bukchon]   ['pibi', 'pkm', 'space-so']
[seochon-tongui] session 2 done: +7 saved, +3 skipped (exit 0)
[cheongdam-apgujeong] session 2: 2 TODO venues -> deep-seoul-cheongdam-apgujeong-1788558388.log
[cheongdam-apgujeong]   ['tang-contemporary-art-seoul', 'white-cube-seoul']
[euljiro-jung-gu] session 2 done: +4 saved, +1 skipped (exit 0)
[seongsu] TODO empty after 1 session(s)
[seongsu] zone done: todo_empty after 1 session(s)
[yeonhui-mapo] TODO empty after 1 session(s)
[yeonhui-mapo] zone done: todo_empty after 1 session(s)
[seochon-tongui] session 3: 4 TODO venues -> deep-seoul-seochon-tongui-1788558402.log
[seochon-tongui]   ['project-space-sarubia', 'pyo', 'reference', 'ryugaheon']
[samcheong-bukchon] session 2 done: +2 saved, +1 skipped (exit 0)
[hannam-itaewon] session 3: 1 TODO venues -> deep-seoul-hannam-itaewon-1788558536.log
[hannam-itaewon]   ['white-noise']
[cheongdam-apgujeong] session 2 done: +3 saved, +0 skipped (exit 0)
[samcheong-bukchon] TODO empty after 2 session(s)
[samcheong-bukchon] zone done: todo_empty after 2 session(s)
[cheongdam-apgujeong] TODO empty after 2 session(s)
[cheongdam-apgujeong] zone done: todo_empty after 2 session(s)
[euljiro-jung-gu] TODO empty after 2 session(s)
[euljiro-jung-gu] zone done: todo_empty after 2 session(s)
[hannam-itaewon] session 3 done: +0 saved, +1 skipped (exit 0)
[hannam-itaewon] TODO empty after 3 session(s)
[hannam-itaewon] zone done: todo_empty after 3 session(s)
[seochon-tongui] session 3 done: +2 saved, +2 skipped (exit 0)
[seochon-tongui] TODO empty after 3 session(s)
[seochon-tongui] zone done: todo_empty after 3 session(s)
=== STAGE 3: verify (pending pool) ===
=== cross-check pass ===
  seoul/asjc-ham-yang-ah-panorama: ok
  seoul/asjc-muyeong-kim-pig: ok
  seoul/artside-kim-hodeuk-subtracting: COORDS_UNRESOLVED
  seoul/fujiwara-who-lived-happily-ever-after: ok
  seoul/gallery-baton-grace: COORDS_OFF_OSM_560m
  seoul/bhak-white-noise: ok
  seoul/joeun-cloud-9: ok
  seoul/drawingroom-rigorous-hands: ok
  seoul/loop-vivi-zhu-untrustworthy-hearts: ok
  seoul/doosan-yeoreum-jeong-the-plural: ok
  seoul/piknic-company-world-affair: ok
  seoul/arko-art-school: ok
  seoul/keumsan-in-scale: ok
  seoul/na-claires-camera: ok
  seoul/bbm-alex-dodge-dream-weaver: ok
  seoul/futura-seoul-es-devlin-3rd-poem: ok
  seoul/gallery2-double-skin-suyeon-kim: ok
  seoul/jasonhaam-mike-lee-idyll-by-the-tide: ok
  seoul/museumhead-eunme-ahn-sculpture-show: ok
  seoul/chapterii-2026-residency: ok
  seoul/choiandchoi-future-elegy: ok
  seoul/spacek-kaws-friends-neighbors: ok
  seoul/up-against-the-walls: ok
  seoul/galleryjj-kim-younghun-proxima: ok
  seoul/em-on-paper: ok
  seoul/opera-xevi-sola-one-year: ok
  seoul/perrotin-mr-threshold-tomorrow: ok
  seoul/space22-time-of-photo: ok
  seoul/gladstone-ed-atkins-1-day-in-space: COORDS_UNRESOLVED
  seoul/pace-kunath-nearest-faraway-place: ok
  seoul/lehmann-maupin-kader-attia-irreparable-repairs: COORDS_OFF_OSM_678m
  seoul/ropac-baselitz-per-mano: ok
  seoul/gallery-sp-chris-ro-once-upon-now: ok
  seoul/wnd-son-jihyeong-at-the-point: ok
  seoul/tw-room-ostranenie: ok
  seoul/primary-practice-art-of-loving: ok
  seoul/sun-gallery-panvital-transcendentalism: ok
  seoul/gallery-simon-becoming-with: ok
  seoul/hakgojae-solo-solo-solo: ok
  seoul/hakgojae-kang-yo-bae: ok
  seoul/ilwoo-nam-hwayeon-nap: ok
  seoul/kukje-park-seo-bo-changing-unchanging: ok
  seoul/kukje-seeun-kim-pictos-pitwall: ok
  seoul/leeahn-umar-rashid: ok
  seoul/sun-gallery-the-cycle-incipit-obvious: ok
  seoul/whitestone-soonik-kwon: ok
  seoul/pibi-jazoo-yang: ok
  seoul/pkm-reimagine-yun-hyong-keun: ok
  seoul/tang-andrea-galvani: ok
  seoul/whitecube-marina-rheingantz: ok
  seoul/whitecube-theaster-gates: ok
  seoul/dear-collectors-yes-you: ok
  seoul/cha-minyoung-whiffling: ok

wrote /mnt/c/Projects/260903_GalleryBrowser/GalleryBrowser/content/spend/crosscheck.json (53 shows, 48 venue lookups); flags: {'COORDS_UNRESOLVED': 2, 'COORDS_OFF_OSM_560m': 1, 'COORDS_OFF_OSM_678m': 1}
=== agent verification pass ===
[verify seoul/Samcheong/Bukchon] 7 shows
[verify seoul/Seochon/Tongui] 13 shows
[verify seoul/Hannam/Itaewon] 11 shows
  [seoul #0] server:web_fetch {"url": "https://artsonje.org/en/exhibition/yang-ah-ham-undefined-panorama/"}
  [seoul #0] server:web_fetch {"url": "https://artsonje.org/en/exhibition/muyeong-kim-pig/"}
  [seoul #0] server:web_fetch {"url": "https://www.artsy.net/show/artside-gallery-kim-hodeuk-solo-exhibition-subtracting-and-subtractign-again"}
  [seoul #0] server:web_fetch {"url": "https://artside.org/"}
  [seoul #0] server:web_fetch {"url": "https://www.drawingroom.kr/exhibitions/2026/rigorous-hands/"}
  [seoul #0] server:web_fetch {"url": "https://www.gallerysimon.com/exhibition/2026-02"}
  [seoul #0] server:web_fetch {"url": "https://artsonje.org/en/exhibition/yang-ah-ham-undefined-panorama/"}
  [seoul #0] server:web_search {"query": "Art Sonje Center Yang Ah Ham Undefined Panorama"}
  [seoul #0] server:web_fetch {"url": "https://artsonje.org/en/"}
  [seoul #0] server:web_search {"query": "Art Sonje Center Muyeong Kim \"Pig\" exhibition 2026"}
  [seoul #0] tool:confirm_show {"city": "seoul", "slug": "asjc-ham-yang-ah-panorama", "status": "verified", "reason": null, "corrections": null}
  [seoul #0] tool:confirm_show {"city": "seoul", "slug": "asjc-muyeong-kim-pig", "status": "verified", "reason": null, "corrections": null}
  [seoul #0] server:web_search {"query": "Artside Gallery Kim Hodeuk \"Subtracting and Subtracting Again\" 2026"}
  [seoul #0] server:web_fetch {"url": "https://www.gallerybbm.com/exhibitions/54-alex-dodge-dream-weaver/"}
  [seoul #0] server:web_fetch {"url": "https://www.e-flux.com/announcements/6787770/3rd-poem-es-devlin-come-home-again"}
  [seoul #0] server:web_fetch {"url": "https://www.gallery2.co.kr/exhibitions/95-double-skin-suyeon-kim/"}
  [seoul #0] server:web_fetch {"url": "https://www.jasonhaam.com/exhibitions/42-mike-lee-idyll-by-the-tide/"}
  [seoul #0] server:web_fetch {"url": "http://museumhead.com/current-exhibition/"}
  [seoul #0] server:web_fetch {"url": "http://www.pibigallery.com/pages/board/board.view.php?board_no=72&no=2628"}
  [seoul #0] server:web_fetch {"url": "https://www.pkmgallery.com/exhibitions/yun-hyong-keun5"}
  [seoul #0] server:web_search {"query": "gallerybbm Alex Dodge Dream Weaver exhibition"}
  [seoul #0] server:web_search {"query": "Futura Seoul Es Devlin 3rd Poem exhibition dates"}
  [seoul #0] server:web_search {"query": "Gallery2 Suyeon Kim Double Skin exhibition"}
  [seoul #0] server:web_search {"query": "Jason Haam Mike Lee Idyll by the Tide exhibition"}
  [seoul #0] server:web_search {"query": "museumhead Eun-Me Ahn Sculpture Show exhibition"}
  [seoul #0] server:web_search {"query": "PIBI Gallery Jazoo Yang exhibition 2026"}
  [seoul #0] server:web_search {"query": "PKM Gallery reimagine Yun Hyong-keun exhibition"}
  [seoul #0] server:web_fetch {"url": "https://www.gallery2.co.kr/exhibitions"}
  [seoul #0] server:web_fetch {"url": "https://www.jasonhaam.com/exhibitions"}
  [seoul #0] server:web_fetch {"url": "https://www.pkmgallery.com/exhibitions/yun-hyong-keun5"}
  [seoul #0] server:web_search {"query": "\"museumhead\" \"Eun-Me Ahn\" sculpture show site:museumhead.com"}
  [seoul #0] server:web_search {"query": "pibigallery.com Jazoo Yang \"All that will remain\""}
  [seoul] registry attached:jason-haam from https://www.jasonhaam.com/exhibitions
  [seoul #0] server:web_fetch {"url": "http://www.pibigallery.com/pages/board/board.view.php?board_no=72&no=2628"}
  [seoul #0] server:web_fetch {"url": "http://www.pibigallery.com/"}
  [seoul #0] tool:render_fetch {"url": "http://www.pibigallery.com/pages/board/board.view.php?board_no=72&no=2628"}
[verify seoul/Cheongdam/Apgujeong] 8 shows
  [seoul #1] server:web_fetch {"url": "https://www.artside.org/"}
  [seoul #1] server:web_search {"query": "artside.org \uae40\ud638\ub4dd \uc804\uc2dc 2026"}
  [seoul #1] server:web_fetch {"url": "https://www.artside.org/exhibition"}
  [seoul #1] server:web_fetch {"url": "https://www.artsy.net/show/artside-gallery-kim-hodeuk-solo-exhibition-subtracting-and-subtractign-again"}
  [seoul #1] tool:render_fetch {"url": "https://www.artside.org/exhibition"}
[verify seoul/Euljiro/Jung-gu] 10 shows
  [seoul #1] server:web_search {"query": "\"pibigallery.com\" Jazoo Yang exhibition \"board_no=72\""}
  [seoul #1] server:web_search {"query": "PIBI Gallery Jazoo Yang \"All that will remain, something that will never disappear\" 2026"}
  [seoul #1] server:web_fetch {"url": "http://www.pibigallery.com/"}
  [seoul #1] server:web_fetch {"url": "http://www.pibigallery.com/pages/board/board.view.php?board_no=72&no=2107"}
  [seoul #1] All seven shows confirmed. Calling confirm_show for each now.
  [seoul #1] tool:confirm_show {"city": "seoul", "slug": "bbm-alex-dodge-dream-weaver", "status": "verified", "reason": "Venue's own page (gallerybbm.com/exhibitions/54-..
  [seoul #1] tool:confirm_show {"city": "seoul", "slug": "futura-seoul-es-devlin-3rd-poem", "status": "verified", "reason": "Venue's own site (en.futuraseoul.org) lists \"
  [seoul #1] tool:confirm_show {"city": "seoul", "slug": "gallery2-double-skin-suyeon-kim", "status": "verified", "reason": "Venue's own exhibitions page (gallery2.co.kr/e
  [seoul #1] tool:confirm_show {"city": "seoul", "slug": "jasonhaam-mike-lee-idyll-by-the-tide", "status": "verified", "reason": "Venue's own exhibitions page (jasonhaam.c
  [seoul #1] tool:confirm_show {"city": "seoul", "slug": "museumhead-eunme-ahn-sculpture-show", "status": "verified", "reason": "Venue's own homepage (museumhead.com) show
  [seoul #1] tool:confirm_show {"city": "seoul", "slug": "pibi-jazoo-yang", "status": "verified", "reason": "Venue's own homepage (pibigallery.com) lists \"Jazoo Yang : Al
  [seoul #1] tool:confirm_show {"city": "seoul", "slug": "pkm-reimagine-yun-hyong-keun", "status": "verified", "reason": "Ocula listing (sourced from gallery) confirms \"2
  [seoul #2] 7 verified / 0 corrected / 0 unverified
[verify seoul/Samcheong/Bukchon] done $0.76
[verify seoul/Seongsu] 1 shows
  [seoul #0] server:web_fetch {"url": "https://thepage-gallery.com/exhibitions/"}
  [seoul #0] server:web_fetch {"url": "https://thepage-gallery.com/"}
  [seoul #0] server:web_search {"query": "The Page Gallery \"Up Against the Walls\" exhibition"}
  [seoul #0] server:web_fetch {"url": "https://thepage-gallery.com/exhibitions/"}
  [seoul #0] server:web_search {"query": "\"Up Against the Walls\" Page Gallery Seoul 2026"}
  [seoul #0] The venue's own exhibitions page confirms the current show: "UP AGAINST THE WALLS! Curated by Seungduk Kim and Franck Gautherot 26 Aug - 10 Oct 2026" — matching the saved dates exactly (2026-08-26 to 
  [seoul #0] tool:confirm_show {"city": "seoul", "slug": "up-against-the-walls", "status": "verified", "reason": "Confirmed on venue's own Exhibitions page as the current 
[verify seoul/Yeonhui/Mapo] 3 shows
  [seoul #1] Audit complete: **1 verified / 0 corrected / 0 unverified**
[verify seoul/Seongsu] done $0.15
  [seoul #2] server:web_search {"query": "\"Subtracting and Subtracting Again\" Kim Hodeuk Artside artsy"}
  [seoul #2] server:web_search {"query": "\uae40\ud638\ub4dd \"\ub35c\uc5b4\ub0b4\uace0\" \uc544\ud2b8\uc0ac\uc774\ub4dc 2026"}
  [seoul #2] server:web_search {"query": "Kim Hodeuk Artside Gallery exhibition August 2026"}
  [seoul #2] server:web_search {"query": "\"Subtracting and Subtracting\" Kim Hodeuk"}
  [seoul #2] server:web_search {"query": "\uc544\ud2b8\uc0ac\uc774\ub4dc \uae40\ud638\ub4dd \uac1c\uc778\uc804 \"\ub35c\uc5b4\ub0b4\uace0 \ub610 \ub35c\uc5b4\ub0b4\ub2e4\"
  [seoul #2] server:web_search {"query": "artsy.net \"artside-gallery-kim-hodeuk-solo-exhibition\""}
  [seoul #2] server:web_fetch {"url": "https://www.artsy.net/shows/seoul-south-korea"}
  [seoul #2] server:web_search {"query": "\"\uae40\ud638\ub4dd\" \uc544\ud2b8\uc0ac\uc774\ub4dc \uc804\uc2dc 8\uc6d428\uc77c"}
  [seoul #2] server:web_search {"query": "Artside Gallery Kim Hodeuk Frieze Seoul 2026 solo"}
  [seoul #2] server:web_search {"query": "\"subtracting-and-subtractign-again\""}
  [seoul #2] server:web_search {"query": "Artside Gallery Kim Hodeuk artmap.com 2026"}
  [seoul #2] server:web_search {"query": "\uc544\ud2b8\uc0ac\uc774\ub4dc\uac24\ub7ec\ub9ac \uae40\ud638\ub4dd \uac1c\uc778\uc804 2026\ub144 8\uc6d4"}
  [seoul #2] server:web_search {"query": "artsy.net show artside-gallery-kim-hodeuk"}
  [seoul #2] tool:confirm_show {"city": "seoul", "slug": "artside-kim-hodeuk-subtracting", "status": "unverified", "reason": "Could not confirm this exhibition or its date
  [seoul #0] server:web_fetch {"url": "https://www.galleryjj.org/kim-younghun-proxima"}
  [seoul #0] server:web_fetch {"url": "https://www.everydaymooonday.com/category/exbihition/current.html"}
  [seoul #0] server:web_fetch {"url": "https://www.operagallery.com/event/xevi-sola-one-year-scenes-in-time"}
  [seoul #0] server:web_fetch {"url": "https://www.perrotin.com/en/artists/mr"}
  [seoul #0] server:web_fetch {"url": "http://www.space22.co.kr/exhibition/exhibition1?seq=234"}
  [seoul #0] server:web_fetch {"url": "https://www.tangcontemporary.com/2026-andrea-thelostgardenofheaven"}
  [seoul #0] server:web_fetch {"url": "https://www.whitecube.com/gallery-exhibitions/marina-rheingantz-seoul-2026"}
  [seoul #0] server:web_fetch {"url": "https://www.whitecube.com/gallery-exhibitions/theaster-gates-seoul-2026"}
  [seoul #0] server:web_fetch {"url": "https://www.galleryjj.org/kim-younghun-proxima"}
  [seoul #0] server:web_search {"query": "Gallery JJ Kim Young-Hun Proxima"}
  [seoul #0] server:web_search {"query": "Everyday Mooonday On Paper exhibition"}
  [seoul #0] server:web_fetch {"url": "https://www.everydaymooonday.com/category/exbihition/current.html"}
  [seoul #0] server:web_fetch {"url": "https://www.galleryjj.org/kim-younghun-proxima"}
  [seoul #0] server:web_search {"query": "galleryjj.org Kim Younghun Proxima"}
  [seoul #0] server:web_search {"query": "Opera Gallery Seoul Xevi Sola One Year Scenes in Time"}
  [seoul #0] server:web_fetch {"url": "https://www.operagallery.com/event/xevi-sola-one-year-scenes-in-time"}
  [seoul #0] server:web_search {"query": "Gallery JJ \uc11c\uc6b8 \uae40\uc601\ud6c8 \ud504\ub85d\uc2dc\ub9c8"}
  [seoul #0] server:web_fetch {"url": "https://www.galleryjj.org/?lang=en"}
  [seoul #0] server:web_search {"query": "\"galleryjj.org\" \"younghun\" OR \"young-hun\" proxima"}
  [seoul #0] server:web_search {"query": "Perrotin Seoul \"Mr.\" exhibition \"On the Threshold of Tomorrow\""}
  [seoul #0] server:web_search {"query": "Space22 Kang Hong-goo Time of Photo exhibition"}
  [seoul #0] server:web_fetch {"url": "https://www.perrotin.com/en/artists/mr"}
  [seoul #0] server:web_fetch {"url": "http://www.space22.co.kr/exhibition/exhibition1?seq=234"}
  [seoul #0] server:web_fetch {"url": "https://www.galleriesnow.net/shows/mr-3/"}
  [seoul #0] server:web_search {"query": "perrotin.com/en/artists/mr"}
  [seoul #0] server:web_search {"query": "space22.co.kr exhibition1 seq=234"}
  [seoul #0] server:web_fetch {"url": "https://www.perrotin.com/en/artists/mr"}
  [seoul #0] tool:render_fetch {"url": "http://www.space22.co.kr/exhibition/exhibition1?seq=234"}
  [seoul #0] server:web_fetch {"url": "https://chapterii.org/exhibitions/87-chapter-ii-2026-residency-exhibition-park-ji-won-byun-chae-young-choi-mo/"}
  [seoul #0] server:web_fetch {"url": "https://www.choiandchoi.com/exhibitions/115-seoul-future-elegy-for-a-new-life-gijeong-goo-hyunjin-park-soeun-bae/press_release_text
  [seoul #0] server:web_fetch {"url": "https://www.spacek.co.kr/concert/index.do"}
  [seoul #0] server:web_fetch {"url": "https://chapterii.org/exhibitions/87-chapter-ii-2026-residency-exhibition-park-ji-won-byun-chae-young-choi-mo/"}
  [seoul #0] server:web_search {"query": "Chapter II 2026 Residency Exhibition Park Ji Won Byun Chae Young Choi Mo Min"}
  [seoul #0] server:web_search {"query": "CHOI&CHOI Gallery Future Elegy For a New Life Gijeong Goo Hyunjin Park Soeun Bae"}
  [seoul #0] server:web_search {"query": "Space K Seoul KAWS Friends and Neighbors"}
  [seoul #0] server:web_fetch {"url": "https://www.choiandchoi.com/exhibitions/115-seoul-future-elegy-for-a-new-life-gijeong-goo-hyunjin-park-soeun-bae/press_release_text
  [seoul #0] server:web_fetch {"url": "https://www.choiandchoi.com/exhibitions/current-forthcoming/"}
  [seoul #0] server:web_search {"query": "\"Future Elegy For a New Life\" Choi Choi Gallery artsy OR ocula"}
  [seoul #0] server:web_search {"query": "Chapter II gallery Seoul \"residency exhibition\" 2026 Park Ji Won Byun Chae Young Choi Mo Min site:chapterii.org"}
  [seoul #0] server:web_fetch {"url": "https://chapterii.org/exhibitions/87-chapter-ii-2026-residency-exhibition-park-ji-won-byun-chae-young-choi-mo/"}
  [seoul #0] server:web_fetch {"url": "https://chapterii.org/exhibitions/"}
  [seoul #0] tool:render_fetch {"url": "https://chapterii.org/exhibitions/87-chapter-ii-2026-residency-exhibition-park-ji-won-byun-chae-young-choi-mo/"}
  [seoul #3] Now let's move to drawingRoom, Gallery Simon, Hakgojae shows, Ilwoo Space, Kukje Gallery, Leeahn, The Reference, and PYO Gallery.
  [seoul #3] server:web_search {"query": "drawingRoom Seoul \"Rigorous Hands\" exhibition 2026"}
  [seoul #3] server:web_search {"query": "Gallery Simon \"Becoming With\" Joohyun Kim MeeNa Park Yo-E Ryou 2026"}
  [seoul #3] server:web_fetch {"url": "https://www.gallerysimon.com/exhibitions"}
  [seoul #3] server:web_fetch {"url": "https://www.gallerysimon.com/gallery/history"}
  [seoul #3] tool:confirm_show {"city": "seoul", "slug": "drawingroom-rigorous-hands", "status": "verified", "reason": "Confirmed via Artsy editorial noting the show is on
  [seoul #3] tool:confirm_show {"city": "seoul", "slug": "gallery-simon-becoming-with", "status": "verified", "reason": "Confirmed on Gallery Simon's own History page list
  [seoul #1] server:web_search {"query": "chapterii.org \"Chapter II 2026 Residency Exhibition\""}
  [seoul #1] server:web_fetch {"url": "https://chapterii.org/"}
  [seoul #1] server:web_fetch {"url": "https://chapterii.org/partner/exhibitions/"}
  [seoul #1] server:web_search {"query": "\"Park Ji Won\" \"Byun Chae Young\" \"Choi Mo Min\" Chapter II 2026"}
  [seoul #1] tool:confirm_show {"city": "seoul", "slug": "chapterii-2026-residency", "status": "verified", "reason": "Venue's own homepage (chapterii.org) currently lists 
  [seoul #1] tool:confirm_show {"city": "seoul", "slug": "choiandchoi-future-elegy", "status": "verified", "reason": "Venue's own site (choiandchoi.com) confirms \"Future 
  [seoul #1] tool:confirm_show {"city": "seoul", "slug": "spacek-kaws-friends-neighbors", "status": "verified", "reason": "Confirmed via Kiaf.org official listing and Gale
  [seoul #0] server:web_fetch {"url": "http://altspaceloop.com/exhibitions/vivi"}
  [seoul #0] server:web_fetch {"url": "https://www.doosangallery.com/en/exhibitions/detail/238"}
  [seoul #0] server:web_fetch {"url": "https://piknic.kr/home/include/board_view.php?SEQ=CATEEXHIBITION0017"}
  [seoul #0] server:web_fetch {"url": "https://www.arko.or.kr/artcenter/"}
  [seoul #0] server:web_fetch {"url": "http://www.keumsangallery.com/exhibitions/read.php?no=378"}
  [seoul #0] server:web_fetch {"url": "https://nslasha.kr/"}
  [seoul #0] server:web_fetch {"url": "https://www.primarypractice.kr/exhibitions/sarangeui-gisul"}
  [seoul #0] server:web_fetch {"url": "https://www.sungallery.co.kr/exhibitions/67/overview/"}
  [seoul #0] server:web_fetch {"url": "https://www.sungallery.co.kr/exhibitions/68-the-cycle-incipit-obvious/overview/"}
  [seoul #0] server:web_fetch {"url": "https://www.whitestone-gallery.com/blogs/gallery-exhibitions/kr-soonik-kwon-082026"}
  [seoul #0] server:web_fetch {"url": "http://altspaceloop.com/exhibitions/vivi"}
  [seoul #0] server:web_search {"query": "Alternative Space LOOP Vivi Zhu Untrustworthy Hearts"}
  [seoul #0] server:web_search {"query": "DOOSAN Gallery Seoul Yeoreum Jeong The Plural"}
  [seoul #0] server:web_search {"query": "Piknic Seoul COMPANY World Affair exhibition"}
  [seoul #0] server:web_search {"query": "Arko Art Center Art School When We Become Each Other's School"}
  [seoul #0] server:web_search {"query": "Keumsan Gallery IN SCALE exhibition Lee Jae-hyung"}
  [seoul #0] server:web_search {"query": "nslasha Claire's Camera exhibition Seoul"}
  [seoul #0] server:web_search {"query": "Primary Practice \uc0ac\ub791\uc758 \uae30\uc220 The Art of Loving exhibition"}
  [seoul #0] server:web_search {"query": "Sun Gallery Panvital Transcendentalism exhibition"}
  [seoul #0] server:web_search {"query": "Sun Gallery Obvious The Cycle Incipit exhibition"}
  [seoul #0] server:web_search {"query": "Whitestone Gallery Seoul Soonik Kwon Mountains as Mountains Waters as Waters"}
  [seoul #0] server:web_search {"query": "altspaceloop.com Vivi Zhu 2026 exhibition"}
  [seoul #0] server:web_search {"query": "\"piknic.kr\" \"World Affair\" COMPANY exhibition dates"}
  [seoul #0] server:web_search {"query": "keumsan gallery \"IN SCALE\" \uc774\uc7ac\ud615 \uc815\uc815\uc8fc \ubc15\uadfc\ud638 \ud55c\uc2b9\uad6c"}
  [seoul #0] server:web_search {"query": "primarypractice.kr \uc0ac\ub791\uc758 \uae30\uc220 \uc548\ucd08\ub871 \ub178\uc1a1\ud76c \uc774\uac15\uc2b9"}
  [seoul #0] server:web_search {"query": "arko.or.kr artcenter \"Art School\" exhibition 2026"}
  [seoul #0] server:web_fetch {"url": "https://piknic.kr/home/"}
  [seoul #0] server:web_search {"query": "\"World Affair\" piknic 2026.04.03 2026.09.06 OR 2026.09.12"}
  [seoul #0] server:web_search {"query": "keumsangallery.com \"IN SCALE\" exhibition September 2026"}
  [seoul #0] server:web_search {"query": "primarypractice.kr \"sarangeui-gisul\" OR \"Art of Loving\" exhibition 2026"}
  [seoul #0] server:web_fetch {"url": "http://www.keumsangallery.com/exhibitions/index.php"}
  [seoul #0] tool:render_fetch {"url": "https://primarypractice.kr/"}
  [seoul #2] Audit complete: **3 verified / 0 corrected / 0 unverified**

- **Chapter II 2026 Residency Exhibition** — confirmed on the venue's own homepage (chapterii.org), dates match exactly (2 Sept–23 Oct 2026
[verify seoul/Yeonhui/Mapo] done $0.46
  [seoul #4] Now let's check the two Hakgojae shows, Ilwoo Space, Kukje Gallery (2 shows), Leeahn, The Reference, and PYO Gallery.
  [seoul #4] server:web_fetch {"url": "http://hakgojae.com/page/1-3-view.php?exhibition_num=528"}
  [seoul #4] server:web_fetch {"url": "http://hakgojae.com/page/1-3-view.php?exhibition_num=527"}
  [seoul #4] server:web_fetch {"url": "http://hakgojae.com/page/1-1.php"}
  [seoul #4] server:web_search {"query": "hakgojae.com \"Solo Solo Solo\" \uac1c\uc778\uc804\uac1c\uc778\uc804\uac1c\uc778\uc804 2026"}
  [seoul #4] server:web_search {"query": "\ud559\uace0\uc7ac \uac15\uc694\ubc30 \uc18c\uc18c \ubc18\uc0c9 2026"}
  [seoul #4] server:web_search {"query": "\ud559\uace0\uc7ac \"\uac1c\uc778\uc804\uac1c\uc778\uc804\uac1c\uc778\uc804\" \uad7f\ubaa8\ub2dd\ud0c0\uc6b4 \uc8fc\uc7ac\ubc94"}
  [seoul #4] Both Hakgojae shows confirmed via kiaf.org press page with exact matching dates.
  [seoul #4] tool:confirm_show {"city": "seoul", "slug": "hakgojae-solo-solo-solo", "status": "verified", "reason": "Confirmed via Kiaf press page: \"\ud559\uace0\uc7ac\ub
  [seoul #4] tool:confirm_show {"city": "seoul", "slug": "hakgojae-kang-yo-bae", "status": "verified", "reason": "Confirmed via multiple press sources (ftoday, Kiaf press 
  [seoul #5] Now let's check Ilwoo Space, Kukje Gallery (2 shows), Leeahn, The Reference, and PYO Gallery.
  [seoul #5] server:web_search {"query": "\uc77c\uc6b0\uc2a4\ud398\uc774\uc2a4 \ub0a8\ud654\uc5f0 \"\ub0ae\uc7a0\" Nap 2026"}
  [seoul #5] server:web_search {"query": "Kukje Gallery Park Seo-Bo \"Changing Unchanging\" 2026 exhibition"}
  [seoul #5] tool:confirm_show {"city": "seoul", "slug": "ilwoo-nam-hwayeon-nap", "status": "verified", "reason": "Confirmed via multiple press sources (Newsis, Doremi New
  [seoul #5] tool:confirm_show {"city": "seoul", "slug": "kukje-park-seo-bo-changing-unchanging", "status": "verified", "reason": "Confirmed on Kukje Gallery's own exhibit
  [seoul #5] tool:confirm_show {"city": "seoul", "slug": "kukje-seeun-kim-pictos-pitwall", "status": "verified", "reason": "Confirmed on Kukje Gallery's own exhibitions pa
  [seoul #0] server:web_fetch {"url": "https://www.estherschipper.com/exhibitions/1595-who-lived-happily-ever-after-simon-fujiwara/"}
  [seoul #0] server:web_fetch {"url": "https://gallerybaton.com/exhibitions/129-grace/"}
  [seoul #0] server:web_fetch {"url": "https://galeriebhak.com/exhibitions/RiHC3OFpEJlKIVIRM6jq"}
  [seoul #0] server:web_fetch {"url": "https://galleryjoeun.com/kor/exhibitions/current.php"}
  [seoul #0] server:web_fetch {"url": "https://gladstonegallery.com/ko/exhibit/ed-atkins-1-day-in-space/"}
  [seoul #0] server:web_fetch {"url": "https://www.pacegallery.com/exhibitions/friedrich-kunath-the-nearest-faraway-place/"}
  [seoul #0] server:web_fetch {"url": "https://www.lehmannmaupin.com/exhibitions/kader-attia-irreparable-repairs"}
  [seoul #0] server:web_fetch {"url": "https://ropac.net/exhibitions/799-georg-baselitz-per-mano/"}
  [seoul #0] server:web_fetch {"url": "https://www.gallerysp.com/exhibitions/current"}
  [seoul #0] server:web_fetch {"url": "https://www.willingndealing.org/a-sonjihyeong2026"}
  [seoul #0] server:web_fetch {"url": "http://thisweekendroom.com/ostranenie/"}
  [seoul #0] server:web_fetch {"url": "https://www.estherschipper.com/exhibitions/1595-who-lived-happily-ever-after-simon-fujiwara/"}
  [seoul #0] server:web_search {"query": "Esther Schipper Seoul Simon Fujiwara \"Who Lived Happily Ever After\""}
  [seoul #0] server:web_search {"query": "Gallery Baton \"GRACE\" exhibition 2026"}
  [seoul #0] server:web_search {"query": "Gallery Bhak Nam June Paik Kim Ryu \"White Noise\""}
  [seoul #0] server:web_search {"query": "\uac24\ub7ec\ub9ac \uc870\uc740 \uc131\ub960 \"Cloud 9\""}
  [seoul #0] server:web_search {"query": "Gladstone Gallery Seoul Ed Atkins \"1 day in space\""}
  [seoul #0] server:web_search {"query": "Pace Gallery Seoul Friedrich Kunath \"The Nearest Faraway Place\""}
  [seoul #0] server:web_search {"query": "Lehmann Maupin Seoul Kader Attia \"Irreparable Repairs\""}
  [seoul #0] server:web_search {"query": "Thaddaeus Ropac Seoul Georg Baselitz \"Per Mano\""}
  [seoul #0] server:web_search {"query": "Gallery SP Chris Ro \"Once Upon Now\""}
  [seoul #0] server:web_search {"query": "Space Willing N Dealing Son Jihyeong \"at the point\""}
  [seoul #0] server:web_search {"query": "ThisWeekendRoom \"Ostranenie\" exhibition"}
  [seoul #0] server:web_fetch {"url": "https://gladstonegallery.com/ko/exhibit/ed-atkins-1-day-in-space/"}
  [seoul #0] server:web_fetch {"url": "https://ropac.net/exhibitions/799-georg-baselitz-per-mano/"}
  [seoul #0] server:web_search {"query": "Gallery Baton \"GRACE\" \uadf8\ub808\uc774\uc2a4 \uc804\uc2dc 9\uc6d4 10\uc6d4"}
  [seoul #0] server:web_search {"query": "\uac24\ub7ec\ub9ac\ubc15 BHAK \"White Noise\" \ubc31\ub0a8\uc900 \uae40\ub958 8\uc6d4 20\uc77c 9\uc6d4 23\uc77c"}
  [seoul #0] server:web_search {"query": "Gladstone Gallery Seoul Hannam address Itaewon-ro contact"}
  [seoul #0] server:web_search {"query": "Gallery SP \"Once Upon Now\" Chris Ro artsy ocula"}
  [seoul #0] server:web_search {"query": "willingndealing.org \"at the point\" Son Jihyeong \uc190\uc9c0\ud615"}
  [seoul #0] server:web_search {"query": "ThisWeekendRoom Ostranenie Jina Park Julius Hofmann Lucas Kaiser Tilo Baumg\u00e4rtel Seoul"}
  [seoul #0] server:web_fetch {"url": "https://www.willingndealing.org/a-sonjihyeong2026"}
  [seoul #0] server:web_fetch {"url": "http://thisweekendroom.com/ostranenie/"}
  [seoul #0] server:web_fetch {"url": "https://gallerysp.com/"}
  [seoul #0] server:web_fetch {"url": "https://gallerybaton.com/exhibitions/129-grace/"}
  [seoul #0] server:web_fetch {"url": "https://galeriebhak.com/?id=170&p=artist-detail"}
  [seoul #0] server:web_search {"query": "\"gallerybaton.com\" GRACE 9\uc6d4 10\uc77c exhibition"}
  [seoul #0] server:web_search {"query": "willingndealing.org \"at the point\" \uc190\uc9c0\ud615 2026"}
  [seoul #0] server:web_fetch {"url": "https://www.willingndealing.org/"}
  [seoul #0] server:web_fetch {"url": "https://www.artsy.net/partner/gallery-baton"}
  [seoul #0] server:web_fetch {"url": "https://www.artsy.net/partner/thisweekendroom"}
  [seoul #0] server:web_fetch {"url": "https://gallerybaton.com/exhibitions/129-grace/"}
  [seoul #0] server:web_fetch {"url": "https://thisweekendroom.com/ostranenie/"}
  [seoul #0] Now I have enough information to finalize all 11 shows. Let me submit the verdicts.
  [seoul #0] tool:confirm_show {"city": "seoul", "slug": "fujiwara-who-lived-happily-ever-after", "status": "verified", "reason": null, "corrections": null}
  [seoul #0] tool:confirm_show {"city": "seoul", "slug": "gallery-baton-grace", "status": "verified", "reason": "Venue's own exhibition page could not be loaded via tool, 
  [seoul #0] tool:confirm_show {"city": "seoul", "slug": "bhak-white-noise", "status": "verified", "reason": null, "corrections": null}
  [seoul #0] tool:confirm_show {"city": "seoul", "slug": "joeun-cloud-9", "status": "verified", "reason": null, "corrections": null}
  [seoul #0] tool:confirm_show {"city": "seoul", "slug": "gladstone-ed-atkins-1-day-in-space", "status": "corrected", "reason": "Exhibition page itself states the show ina
  [seoul #0] tool:confirm_show {"city": "seoul", "slug": "pace-kunath-nearest-faraway-place", "status": "verified", "reason": null, "corrections": null}
  [seoul #0] tool:confirm_show {"city": "seoul", "slug": "lehmann-maupin-kader-attia-irreparable-repairs", "status": "verified", "reason": null, "corrections": null}
  [seoul #0] tool:confirm_show {"city": "seoul", "slug": "ropac-baselitz-per-mano", "status": "verified", "reason": null, "corrections": null}
  [seoul #0] tool:confirm_show {"city": "seoul", "slug": "gallery-sp-chris-ro-once-upon-now", "status": "verified", "reason": "Dates (Aug 20\u2013Sep 30, 2026) confirmed o
  [seoul #0] tool:confirm_show {"city": "seoul", "slug": "wnd-son-jihyeong-at-the-point", "status": "verified", "reason": null, "corrections": null}
  [seoul #0] tool:confirm_show {"city": "seoul", "slug": "tw-room-ostranenie", "status": "verified", "reason": "Venue's own exhibition page could not be loaded via tool, b
  [seoul #6] Now for the final three: Leeahn Gallery (Umar Rashid), The Reference, and PYO Gallery.
  [seoul #6] server:web_search {"query": "Leeahn Gallery Seoul Umar Rashid \"Epoch of Totalitarianism\" 2026"}
  [seoul #6] server:web_search {"query": "\ub354\ub808\ud37c\ub7f0\uc2a4 \"Dear Collectors, Yes, You\" \ucd5c\uc131\uc784 \uac15\uc8fc\ub9ac \uc624\uc5f0\uc9c4"}
  [seoul #6] Both confirmed: Leeahn (Aug 31–Oct 17, 2026 exactly matches) and The Reference (Aug 6–Sep 5, 2026 exactly matches).
  [seoul #6] tool:confirm_show {"city": "seoul", "slug": "leeahn-umar-rashid", "status": "verified", "reason": "Confirmed via press (ftoday, art-culture.co.kr): Leeahn Gal
  [seoul #6] tool:confirm_show {"city": "seoul", "slug": "dear-collectors-yes-you", "status": "verified", "reason": "Confirmed via artbava.com listing: \"\ub354\ub808\ud37
  [seoul #1] tool:confirm_show {"city": "seoul", "slug": "gladstone-ed-atkins-1-day-in-space", "status": "corrected", "reason": "Retry with alternate address formatting fo
  [seoul #7] Now the last one: PYO Gallery Cha Minyoung "Whiffling".
  [seoul #7] server:web_search {"query": "PYO Gallery \ucc28\ubbfc\uc601 \"Whiffling\" 2026"}
  [seoul #7] server:web_fetch {"url": "https://www.pyogallery.com/exhibition"}
  [seoul #7] tool:confirm_show {"city": "seoul", "slug": "cha-minyoung-whiffling", "status": "verified", "reason": "Confirmed via Korean art press (artkoreatv.com) listing
  [seoul #2] All 11 saved Seoul shows have been audited against their venues' own pages (plus Artsy/Ocula/press as second sources) and verdicts recorded.

**Summary: 10 verified / 1 corrected / 0 unverified**

- *
[verify seoul/Hannam/Itaewon] done $1.60
  [seoul #8] **Summary: 12 verified / 0 corrected / 1 unverified**

The one unverified show was `artside-kim-hodeuk-subtracting` ("Subtracting and Subtracting Again" at Artside Gallery) — Artside's site is JS-rend
[verify seoul/Seochon/Tongui] done $1.74
  [seoul #1] server:web_fetch {"url": "https://primarypractice.kr/collaborators/anchorong"}
  [seoul #1] server:web_fetch {"url": "https://www.artdubai.ae/gallery/keumsan-gallery-2023/"}
  [seoul #1] server:web_fetch {"url": "https://primarypractice.kr/exhibitions"}
  [seoul #1] server:web_fetch {"url": "https://primarypractice.kr/exhibitions/flesh"}
  [seoul #1] server:web_fetch {"url": "http://www.keumsangallery.com/gallery/index.php"}
  [seoul #1] server:web_fetch {"url": "https://keumsan.org/gallery.php"}
  [seoul #1] server:web_fetch {"url": "http://www.keumsangallery.com/exhibitions/index.php"}
  [seoul #1] server:web_fetch {"url": "http://www.keumsan.org/bbs/board.php?bo_table=exhibitions&sca=Current"}
  [seoul #1] All shows checked against primary/venue sources. Now recording verdicts.
  [seoul #1] tool:confirm_show {"city": "seoul", "slug": "loop-vivi-zhu-untrustworthy-hearts", "status": "verified", "reason": null, "corrections": null}
  [seoul #1] tool:confirm_show {"city": "seoul", "slug": "doosan-yeoreum-jeong-the-plural", "status": "verified", "reason": null, "corrections": null}
  [seoul #1] tool:confirm_show {"city": "seoul", "slug": "piknic-company-world-affair", "status": "verified", "reason": null, "corrections": null}
  [seoul #1] tool:confirm_show {"city": "seoul", "slug": "arko-art-school", "status": "verified", "reason": null, "corrections": null}
  [seoul #1] tool:confirm_show {"city": "seoul", "slug": "keumsan-in-scale", "status": "verified", "reason": null, "corrections": null}
  [seoul #1] tool:confirm_show {"city": "seoul", "slug": "na-claires-camera", "status": "verified", "reason": null, "corrections": null}
  [seoul #1] tool:confirm_show {"city": "seoul", "slug": "primary-practice-art-of-loving", "status": "verified", "reason": null, "corrections": null}
  [seoul #1] tool:confirm_show {"city": "seoul", "slug": "sun-gallery-panvital-transcendentalism", "status": "verified", "reason": null, "corrections": null}
  [seoul #1] tool:confirm_show {"city": "seoul", "slug": "sun-gallery-the-cycle-incipit-obvious", "status": "verified", "reason": null, "corrections": null}
  [seoul #1] tool:confirm_show {"city": "seoul", "slug": "whitestone-soonik-kwon", "status": "verified", "reason": null, "corrections": null}
  [seoul #2] 10 verified / 0 corrected / 0 unverified
[verify seoul/Euljiro/Jung-gu] done $1.01
  [seoul #1] server:web_fetch {"url": "https://www.perrotin.com/exhibitions/current/seoul/5"}
  [seoul #1] server:web_search {"query": "Perrotin Seoul Mr. \"On the Threshold of Tomorrow\" September 2026"}
  [seoul #1] server:web_fetch {"url": "http://www.space22.co.kr/exhibition/exhibition1?seq=234"}
  [seoul #1] server:web_search {"query": "\"\uac15\ud64d\uad6c\" OR \"Kang Hong-goo\" \"Time of Photo\" Space22 2026"}
  [seoul #1] server:web_search {"query": "space22.co.kr"}
  [seoul #1] server:web_fetch {"url": "http://space22.co.kr/"}
  [seoul #1] server:web_search {"query": "Tang Contemporary Seoul Andrea Galvani \"Lost Garden of Heaven\""}
  [seoul #1] server:web_search {"query": "White Cube Seoul Marina Rheingantz M\u00edope"}
  [seoul #1] server:web_fetch {"url": "https://www.whitecube.com/gallery-exhibitions/theaster-gates-seoul-2026"}
  [seoul #1] server:web_fetch {"url": "https://ocula.com/cities/south-korea/seoul-art-galleries/exhibitions/"}
  [seoul #1] server:web_fetch {"url": "https://www.whitecube.com/exhibitions/seoul"}
  [seoul #1] server:web_fetch {"url": "https://ocula.com/art-galleries/white-cube/seoul/"}
  [seoul #1] server:web_search {"query": "Artsy White Cube Theaster Gates Seoul November December 2026"}
  [seoul #1] I've gathered enough evidence for all 8 shows. Let me now record the verification results.
  [seoul #1] tool:confirm_show {"city": "seoul", "slug": "galleryjj-kim-younghun-proxima", "status": "verified", "reason": null, "corrections": null}
  [seoul #1] tool:confirm_show {"city": "seoul", "slug": "em-on-paper", "status": "verified", "reason": null, "corrections": null}
  [seoul #1] tool:confirm_show {"city": "seoul", "slug": "opera-xevi-sola-one-year", "status": "corrected", "reason": "Opera Gallery's own event page shows this exhibition
  [seoul #1] tool:confirm_show {"city": "seoul", "slug": "perrotin-mr-threshold-tomorrow", "status": "verified", "reason": "Perrotin's own exhibition page is JS-rendered a
  [seoul #1] tool:confirm_show {"city": "seoul", "slug": "space22-time-of-photo", "status": "verified", "reason": null, "corrections": null}
  [seoul #1] tool:confirm_show {"city": "seoul", "slug": "tang-andrea-galvani", "status": "verified", "reason": "Venue's own site could not be loaded this session (fetch b
  [seoul #1] tool:confirm_show {"city": "seoul", "slug": "whitecube-marina-rheingantz", "status": "verified", "reason": null, "corrections": null}
  [seoul #1] tool:confirm_show {"city": "seoul", "slug": "whitecube-theaster-gates", "status": "corrected", "reason": "White Cube's own page still lists only \"Early Novem
  [seoul #2] The Opera Gallery address needs a geocodable format. Let me resubmit with a cleaner address string.
  [seoul #2] tool:confirm_show {"city": "seoul", "slug": "opera-xevi-sola-one-year", "status": "corrected", "reason": "Retry with simplified street address for geocoding: 
  [seoul #3] I made a typo in the hours field during that correction. Let me fix it.
  [seoul #3] tool:confirm_show {"city": "seoul", "slug": "opera-xevi-sola-one-year", "status": "corrected", "reason": "Fixing a typo introduced in the previous hours corre
  [seoul #4] All 8 Seoul shows have been audited against primary sources.

**Summary: 5 verified / 3 corrected / 0 unverified**

- **galleryjj-kim-younghun-proxima** — verified (dates confirmed on Gallery JJ's own
[verify seoul/Cheongdam/Apgujeong] done $1.57
{
  "city": "seoul",
  "zones": [
    "Samcheong/Bukchon",
    "Seochon/Tongui",
    "Hannam/Itaewon",
    "Cheongdam/Apgujeong",
    "Euljiro/Jung-gu",
    "Seongsu",
    "Yeonhui/Mapo"
  ],
  "run_spend_usd": 24.4424,
  "shows_total": 53,
  "remaining_todo": {
    "Samcheong/Bukchon": 0,
    "Seochon/Tongui": 0,
    "Hannam/Itaewon": 0,
    "Cheongdam/Apgujeong": 0,
    "Euljiro/Jung-gu": 0,
    "Seongsu": 0,
    "Yeonhui/Mapo": 0
  },
  "queue": {
    "Samcheong/Bukchon": {
      "zone": "Samcheong/Bukchon",
      "order": 0,
      "due": 0,
      "sessions_run": 2,
      "zero_progress": 0,
      "exhausted": true,
      "active": false,
      "why": "todo_empty"
    },
    "Seochon/Tongui": {
      "zone": "Seochon/Tongui",
      "order": 1,
      "due": 0,
      "sessions_run": 3,
      "zero_progress": 0,
      "exhausted": true,
      "active": false,
      "why": "todo_empty"
    },
    "Hannam/Itaewon": {
      "zone": "Hannam/Itaewon",
      "order": 2,
      "due": 0,
      "sessions_run": 3,
      "zero_progress": 0,
      "exhausted": true,
      "active": false,
      "why": "todo_empty"
    },
    "Cheongdam/Apgujeong": {
      "zone": "Cheongdam/Apgujeong",
      "order": 3,
      "due": 0,
      "sessions_run": 2,
      "zero_progress": 0,
      "exhausted": true,
      "active": false,
      "why": "todo_empty"
    },
    "Euljiro/Jung-gu": {
      "zone": "Euljiro/Jung-gu",
      "order": 4,
      "due": 0,
      "sessions_run": 2,
      "zero_progress": 0,
      "exhausted": true,
      "active": false,
      "why": "todo_empty"
    },
    "Seongsu": {
      "zone": "Seongsu",
      "order": 5,
      "due": 0,
      "sessions_run": 1,
      "zero_progress": 0,
      "exhausted": true,
      "active": false,
      "why": "todo_empty"
    },
    "Yeonhui/Mapo": {
      "zone": "Yeonhui/Mapo",
      "order": 6,
      "due": 0,
      "sessions_run": 1,
      "zero_progress": 0,
      "exhausted": true,
      "active": false,
      "why": "todo_empty"
    }
  },
  "sessions": [
    {
      "stage": "backfill",
      "venue_id": "art-sonje-center"
    },
    {
      "stage": "backfill",
      "venue_id": "artside"
    },
    {
      "stage": "backfill",
      "venue_id": "barakat-contemporary"
    },
    {
      "stage": "backfill",
      "venue_id": "boan1942"
    },
    {
      "stage": "backfill",
      "venue_id": "drawingroom"
    },
    {
      "stage": "backfill",
      "venue_id": "factory2"
    },
    {
      "stage": "backfill",
      "venue_id": "gallery-chosun"
    },
    {
      "stage": "backfill",
      "venue_id": "gallery-hyundai"
    },
    {
      "stage": "backfill",
      "venue_id": "amado-art-space-lab"
    },
    {
      "stage": "backfill",
      "venue_id": "duarte-sequeira-seoul"
    },
    {
      "stage": "backfill",
      "venue_id": "esther-schipper-seoul"
    },
    {
      "stage": "backfill",
      "venue_id": "gallery-baton"
    },
    {
      "stage": "backfill",
      "venue_id": "gallery-bhak"
    },
    {
      "stage": "backfill",
      "venue_id": "gallery-bk"
    },
    {
      "stage": "backfill",
      "venue_id": "gallery-erd"
    },
    {
      "stage": "backfill",
      "venue_id": "gallery-joeun"
    },
    {
      "stage": "backfill",
      "venue_id": "alternative-space-loop"
    },
    {
      "stage": "backfill",
      "venue_id": "arko-art-center"
    },
    {
      "stage": "backfill",
      "venue_id": "cadalogs"
    },
    {
      "stage": "backfill",
      "venue_id": "d-p"
    },
    {
      "stage": "backfill",
      "venue_id": "doosan-gallery-seoul"
    },
    {
      "stage": "backfill",
      "venue_id": "keumsan"
    },
    {
      "stage": "backfill",
      "venue_id": "n-a"
    },
    {
      "stage": "backfill",
      "venue_id": "piknic"
    },
    {
      "stage": "scrape",
      "zone": "Hannam/Itaewon",
      "session": 1,
      "todo": 8,
      "saved": 4,
      "skipped": 4,
      "exit": 0,
      "label": "deep-seoul-hannam-itaewon-1788557165",
      "venue_ids": [
        "amado-art-space-lab",
        "duarte-sequeira-seoul",
        "esther-schipper-seoul",
        "gallery-baton",
        "gallery-bhak",
        "gallery-bk",
        "gallery-erd",
        "gallery-joeun"
      ],
      "started_ts": 1788557165,
      "ended_ts": 1788557465
    },
    {
      "stage": "backfill",
      "venue_id": "313-art-project"
    },
    {
      "stage": "backfill",
      "venue_id": "bb-and-m"
    },
    {
      "stage": "backfill",
      "venue_id": "futura-seoul"
    },
    {
      "stage": "backfill",
      "venue_id": "gallery-k-o-n-g"
    },
    {
      "stage": "backfill",
      "venue_id": "gallery-kiche"
    },
    {
      "stage": "backfill",
      "venue_id": "gallery2"
    },
    {
      "stage": "backfill",
      "venue_id": "jason-haam"
    },
    {
      "stage": "backfill",
      "venue_id": "museumhead"
    },
    {
      "stage": "scrape",
      "zone": "Seochon/Tongui",
      "session": 1,
      "todo": 8,
      "saved": 4,
      "skipped": 5,
      "exit": 0,
      "label": "deep-seoul-seochon-tongui-1788557142",
      "venue_ids": [
        "art-sonje-center",
        "artside",
        "barakat-contemporary",
        "boan1942",
        "drawingroom",
        "factory2",
        "gallery-chosun",
        "gallery-hyundai"
      ],
      "started_ts": 1788557142,
      "ended_ts": 1788557690
    },
    {
      "stage": "backfill",
      "venue_id": "a-lounge"
    },
    {
      "stage": "backfill",
      "venue_id": "everyday-mooonday"
    },
    {
      "stage": "backfill",
      "venue_id": "gallery-jj"
    },
    {
      "stage": "backfill",
      "venue_id": "noblesse-collection"
    },
    {
      "stage": "backfill",
      "venue_id": "opera-gallery-seoul"
    },
    {
      "stage": "backfill",
      "venue_id": "perrotin-seoul"
    },
    {
      "stage": "backfill",
      "venue_id": "platform-l-contemporary-art-center"
    },
    {
      "stage": "backfill",
      "venue_id": "space22"
    },
    {
      "stage": "scrape",
      "zone": "Euljiro/Jung-gu",
      "session": 1,
      "todo": 8,
      "saved": 6,
      "skipped": 2,
      "exit": 0,
      "label": "deep-seoul-euljiro-jung-gu-1788557188",
      "venue_ids": [
        "alternative-space-loop",
        "arko-art-center",
        "cadalogs",
        "d-p",
        "doosan-gallery-seoul",
        "keumsan",
        "n-a",
        "piknic"
      ],
      "started_ts": 1788557188,
      "ended_ts": 1788557707
    },
    {
      "stage": "backfill",
      "venue_id": "chapter-ii"
    },
    {
      "stage": "backfill",
      "venue_id": "choi-and-choi"
    },
    {
      "stage": "backfill",
      "venue_id": "cr-collective"
    },
    {
      "stage": "backfill",
      "venue_id": "post-territory-ujeongguk"
    },
    {
      "stage": "backfill",
      "venue_id": "space-k-seoul"
    },
    {
      "stage": "scrape",
      "zone": "Samcheong/Bukchon",
      "session": 1,
      "todo": 8,
      "saved": 5,
      "skipped": 3,
      "exit": 0,
      "label": "deep-seoul-samcheong-bukchon-1788557465",
      "venue_ids": [
        "313-art-project",
        "bb-and-m",
        "futura-seoul",
        "gallery-k-o-n-g",
        "gallery-kiche",
        "gallery2",
        "jason-haam",
        "museumhead"
      ],
      "started_ts": 1788557465,
      "ended_ts": 1788557831
    },
    {
      "stage": "backfill",
      "venue_id": "page"
    },
    {
      "stage": "scrape",
      "zone": "Yeonhui/Mapo",
      "session": 1,
      "todo": 5,
      "saved": 3,
      "skipped": 2,
      "exit": 0,
      "label": "deep-seoul-yeonhui-mapo-1788557707",
      "venue_ids": [
        "chapter-ii",
        "choi-and-choi",
        "cr-collective",
        "post-territory-ujeongguk",
        "space-k-seoul"
      ],
      "started_ts": 1788557707,
      "ended_ts": 1788557927
    },
    {
      "stage": "backfill",
      "venue_id": "gallery-simon"
    },
    {
      "stage": "backfill",
      "venue_id": "hakgojae"
    },
    {
      "stage": "backfill",
      "venue_id": "ilwoo-space"
    },
    {
      "stage": "backfill",
      "venue_id": "jinsun"
    },
    {
      "stage": "backfill",
      "venue_id": "kukje"
    },
    {
      "stage": "backfill",
      "venue_id": "leeahn-gallery-seoul"
    },
    {
      "stage": "backfill",
      "venue_id": "massimodecarlo-seoul"
    },
    {
      "stage": "backfill",
      "venue_id": "one-and-j"
    },
    {
      "stage": "scrape",
      "zone": "Seongsu",
      "session": 1,
      "todo": 1,
      "saved": 1,
      "skipped": 0,
      "exit": 0,
      "label": "deep-seoul-seongsu-1788557831",
      "venue_ids": [
        "page"
      ],
      "started_ts": 1788557831,
      "ended_ts": 1788557958
    },
    {
      "stage": "backfill",
      "venue_id": "gallery-shilla-seoul"
    },
    {
      "stage": "backfill",
      "venue_id": "gallery-sp"
    },
    {
      "stage": "backfill",
      "venue_id": "gladstone-gallery-seoul"
    },
    {
      "stage": "backfill",
      "venue_id": "lehmann-maupin-seoul"
    },
    {
      "stage": "backfill",
      "venue_id": "pace-gallery-seoul"
    },
    {
      "stage": "backfill",
      "venue_id": "space-willing-n-dealing"
    },
    {
      "stage": "backfill",
      "venue_id": "thaddaeus-ropac-seoul"
    },
    {
      "stage": "backfill",
      "venue_id": "thisweekendroom"
    },
    {
      "stage": "scrape",
      "zone": "Cheongdam/Apgujeong",
      "session": 1,
      "todo": 8,
      "saved": 5,
      "skipped": 3,
      "exit": 0,
      "label": "deep-seoul-cheongdam-apgujeong-1788557690",
      "venue_ids": [
        "a-lounge",
        "everyday-mooonday",
        "gallery-jj",
        "noblesse-collection",
        "opera-gallery-seoul",
        "perrotin-seoul",
        "platform-l-contemporary-art-center",
        "space22"
      ],
      "started_ts": 1788557690,
      "ended_ts": 1788558094
    },
    {
      "stage": "backfill",
      "venue_id": "primary-practice"
    },
    {
      "stage": "backfill",
      "venue_id": "ps-center"
    },
    {
      "stage": "backfill",
      "venue_id": "sun"
    },
    {
      "stage": "backfill",
      "venue_id": "whitestone-gallery-seoul"
    },
    {
      "stage": "scrape",
      "zone": "Hannam/Itaewon",
      "session": 2,
      "todo": 8,
      "saved": 7,
      "skipped": 1,
      "exit": 0,
      "label": "deep-seoul-hannam-itaewon-1788557959",
      "venue_ids": [
        "gallery-shilla-seoul",
        "gallery-sp",
        "gladstone-gallery-seoul",
        "lehmann-maupin-seoul",
        "pace-gallery-seoul",
        "space-willing-n-dealing",
        "thaddaeus-ropac-seoul",
        "thisweekendroom"
      ],
      "started_ts": 1788557959,
      "ended_ts": 1788558291
    },
    {
      "stage": "backfill",
      "venue_id": "pibi"
    },
    {
      "stage": "backfill",
      "venue_id": "pkm"
    },
    {
      "stage": "backfill",
      "venue_id": "space-so"
    },
    {
      "stage": "scrape",
      "zone": "Seochon/Tongui",
      "session": 2,
      "todo": 8,
      "saved": 7,
      "skipped": 3,
      "exit": 0,
      "label": "deep-seoul-seochon-tongui-1788557927",
      "venue_ids": [
        "gallery-simon",
        "hakgojae",
        "ilwoo-space",
        "jinsun",
        "kukje",
        "leeahn-gallery-seoul",
        "massimodecarlo-seoul",
        "one-and-j"
      ],
      "started_ts": 1788557927,
      "ended_ts": 1788558388
    },
    {
      "stage": "backfill",
      "venue_id": "tang-contemporary-art-seoul"
    },
    {
      "stage": "backfill",
      "venue_id": "white-cube-seoul"
    },
    {
      "stage": "scrape",
      "zone": "Euljiro/Jung-gu",
      "session": 2,
      "todo": 4,
      "saved": 4,
      "skipped": 1,
      "exit": 0,
      "label": "deep-seoul-euljiro-jung-gu-1788558095",
      "venue_ids": [
        "primary-practice",
        "ps-center",
        "sun",
        "whitestone-gallery-seoul"
      ],
      "started_ts": 1788558095,
      "ended_ts": 1788558402
    },
    {
      "stage": "backfill",
      "venue_id": "project-space-sarubia"
    },
    {
      "stage": "backfill",
      "venue_id": "pyo"
    },
    {
      "stage": "backfill",
      "venue_id": "reference"
    },
    {
      "stage": "backfill",
      "venue_id": "ryugaheon"
    },
    {
      "stage": "scrape",
      "zone": "Samcheong/Bukchon",
      "session": 2,
      "todo": 3,
      "saved": 2,
      "skipped": 1,
      "exit": 0,
      "label": "deep-seoul-samcheong-bukchon-1788558291",
      "venue_ids": [
        "pibi",
        "pkm",
        "space-so"
      ],
      "started_ts": 1788558291,
      "ended_ts": 1788558536
    },
    {
      "stage": "backfill",
      "venue_id": "white-noise"
    },
    {
      "stage": "scrape",
      "zone": "Cheongdam/Apgujeong",
      "session": 2,
      "todo": 2,
      "saved": 3,
      "skipped": 0,
      "exit": 0,
      "label": "deep-seoul-cheongdam-apgujeong-1788558388",
      "venue_ids": [
        "tang-contemporary-art-seoul",
        "white-cube-seoul"
      ],
      "started_ts": 1788558388,
      "ended_ts": 1788558594
    },
    {
      "stage": "scrape",
      "zone": "Hannam/Itaewon",
      "session": 3,
      "todo": 1,
      "saved": 0,
      "skipped": 1,
      "exit": 0,
      "label": "deep-seoul-hannam-itaewon-1788558536",
      "venue_ids": [
        "white-noise"
      ],
      "started_ts": 1788558536,
      "ended_ts": 1788558608
    },
    {
      "stage": "scrape",
      "zone": "Seochon/Tongui",
      "session": 3,
      "todo": 4,
      "saved": 2,
      "skipped": 2,
      "exit": 0,
      "label": "deep-seoul-seochon-tongui-1788558402",
      "venue_ids": [
        "project-space-sarubia",
        "pyo",
        "reference",
        "ryugaheon"
      ],
      "started_ts": 1788558402,
      "ended_ts": 1788558753
    }
  ],
  "verification": {
    "seoul": {
      "verified": 49,
      "corrected": 3,
      "unverified": 1,
      "unchecked": [],
      "published": 50,
      "pending": [
        {
          "slug": "artside-kim-hodeuk-subtracting",
          "venue": "Artside Gallery",
          "reason": "Could not confirm this exhibition or its dates on Artside's own site (JS-rendered, no accessible exhibition page) or via Artsy/Ocula/press — no independent source found for \"Subtracting and Subtracting Again.\""
        },
        {
          "slug": "gladstone-ed-atkins-1-day-in-space",
          "venue": "Gladstone Gallery Seoul",
          "reason": "Retry with alternate address formatting for geocoding: Gladstone's new Seoul space (inaugurated by this Ed Atkins show) is in the Hannam Building at 739-28 Hannam-dong, Yongsan-gu, Seoul, per ArtNews reporting and Gladstone's own site listing \"1 Itaewon-ro 55ga-gil, Yongsan-gu, Seoul.\""
        },
        {
          "slug": "whitecube-theaster-gates",
          "venue": "White Cube Seoul",
          "reason": "White Cube's own page still lists only \"Early November – December 2026\" with no exact dates. Ocula's White Cube exhibition listings give 4 November–18 December 2026 (a second Ocula city-guide page shows 5 November, a one-day discrepancy on the start date, but both agree on the 18 December close); used as best available secondary confirmation per date-fill rules."
        }
      ]
    }
  },
  "manifest": "/mnt/c/Projects/260903_GalleryBrowser/GalleryBrowser/content/spend/deep_run-seoul-1788557142.json"
}
seoul: 53 shows, 0 with a published blurb, 0 venue objects updated, 0 without venue_id
seoul: 76 verified venues -> /mnt/c/Projects/260903_GalleryBrowser/GalleryBrowser/scraper/run_deep.py --city seoul --venue-ids @/mnt/c/Projects/260903_GalleryBrowser/GalleryBrowser/content/expansion/seoul/shows-ids.txt --force-due --total-budget 70.0 --session-budget 4.5 --session-todo 8 --workers 3 --no-report
